Open Watcom Linker Version 1.9
Portions Copyright (c) 1985-2002 Sybase, Inc. All Rights Reserved.
Created on:       14/06/13 16:31:40
Executable Image: ..\sam8os2t.exe
creating an OS/2 32-bit executable


                        +------------+
                        |   Groups   |
                        +------------+

Group                           Address              Size
=====                           =======              ====

DGROUP                          0003:00000000        0002ae50



                        +--------------+
                        |   Segments   |
                        +--------------+

Segment                Class          Group          Address         Size
=======                =====          =====          =======         ====

_TEXT16                CODE           AUTO           0001:00000000   00000068
BEGTEXT                CODE           AUTO           0002:00000000   00000007
_TEXT                  CODE           AUTO           0002:00000010   00063a40
_NULL                  BEGDATA        DGROUP         0003:00000000   00000004
_AFTERNULL             BEGDATA        DGROUP         0003:00000004   00000000
CONST                  DATA           DGROUP         0003:00000004   000000ac
CONST2                 DATA           DGROUP         0003:000000b0   00000000
_DATA                  DATA           DGROUP         0003:000000b0   00008390
XIB                    DATA           DGROUP         0003:00008440   00000000
XI                     DATA           DGROUP         0003:00008440   00000048
XIE                    DATA           DGROUP         0003:00008488   00000000
YIB                    DATA           DGROUP         0003:00008488   00000000
YI                     DATA           DGROUP         0003:00008488   00000024
YIE                    DATA           DGROUP         0003:000084ac   00000000
TIB                    DATA           DGROUP         0003:000084ac   00000000
TI                     DATA           DGROUP         0003:000084ac   00000000
TIE                    DATA           DGROUP         0003:000084ac   00000000
DATA                   DATA           DGROUP         0003:000084ac   00000000
_BSS                   BSS            DGROUP         0003:000084ac   00002998
stack                  STACK          DGROUP         0003:0000ae50   00020000


                        +----------------+
                        |   Memory Map   |
                        +----------------+

* = unreferenced symbol
+ = symbol only referenced locally

Address        Symbol
=======        ======

Module: sam8.obj(H:\c\sam8\sam8.c)
0002:00000f6e  main_
0002:00001160  samStartupLogo_
0002:0000131e  samMultiCommand_
0003:000000b0+ _SAM_anchor
0003:000000fc  _sama
0003:00000100  _switchhelp
0003:00000180  _cmdhelptxt
Module: sam8win.obj(H:\c\sam8\sam8win.c)
0002:00004997  samWindowed_
Module: j:\ow19/lib386/os2\clib3r.lib(stk)
0002:00005c11  __STK
0002:00005c01  __CHK
0002:00005c40  __GRO
0002:00005c30* __STKOVERFLOW_
Module: ..\..\..\txlib\_txall_\lib\txos2t.lib(H:\c\txlib\txtrace.c)
0003:00000b5c  _TxTrLevel
0003:00000b60  _TxTrSlowDown
0003:00000b64  _TxTrLogOnly
0003:00000b68  _TxTrTstamp
0003:00000b6c  _TxTrIndent
0002:00005d3c  TxTraceInitMain_
0002:00005ec0  TxTraceEnter_
0002:00005efd  TxTraceReturn_
0002:00005f60  TxTraceRetBool_
0002:00005fc9  TxTraceRetVoid_
0002:0000601a  TxTraceLeader_
Module: ..\..\..\txlib\_txall_\lib\txos2t.lib(H:\c\txlib\txcon.c)
0003:00000beb  _txh_clean
0003:00000bef  _txh_raw
0002:00006199  TxSetAscii7Mode_
0002:00006202  TxGetAscii7Mode_
0002:00006208  TxSetAnsiMode_
0002:00006224  TxGetAnsiMode_
0002:0000622a  TxScreenState_
0002:00006239  TxLogfileState_
0002:00006248  TxSetLogMaxSize_
0002:0000624e  TxSetLogRetain_
0002:00006254  TxPrint_
0002:000064d1  TxStripAnsiCodes_
0002:00006518  TxClaimKeyboard_
0002:000065e0  TxCancelAbort_
0002:00006697  TxSetPendingAbort_
0002:00006751  TxAbort_
0002:00006853  TxConfirm_
0002:00006884  TxwConfirm_
0002:00006a32  TxMessage_
0002:00006a68  TxwMessage_
0003:00000c14  _ansi
Module: ..\..\..\txlib\_txall_\lib\txos2t.lib(H:\c\txlib\txparse.c)
0003:00001db4  _txacur
0003:00001db8+ _txa1st
0002:00007000* TxaOptionLongName_
0002:00007156  TxaParseArgcArgv_
0002:00007287  TxaParseNumber_
0002:000075a9  txaReadAndStoreItem_
0002:00007dae  TxaNewParseElement_
0002:00007dfc  TxaDropParsedCommand_
0002:000080d1  TxaGetOption_
0002:000081bd  TxaOptionYes_
0002:00008244  TxaOptionStr_
0002:000082a3  TxaOptionNum_
0002:00008302  TxaOptionBkmg_
0002:00008492  TxaGetArgv_
0002:00008509  TxaGetArgc_
0002:0000851f* TxaGetOptc_
0002:000085e9  txaHandle2Element_
0002:00008626+ txaCopyItem_
Module: ..\..\..\txlib\_txall_\lib\txos2t.lib(H:\c\txlib\txparse2.c)
0002:00008ade  TxaParseCommandString_
0002:00008d46  TxaSetItem_
0002:00008ec2* TxaReParseCommand_
0002:00008fe9* TxaOptionAsString_
0002:00009128  TxaOutputVerbosity_
0002:00009293  TxaErrorStrategy_
0002:00009392* TxSetNumberRadix_
0002:000093f5* TxGetNumberRadix_
0002:000093fe  TxaParseBool_
0002:00009507  TxaGetArgString_
0002:00009948* TxaGetComment_
0002:00009a3b* TxaMutualX_
0002:00009c64  TxaShowParsedCommand_
0002:00009e35+ txaParseNextItem_
Module: ..\..\..\txlib\_txall_\lib\txos2t.lib(H:\c\txlib\txwiop.c)
0002:0000a012  TxScreenTerminate_
0002:0000a012  TxScreenInitialize_
0002:0000a015  TxScreenCols_
0002:0000a067  TxCursorCol_
0002:0000a0b7  TxScreenRows_
0002:0000a10a  TxCursorRow_
0002:0000a137  TxSetCursorPos_
0002:0000a16f  TxSetCursorStyle_
0002:0000a1ff  TxSetBrightBgMode_
0002:0000a248  txwScrDrawCharString_
0002:0000a31c  txwScrDrawCharStrCol_
0002:0000a403  txwScrDrawCellString_
0002:0000a54b  txwScrReadCellString_
0002:0000a5b2  txwScrShadowRectangle_
0002:0000a6b9  txwScrFillRectangle_
0002:0000a786  txwScrScrollRectangle_
0002:0000a834  txwScrVisibleLines_
Module: ..\..\..\txlib\_txall_\lib\txos2t.lib(H:\c\txlib\txlib.c)
0002:0000a866  TxLibraryInit_
0002:0000a9dd  TxLibraryExit_
0002:0000a9ff* TxPrintTerminate_
0002:0000aa00+ TxPrintInit_
0003:000022bc+ _txwanchor
0003:00002468  _txwa
Module: ..\..\..\txlib\_txall_\lib\txos2t.lib(H:\c\txlib\txlogfil.c)
0002:0000ab31  TxAppendToLogFile_
0002:0000ac7d  TxSetLogReOpen_
0002:0000ac83  TxCloseReopenLogFile_
0002:0000acce  TxQueryLogFile_
0002:0000aced  TxQueryLogName_
0002:0000acfe  TxBuildLogName_
0002:0000ad6f+ TxAutoNumberedFname_
Module: ..\..\..\txlib\_txall_\lib\txos2t.lib(H:\c\txlib\txdisp.c)
0002:0000ae82* TxDisplAscDump_
0002:0000aecc  TxDisplHexDump_
0002:0000aee1+ TxDisplayHex_
0002:0000b09c* TxDispLongHex_
0002:0000b21c  TxPrintable_
0002:0000b233* TxPrintSafe_
0002:0000b25b  TxShowTxt_
Module: ..\..\..\txlib\_txall_\lib\txos2t.lib(H:\c\txlib\txwdraw2.c)
0002:0000b38f  txwSetSbviewStatus_
0002:0000b4a6* txwDefaultStatusShow_
0002:0000b4b9  txwSetDesktopTopLine_
0002:0000b5a7* txwDrawCharString_
0002:0000b6ee  txwDrawCharStrCol_
0002:0000b737* txwDrawCellString_
0002:0000b77e  txwFillClientWindow_
0002:0000b8af* txwScrollClientWindow_
0002:0000b9f5  txwSetCursorPos_
0002:0000bb3e  txwSetCursorStyle_
Module: j:\ow19/lib386/os2\clib3r.lib(strstr.c)
0002:0000bcb0  strstr_
Module: ..\..\..\txlib\_txall_\lib\txos2t.lib(H:\c\txlib\txwmsg.c)
0003:000025c2+ _txw_hkeyboard
0002:0000c0b5  kbhit_
0002:0000c4d5  TxInputInitialize_
0002:0000c854  TxInputDesktopInit_
0002:0000c9a2  TxInputTerminate_
0002:0000ca2d  txwGetInputEvent_
0002:0000ca67  txwNotifyAsyncInput_
0002:0000cb2b  txwGetMsg_
0002:0000cd7e  txwDispatchMsg_
0002:0000ce4e  txwSendMsg_
0002:0000d03d  txwPostMsg_
0002:0000d284  txwDestroyMessages_
0002:0000d4bc  txwQueueMsgPresent_
0002:0000d54c  txwSetAccelerator_
0002:0000d700+ txwTranslateAccel_
Module: j:\ow19/lib386/os2\clib3r.lib(strncat.c)
0002:0000d960  strncat_
Module: ..\..\..\txlib\_txall_\lib\txos2t.lib(H:\c\txlib\txslexpr.c)
0002:0000e996  txsResolveVariables_
0002:0000eff7  txsResolveExpressions_
0002:0000f799  txsEvaluateExpr_
0002:00013527  txsNextToken_
0002:00013730  txsVal2Bool_
0002:000138d1  txsVal2Num_
0002:00013a3a+ txsVal2Str_
0002:00013ba0  txsVal2Zero_
0002:00013fa2+ txsParseLlongNumber_
0002:0001446e  TxsExprError_
Module: j:\ow19/lib386/os2\clib3r.lib(_istrcc_.asm)
0002:000144fc  strcasecmp_
Module: j:\ow19/lib386/os2\clib3r.lib(time.c)
0002:00014510  time_
Module: j:\ow19/lib386/os2\clib3r.lib(localtim.c)
0002:00014550+ _localtime_
0002:000145b0  localtime_
Module: j:\ow19/lib386/os2\clib3r.lib(strftime.c)
0002:0001482d  strftime_
Module: ..\..\..\txlib\_txall_\lib\txos2t.lib(H:\c\txlib\txstdcmd.c)
0002:000164db  TxStdCommand_
0002:000179ce+ TxSetPriority_
Module: ..\..\..\txlib\_txall_\lib\txos2t.lib(H:\c\txlib\txwind.c)
0002:000184c8  txwInitializeDesktop_
0002:00018910  txwTerminateDesktop_
0002:00018a83  txwIsWindow_
0002:00018a95  txwQueryWindow_
0002:00018c0e  txwWindowData_
0002:00018c21  txwSetupWindowData_
0002:00018f8d  txwCreateWindow_
0002:000197f6  txwDestroyWindow_
0002:00019d28  txwSetFocus_
0002:0001a044  txwEnableWindow_
0002:0001a1ab  txwIsWindowEnabled_
0002:0001a287  txwShowWindow_
0002:0001a53b+ txwIsWindowVisible_
0002:0001a622  txwIsWindowShowing_
0002:0001a706  txwIsRectShowing_
0002:0001a8a0  txwFindNextFocus_
0002:0001ac3e  txwFindPrevFocus_
0002:0001afdc  txwInvalidateAll_
0002:0001b0ae  txwInvalidateWindow_
0002:0001b2d5  txwInvalidateBorder_
0002:0001b3d6  txwQueryWindowPos_
0002:0001b586  txwQueryWindowRect_
0002:0001b73b  txwQueryWindowUShort_
0002:0001b7bd* txwQueryWindowULong_
0002:0001b7bd  txwQueryWindowPtr_
0002:0001b8e6  txwSetWindowUShort_
0002:0001b975* txwSetWindowULong_
0002:0001b975  txwSetWindowPtr_
0002:0001baa2  txwSetWindowPos_
0002:0001c2a7  txwWindowFromID_
0003:000025e4  _txVbuf
Module: j:\ow19/lib386/os2\clib3r.lib(sprintf.c)
0002:0001c3e0  sprintf_
Module: ..\..\..\txlib\_txall_\lib\txos2t.lib(H:\c\txlib\txosver.c)
0002:0001c4df  TxOsVersion_
0002:0001c8b1  txVersionString_
Module: ..\..\..\txlib\_txall_\lib\txos2t.lib(H:\c\txlib\txextcmd.c)
0002:0001c9ec  TxExternalCommand_
0002:0001cbea+ txcExecStdOutPipe_
Module: j:\ow19/lib386/os2\clib3r.lib(cstart)
0002:0001d02a  _cstart_
Module: j:\ow19/lib386/os2\clib3r.lib(fltused.c)
0003:00002684  _fltused_
Module: j:\ow19/lib386/os2\emu387.lib(386)
0002:0001d090  __init_387_emulator
0002:0001d091* __fini_387_emulator
Module: j:\ow19/lib386/os2\clib3r.lib(_8087)
0003:00002688  __8087
0003:00002689  __real87
Module: j:\ow19/lib386/os2\clib3r.lib(argcv.c)
0003:0000a5d0  __argc
0003:0000a5d4  __argv
0003:0000a5d8  ___argc
0003:0000a5dc  ___argv
Module: ..\..\..\txlib\_txall_\lib\txos2t.lib(H:\c\txlib\txwhelp.c)
0002:0002158d  txwHelpDialog_
0002:00022883* txwSetLoadedHelpBaseId_
0002:0002295d* txwLoadRegisterHelpFile_
0002:00022b2d  txwRegisterHelpText_
0002:00022c01* txwGetHelpText_
0002:00022d25  txwTerminateHelpManager_
Module: ..\..\..\txlib\_txall_\lib\txos2t.lib(H:\c\txlib\txwsbuf.c)
0002:000248bf* txwSbViewFindRequest_
0002:000249de  txwInitPrintfSBHook_
0002:00024c6a  txwTermPrintfSBHook_
0002:000254ff  txwPaintSbView_
0002:0002570b  txwSavePrintfSB_
0002:000259b0  txwSbViewWinProc_
Module: ..\..\..\txlib\_txall_\lib\txos2t.lib(H:\c\txlib\txwutil.c)
0002:00027911  txwValidateHandle_
0002:0002797e  txwValidateAndClip_
0002:00027a0f  txwBeginEnumWindows_
0002:00027af5  txwEndEnumWindows_
0002:00027c1b  txwGetNextWindow_
0002:00027d0d+ txwIsChild_
0002:00027d47  txwIsDescendant_
0002:00027d7f  txwIsMinimized_
0002:00027e7b  txwResetAutoRadioGroup_
0002:0002810d  txwIsAccelCandidate_
0002:00028361  txwMsgDescription_
0002:000288d9  txwKeyDescription_
0002:00028fc4  txwClassDescription_
0002:000291e1  txwWusDescription_
0002:0002921b  txwWbsDescription_
0002:00029391  txwDumpWindows_
0002:000294a9  txwTopWindowAtPos_
0002:000295fa  txwSetCapture_
0002:000296d3  txwQueryCapture_
0002:00029795  txwInRectangle_
0002:000297ba  txwIntersectRect_
0002:00029823+ txwOverlappingRect_
0002:0002986f* txwUniteRect_
0002:000298ba  txwExclusionRectangles_
0002:00029beb  txwNormalRect_
0002:00029c6e  txwMoveSizeRect_
0002:00029cab  txwCalculateStringClip_
0002:00029d1c  txwVisibleLineRegions_
0002:00029de9  txwAdd2History_
0002:00029f0f  txwInitializeHistory_
0002:0002a0b6  txwTerminateHistory_
0002:0002a22c  TxSelistHistory_
0002:0002a6f8  txwGetHistory_
0002:0002a8b8+ txwPutHistory_
0002:0002aa69  txwDelCurrentHistory_
0002:0002abdd  txwFindHistory_
0002:0002ad84  txwRfndHistory_
0002:0002af32+ txwSortHistory_
0002:0002b04c* txwDlgUs2Field_
0002:0002b087* txwDlgUl2Field_
0002:0002b0bf* txwDlgField2Us_
0002:0002b0fc* txwDlgField2Ul_
0002:0002b129* txwSbColorStyle_
0002:0002b1ee  txwListSort2frhText_
Module: j:\ow19/lib386/os2\clib3r.lib(tolower.c)
0002:0002b520  tolower_
Module: ..\..\..\txlib\_txall_\lib\txos2t.lib(H:\c\txlib\txwstdlg.c)
0002:0002e927  txwInitStandardDialogs_
0002:0002ea2a  txwTermStandardDialogs_
0002:0002eafa  txwMessageBoxWidgets_
0002:0002fa65  txwPromptBox_
0002:00030311  txwListBox_
0002:0003091d  txwPositionListBox_
0002:00030e0f  txwMenuBar_
0002:000316c6  txwViewText_
0002:00031988  txwOpenFileDialog_
0002:00031c97  txwSaveAsFileDialog_
0002:00031f90  txwSelDirFileDialog_
0002:0003219a+ txwStdFileDialog_
0002:00033101+ txwDefFileDlgProc_
0003:000054c4  _txwstd_footer
0003:00005500+ _txwfld_footer
Module: ..\..\..\txlib\_txall_\lib\txos2t.lib(H:\c\txlib\txscript.c)
0002:00036dbc* TxsNativeRun_
0002:00039f60+ txsSubstituteParams_
0002:0003a166  TxsValidateScript_
0002:0003a3dd* TxsRexxRun_
0002:0003a974* TxsRexxSetnum_
0002:0003aa04+ TxsRexxSetvar_
0003:0000a624+ _txRexxRegExit
0003:0000a628+ _txRexxRegExe
0003:0000a62c+ _txRexxDereg
0003:0000a630+ _txRexxVarPool
0003:0000a634+ _txRexxDeregEx
0003:0000a638+ _txRexxStart
Module: ..\..\..\txlib\_txall_\lib\txos2t.lib(H:\c\txlib\txwproc.c)
0002:0003b374  txwDefWindowProc_
0002:0003b646  txwDefDlgProc_
0002:0003d3c7  txwMouseButtonDown_
0002:0003dd25  txwDismissDlg_
0002:0003de63+ txwCreateDlg_
0002:0003dfe1+ txwProcessDlg_
0002:0003e192  txwDlgBox_
Module: j:\ow19/lib386/os2\clib3r.lib(xmsgo32.c)
0002:0003e290+ __exit_with_msg_
0002:0003e2e0  __fatal_runtime_error_
Module: j:\ow19/lib386/os2\clib3r.lib(maino32.c)
0003:00005ca8  ___FirstThreadData
0003:00005cac  ___GetThreadPtr
0003:00005cb0  __AccessFileH
0003:00005cb4  __ReleaseFileH
0003:00005cb8  __AccessIOB
0003:00005cbc  __ReleaseIOB
0003:00005cc0  __AccessNHeap
0003:00005cc4  __AccessFHeap
0003:00005cc8  __ReleaseNHeap
0003:00005ccc  __ReleaseFHeap
0002:0003e306  __threadstack_
0002:0003e30d  __threadid_
0002:0003e314  __OS2MainInit_
0002:0003e383+ __OS2Init_
0002:0003e3c1* __OS2Fini_
0002:0003e3c9* __shutdown_stack_checking_
0002:0003e3de  __exit_
0003:00005cd0  __AccessTDList
0003:00005cd4  __ReleaseTDList
0003:00005cd8  ___sig_init_rtn
0003:00005cdc  ___sig_fini_rtn
0003:00005ce0  __threadstksize
0003:00005ce4  ___process_fini
0003:0000aa90  ___Is_DLL
0003:0000aa94+ ___saved_CS
Module: j:\ow19/lib386/os2\clib3r.lib(istable.c)
0002:0003e430  __IsTable
Module: j:\ow19/lib386/os2\clib3r.lib(getenv.c)
0002:0003e540  getenv_
Module: j:\ow19/lib386/os2\clib3r.lib(strncmp.c)
0002:0003e5d0  strncmp_
Module: j:\ow19/lib386/os2\clib3r.lib(atol.c)
0002:0003e600  atol_
Module: j:\ow19/lib386/os2\clib3r.lib(clocko32.c)
0002:0003e649  clock_
Module: j:\ow19/lib386/os2\clib3r.lib(calloc.c)
0002:0003e690  calloc_
Module: j:\ow19/lib386/os2\clib3r.lib(vsprintf.c)
0002:0003e6d0  vsprintf_
Module: ..\..\..\txlib\_txall_\lib\txos2t.lib(H:\c\txlib\txutil.c)
0002:0003e6e5* TxAreaEmpty_
0002:0003e702  TxAscii827_
0002:0003e72e  TxCopy_
Module: j:\ow19/lib386/os2\clib3r.lib(printf.c)
0002:0003e760  printf_
Module: j:\ow19/lib386/os2\clib3r.lib(iob.c)
0003:00005d6c  ___iob
0003:00005f74  __fmode
0003:0000ab9c  ___OpenStreams
0003:0000aba0  ___ClosedStreams
Module: j:\ow19/lib386/os2\clib3r.lib(fflush.c)
0002:0003e790  fflush_
Module: j:\ow19/lib386/os2\clib3r.lib(fprintf.c)
0002:0003e7a0  fprintf_
Module: j:\ow19/lib386/os2\clib3r.lib(remove.c)
0002:0003e7d0  remove_
Module: ..\..\..\txlib\_txall_\lib\txos2t.lib(H:\c\txlib\txstrtxt.c)
0002:0003e98e  txTextSearch_
0002:0003ed75  txFile2Text_
0002:0003efe6  txString2Text_
0002:0003f46a  txFreeText_
Module: j:\ow19/lib386/os2\clib3r.lib(getchos2.c)
0002:0003f5f0  getch_
Module: j:\ow19/lib386/os2\clib3r.lib(strcspn.c)
0002:0003f6b0  strcspn_
Module: j:\ow19/lib386/os2\clib3r.lib(sscanf.c)
0002:0003f740+ vsscanf_
0002:0003f770  sscanf_
Module: ..\..\..\txlib\_txall_\lib\txos2t.lib(H:\c\txlib\txstrnum.c)
0002:0003f7c4  txIsValidHex_
0002:0003f80d  txIsValidDec_
0002:0003f862* txHasMcsPrefix_
Module: j:\ow19/lib386/os2\clib3r.lib(strncpy.c)
0002:0003f9a0  strncpy_
Module: j:\ow19/lib386/os2\clib3r.lib(nfree.c)
0002:0003f9e0  _nfree_
0002:0003f9e0  free_
0003:0000aba4  ___MiniHeapFreeRover
Module: j:\ow19/lib386/os2\clib3r.lib(_istrncc.asm)
0002:0003fae8  strncasecmp_
Module: j:\ow19/lib386/os2\clib3r.lib(thunk)
0002:0003fb02  __TNK
0002:0003faee* __TNC
Module: j:\ow19/lib386/os2\clib3r.lib(far16fun)
0002:0003fb52  __Far16Func2
0002:0003fb9b* __Far16Func
0002:0003fbe9* __Far16Pascal2
0002:0003fc30* __Far16Pascal
0002:0003fc7c* __Far16Cdecl2
0002:0003fcca* __Far16Cdecl
0002:0003fd1d  __FlatToFar16
0002:0003fd26* __Far16ToFlat
Module: ..\..\..\txlib\_txall_\lib\txos2t.lib(H:\c\txlib\txcrite.c)
0002:0003fd45  TxFsSetCritErrHandler_
Module: j:\ow19/lib386/os2\clib3r.lib(fclose.c)
0002:0003fe00  __doclose_
0002:0003fea0  __shutdown_stream_
0002:0003fec0  fclose_
0003:0000aba8+ ___RmTmpFileFn
Module: j:\ow19/lib386/os2\clib3r.lib(_strcmp)
0002:0003ff10  strcmp_
Module: j:\ow19/lib386/os2\clib3r.lib(fopen.c)
0002:00040050+ __open_flags_
0002:00040260+ _fsopen_
0002:000402b0  fopen_
0002:00040340* freopen_
Module: ..\..\..\txlib\_txall_\lib\txos2t.lib(H:\c\txlib\txfnext.c)
0002:000403aa  TxFnameExtension_
0002:00040404  TxStripExtension_
Module: ..\..\..\txlib\_txall_\lib\txos2t.lib(H:\c\txlib\txfexist.c)
0002:000404af* TxCreateEmptyFile_
0002:00040614+ TxFileOpenRead_
0002:000407ba  TxFileExists_
Module: j:\ow19/lib386/os2\clib3r.lib(memset.c)
0002:000407f0  memset_
Module: ..\..\..\txlib\_txall_\lib\txos2t.lib(H:\c\txlib\txwdraw.c)
0003:00006f28  _txwcs
0003:00006f2c+ _txwcschemes
0002:00040e1e* txwSetLinesCustom_
0002:00040f47  txwColorScheme_
0002:000411f4* TxSelistColorSchemes_
0002:00041400  txwSaveWindowContent_
0002:0004167f  txwRestoreWindowContent_
0002:0004199c  txwPaintBorder_
0002:00042b86  txwPaintShadow_
0002:00042c49  txwPaintWindow_
0002:0004416e  txwPaintWinStatus_
Module: ..\..\..\txlib\_txall_\lib\txos2t.lib(H:\c\txlib\txwehook.c)
0002:0004475c* txwAttachEventHook_
0002:0004488b* txwDetachEventHook_
0002:000449a9* txwQueryEventHook_
0002:00044a71  txwSignalEventHook_
Module: j:\ow19/lib386/os2\clib3r.lib(register.c)
0002:00044b80  __initthread_
0002:00044b90  _beginthread_
0002:00044ba0  _endthread_
0002:00044bb0* __RegisterThreadData_
Module: ..\..\..\txlib\_txall_\lib\txos2t.lib(H:\c\txlib\txslvars.c)
0002:00045005* txsInitVariablePool_
0002:000450ca  txsAddVarPoolLevel_
0002:000451ed* txsTermVariablePool_
0002:000452b4  txsDelVarPoolLevel_
0002:0004570c  txsGetConstant_
0002:00045ba1  txsGetVariable_
0002:0004603d  txsSetVariable_
0002:00046800  txsDelVariable_
0002:00046aa4  txsDumpVarPool_
Module: j:\ow19/lib386/os2\clib3r.lib(strspn.c)
0002:00046c60  strspn_
Module: j:\ow19/lib386/os2\clib3r.lib(i8s)
0002:00046ca8* __U8RS
0002:00046cc2  __I8RS
0002:00046cdd  __I8LS
0002:00046cdd* __U8LS
Module: j:\ow19/lib386/os2\clib3r.lib(i8m)
0002:00046cf8  __I8M
0002:00046cf8  __U8M
Module: j:\ow19/lib386/os2\clib3r.lib(i8d)
0002:00046d14  __I8D
0002:00046d69* __U8D
Module: j:\ow19/lib386/os2\clib3r.lib(gtcwdos2.c)
0002:00046e00  getcwd_
Module: ..\..\..\txlib\_txall_\lib\txos2t.lib(H:\c\txlib\txfsys.c)
0002:00047379  TxFsVolumes_
0002:0004760f  TxFsVolumeLabel_
0002:00047757* TxFsDrivemap_
0002:00047855+ TxFsShow_
0002:00047b2c  TxFsDriveSelist_
0002:000481ff  TxFsType_
0002:0004856b* TxFsEjectRemovable_
0002:000486c5+ TxFsIsRemovable_
0002:0004892c  TxFsSpace_
Module: ..\..\..\txlib\_txall_\lib\txos2t.lib(H:\c\txlib\txstring.c)
0002:00048ad3  TxRepl_
0002:00048aeb* TxRepStr_
0002:00048b77  TxStrip_
0002:00048bb8  TxPClip_
0002:00048bf2  TxStrToUpper_
0002:00048c10  TxStrToLower_
Module: ..\..\..\txlib\_txall_\lib\txos2t.lib(H:\c\txlib\txmpath.c)
0002:00048cbd  TxMakePath_
0002:00048e36* TxMake8dot3_
Module: j:\ow19/lib386/os2\clib3r.lib(_icstrdu.asm)
0002:00049134  strdup_
Module: ..\..\..\txlib\_txall_\lib\txos2t.lib(H:\c\txlib\txcon3.c)
0002:0004916c  TxPrompt_
Module: j:\ow19/lib386/os2\clib3r.lib(_istrrev.asm)
0002:00049338  _strrev_
Module: ..\..\..\txlib\_txall_\lib\txos2t.lib(H:\c\txlib\txfname.c)
0002:0004933d  TxGetBaseName_
0002:0004936c  TxStripBaseName_
Module: j:\ow19/lib386/os2\clib3r.lib(memmove.c)
0002:00049390  memmove_
Module: ..\..\..\txlib\_txall_\lib\txos2t.lib(H:\c\txlib\txmemstr.c)
0002:0004940d  TxMemStr_
Module: j:\ow19/lib386/os2\clib3r.lib(toupper.c)
0002:000494e0  toupper_
Module: j:\ow19/lib386/os2\clib3r.lib(stricmp.c)
0002:000494f0  stricmp_
Module: j:\ow19/lib386/os2\clib3r.lib(gtctmos2.c)
0002:00049530  __getctime_
Module: j:\ow19/lib386/os2\clib3r.lib(mktime.c)
0002:000495a0  mktime_
Module: j:\ow19/lib386/os2\clib3r.lib(tzset.c)
0003:000070a8  ___start_dst
0003:000070cc  ___end_dst
0003:000071f4  _tzname
0003:000071fc  _timezone
0003:00007200  _daylight
0003:00007204  ___dst_adjust
0002:00049680* __DontCacheOSTZ_
0002:00049690* __CacheOSTZ_
0002:00049b70+ __parse_tz_
0002:00049da0  tzset_
Module: j:\ow19/lib386/os2\clib3r.lib(gmtime.c)
0002:00049e10  __brktime_
0002:00049f10+ _gmtime_
0002:00049f30  gmtime_
Module: j:\ow19/lib386/os2\clib3r.lib(timeutil.c)
0002:0004a090  __isindst_
Module: j:\ow19/lib386/os2\clib3r.lib(itoa.c)
0002:0004a3c0+ utoa_
0002:0004a410  itoa_
Module: j:\ow19/lib386/os2\clib3r.lib(leapyear.c)
0002:0004a440  __leapyear_
0003:0000001c  ___diyr
0003:00000036  ___dilyr
Module: ..\..\..\txlib\_txall_\lib\txos2t.lib(H:\c\txlib\txtrace2.c)
0002:0004a48b  TxTraceSetStamp_
0002:0004a491* TxTraceRetDouble_
Module: ..\..\..\txlib\_txall_\lib\txos2t.lib(H:\c\txlib\txtree.c)
0002:0004a97f  TxFileDirSelist_
0002:0004b024  txWildcard2Filter_
0002:0004b29b  txFreeFilter_
0002:0004b427+ TxFindFirstFile_
0002:0004b6f4+ TxFindNextFile_
0002:0004b950+ TxFindClose_
0002:0004ba6a  txFileTreeOneFile_
0002:0004bc26  txFileTreeNoPath_
0002:0004bd3f  TxFileTree_
Module: j:\ow19/lib386/os2\clib3r.lib(atoi.c)
0002:0004ce20  atoi_
Module: j:\ow19/lib386/os2\clib3r.lib(system.c)
0002:0004cea0  system_
Module: j:\ow19/lib386/os2\clib3r.lib(sdrveos2.c)
0002:0004cf20  _dos_setdrive_
Module: j:\ow19/lib386/os2\clib3r.lib(chdiros2.c)
0002:0004cf70  chdir_
Module: j:\ow19/lib386/os2\clib3r.lib(fread.c)
0002:0004cf90  fread_
Module: j:\ow19/lib386/os2\clib3r.lib(main2o32.c)
0002:0004d170  __OS2Main
Module: j:\ow19/lib386/os2\clib3r.lib(segdefns)
0002:00000003  ___begtext
0003:00000000* __nullarea
0003:00008440  __Start_XI
0003:00008488  __End_XI
0003:00008488  __Start_YI
0003:000084ac  __End_YI
Module: j:\ow19/lib386/os2\clib3r.lib(setefg.c)
0002:0004d1e0  __setEFGfmt_
Module: j:\ow19/lib386/os2\clib3r.lib(chk8087.c)
0002:0004d200  _fpreset_
0002:0004d220* __init_8087_
0002:0004d230  __chk8087_
Module: j:\ow19/lib386/os2\clib3r.lib(crwdata)
0003:000073d8  __osmajor
0003:000073d9  __osminor
0003:000073a4* __LpDllName
0003:000073a8* __LpwCmdLine
0003:000073ac* __LpwPgmName
0003:000073b0* __LpwDllName
0003:0000739c  __LpCmdLine
0003:000073a0  __LpPgmName
0003:00007394* __dynend
0003:00007398  __curbrk
0003:000073b4* __STACKLOW
0003:000073b8* __STACKTOP
0003:000073bc  __ASTACKSIZ
0003:000073c0  __ASTACKPTR
0003:000073c4  __cbyte
0003:000073c8  __cbyte2
0003:000073cc* __child
0003:000073d2  __Envptr
0003:000073d6* __Envseg
0003:000073d0  __no87
0003:000073da* ___FPE_handler
Module: j:\ow19/lib386/os2\clib3r.lib(initargv.c)
0002:0004d280  __Init_Argv_
0002:0004d2d0+ _getargv_
0002:0004d470  __Fini_Argv_
Module: ..\..\..\txlib\_txall_\lib\txos2t.lib(H:\c\txlib\txselist.c)
0002:0004daab  TxSelGetMaxLength_
0002:0004dc80  TxSelScrollUp_
0002:0004dda1  TxSelScrollDown_
0002:0004deb5  TxSelSetPosition_
0002:0004dffc  TxSelSetSelected_
0002:0004e133* TxSelItterateSelected_
0002:0004e2ab  TxSelCharSelect_
0002:0004e408* TxSelStringSelect_
0002:0004e5bc  TxSelSortString_
0002:0004ef92  TxSelSortUserData_
0002:0004f363  TxSelReverseOrder_
0002:0004f4c2  TxSelSortCurrent_
0002:0004f5fc  TxSelGetCharSelect_
0002:0004f863* TxSetMenuItemFlag_
0002:0004fa30+ TxSetListItemFlag_
0002:0004fb9c+ TxSelSetItemInfo_
0002:0004fc95  TxSelCreate_
0002:0004ff30  txSelDestroy_
0002:00050322+ txSelItemDestroy_
0002:0005058f* TxSelDeleteCurrent_
0002:00050698* TxSelistFromTxt_
0002:00050877* TxSelistDuplicate_
0002:00050ad2  TxSelEmptyList_
Module: j:\ow19/lib386/os2\clib3r.lib(nrealloc.c)
0002:00050c70* _nrealloc_
0002:00050c70  realloc_
Module: j:\ow19/lib386/os2\clib3r.lib(qsort.c)
0002:00050d40  qsort_
Module: ..\..\..\txlib\_txall_\lib\txos2t.lib(H:\c\txlib\txcon2.c)
0002:00051451  TxPrintHook_
Module: ..\..\..\txlib\_txall_\lib\txos2t.lib(H:\c\txlib\txwidget.c)
0002:00051f32  txwInitGenericWidgets_
0002:00052005  txwTermGenericWidgets_
0002:000520b5  txwWidgetSize_
0002:000521dc  txwCreateWidgets_
0002:000524c2* txwWidgetDialog_
Module: ..\..\..\txlib\_txall_\lib\txos2t.lib(H:\c\txlib\txafail.c)
0002:00052917  TxFsAutoFailCriticalErrors_
0003:000079ec+ _TxAutoFail
Module: ..\..\..\txlib\_txall_\lib\txos2t.lib(H:\c\txlib\txwildc.c)
0002:00052a66  TxStrWcnt_
0002:00052a82+ TxStrWcmp_
0002:00052b74  TxStrWicmp_
Module: ..\..\..\txlib\_txall_\lib\txos2t.lib(H:\c\txlib\txtname.c)
0002:00052c87  TxTrueNameDir_
Module: ..\..\..\txlib\_txall_\lib\txos2t.lib(H:\c\txlib\txfpath.c)
0002:0005330b+ TxFindByPath_
0002:00053602  TxFindAndOpenFile_
Module: j:\ow19/lib386/os2\clib3r.lib(fgets.c)
0002:000539d0  fgets_
Module: j:\ow19/lib386/os2\clib3r.lib(strrchr.c)
0002:00053a40  strrchr_
Module: ..\..\..\txlib\_txall_\lib\txos2t.lib(H:\c\txlib\txwikey.c)
0002:00053e1d  txwIkeyTextview_
0002:00054275  txwIkeyEntryfield_
0002:00054d78  txwIkeyButton_
0002:000551e1  txwIkeyListBox_
Module: j:\ow19/lib386/os2\clib3r.lib(enterdb.c)
0002:000566a0  __EnterWVIDEO_
0003:000079f0+ ___WD_Present
Module: j:\ow19/lib386/os2\clib3r.lib(cinit.c)
0002:000566d0  __CommonInit_
0003:0000abbc  ___hmodule
Module: j:\ow19/lib386/os2\clib3r.lib(initrtns.c)
0002:000566f0  __InitRtns
0002:00056740  __FiniRtns
Module: j:\ow19/lib386/os2\clib3r.lib(environ.c)
0003:0000abc0  ___env_mask
0003:0000abc4  _environ
0003:0000abc8* __wenviron
Module: j:\ow19/lib386/os2\clib3r.lib(mbterm.c)
0002:000567a0  _mbterm_
Module: j:\ow19/lib386/os2\clib3r.lib(mbsnextc.c)
0002:000567e0  _mbsnextc_
Module: j:\ow19/lib386/os2\clib3r.lib(mbcupper.c)
0002:00056820  _mbctoupper_
Module: j:\ow19/lib386/os2\clib3r.lib(mbsinc.c)
0002:00056840  _mbsinc_
Module: j:\ow19/lib386/os2\clib3r.lib(nmalloc.c)
0002:00056870  _nmalloc_
0002:00056870  malloc_
0003:000079f4  ___nheapbeg
0003:000079f8  ___MiniHeapRover
0003:000079fc  ___LargestSizeB4MiniHeapRover
Module: j:\ow19/lib386/os2\clib3r.lib(prtf.c)
0002:00056970  __prtf_
Module: j:\ow19/lib386/os2\clib3r.lib(fprtf.c)
0002:00057660  __fprtf_
Module: j:\ow19/lib386/os2\clib3r.lib(initfile.c)
0002:00057750  __InitFiles_
Module: j:\ow19/lib386/os2\clib3r.lib(ioexit.c)
0002:00057850* fcloseall_
0002:00057860  __full_io_exit_
Module: j:\ow19/lib386/os2\clib3r.lib(flush.c)
0002:00057870  __flush_
Module: j:\ow19/lib386/os2\clib3r.lib(flushall.c)
0002:00057970  __flushall_
0002:000579b0  flushall_
Module: j:\ow19/lib386/os2\clib3r.lib(unlnkos2.c)
0002:000579c0  unlink_
Module: j:\ow19/lib386/os2\clib3r.lib(fseek.c)
0002:00057a30  fseek_
Module: j:\ow19/lib386/os2\clib3r.lib(setbits.c)
0002:00057b40  __setbits_
Module: j:\ow19/lib386/os2\clib3r.lib(bits.c)
0002:00057b80  __Bits
Module: j:\ow19/lib386/os2\clib3r.lib(scnf.c)
0002:000586f0  __scnf_
Module: j:\ow19/lib386/os2\clib3r.lib(mem.c)
0002:00058960  __MemAllocator
0002:00058a10  __MemFree
Module: j:\ow19/lib386/os2\clib3r.lib(strnicmp.c)
0002:00058b50  strnicmp_
Module: j:\ow19/lib386/os2\clib3r.lib(itsto32.c)
0002:00058ba0  __init_threadstksize_
Module: j:\ow19/lib386/os2\clib3r.lib(__lseek.c)
0002:00058bb0  __lseek_
Module: j:\ow19/lib386/os2\clib3r.lib(_clseos2.c)
0002:00058be0  __close_
Module: j:\ow19/lib386/os2\clib3r.lib(freefp.c)
0002:00058c20  __freefp_
0002:00058c70  __purgefp_
Module: j:\ow19/lib386/os2\clib3r.lib(comtflag.c)
0002:00058ca0* __set_commode_
0003:00007a00  __commode
Module: j:\ow19/lib386/os2\clib3r.lib(seterrno.c)
0002:00058cab  __set_errno_
0002:00058cb9* __set_EDOM_
0002:00058cc7  __set_ERANGE_
0002:00058cd5* __set_EINVAL_
0002:00058ce8  __set_doserrno_
Module: j:\ow19/lib386/os2\clib3r.lib(openos2.c)
0002:00058ec0* open_
0002:00058ee0  sopen_
Module: j:\ow19/lib386/os2\clib3r.lib(chktty.c)
0002:00058f10  __chktty_
Module: j:\ow19/lib386/os2\clib3r.lib(allocfp.c)
0002:00058f50  __allocfp_
Module: ..\..\..\txlib\_txall_\lib\txos2t.lib(H:\c\txlib\txosapi.c)
0002:000590d7  TxLargeFileApiOS2_
Module: j:\ow19/lib386/os2\clib3r.lib(__stos)
0002:00059340  __STOSB
0002:00059377* __STOSD
Module: ..\..\..\txlib\_txall_\lib\txos2t.lib(H:\c\txlib\txwhexed.c)
0002:0005b8fb+ txwInitHexeditDialogs_
0002:0005b9ce* txwHexEditor_
0002:0005c0b6  txwPaintHexEdit_
0002:0005d8f0+ txwHexEditWinProc_
Module: j:\ow19/lib386/os2\clib3r.lib(thredo32.c)
0002:0005ed20  __CBeginThread_
0002:0005edc0  __CEndThread_
Module: j:\ow19/lib386/os2\clib3r.lib(dosret.c)
0002:0005ede0* _dosretax_
0002:0005edf0* _dosret0_
0002:0005ee00  __set_errno_dos_
0002:0005ee30* __set_errno_dos_reterr_
Module: j:\ow19/lib386/os2\clib3r.lib(strdup.c)
0002:0005ee40  __clib_strdup_
Module: j:\ow19/lib386/os2\clib3r.lib(strrev.c)
0002:0005ee80  strrev_
Module: j:\ow19/lib386/os2\clib3r.lib(locmktim.c)
0002:0005eec0  __local_mktime_
Module: j:\ow19/lib386/os2\clib3r.lib(alphabet.c)
0003:00000050  ___Alphabet
Module: ..\..\..\txlib\_txall_\lib\txos2t.lib(H:\c\txlib\txfsattr.c)
0002:0005f006  txFileAttr2String_
0002:0005f04c* txWinFileTime2t_
0002:0005f0ad* txCt2WinFileTime_
0002:0005f0f7  txOS2FileTime2t_
0002:0005f1e9* txCt2OS2FileTime_
Module: j:\ow19/lib386/os2\clib3r.lib(_slashc.c)
0002:0005f270  __Slash_C_
Module: j:\ow19/lib386/os2\clib3r.lib(splp.c)
0002:0005f280  spawnlp_
Module: j:\ow19/lib386/os2\clib3r.lib(qread.c)
0002:0005f2a0  __qread_
Module: j:\ow19/lib386/os2\clib3r.lib(ioalloc.c)
0002:0005f2d0  __ioalloc_
Module: j:\ow19/lib386/os2\clib3r.lib(fgetc.c)
0002:0005f370  __fill_buffer_
0002:0005f470  fgetc_
Module: j:\ow19/lib386/os2\clib3r.lib(mthrdini.c)
0002:0005f530  __InitThreadData_
0003:00007eec  ___ThreadDataSize
Module: j:\ow19/lib386/os2\clib3r.lib(cmain386.c)
0002:0005f550  __CMain
Module: j:\ow19/lib386/os2\clib3r.lib(dosseg)
0000:00001234  __DOSseg__
Module: j:\ow19/lib386/os2\clib3r.lib(noefgfmt.c)
0003:00007ef0  ___EFG_printf
0003:00007ef4  ___EFG_scanf
Module: j:\ow19/lib386\math387r.lib(efgfmt.c)
0002:0005f5d2  _EFG_Format_
Module: j:\ow19/lib386\math387r.lib(cnvs2d.c)
0002:0005f73c  __cnvs2d_
Module: j:\ow19/lib386/os2\clib3r.lib(8087cw.c)
0003:00007ef8  __8087cw
Module: j:\ow19/lib386/os2\clib3r.lib(init8087)
0002:0005f750  __x87id
Module: j:\ow19/lib386/os2\clib3r.lib(histsplt.c)
0003:0000abcc  ___historical_splitparms
Module: j:\ow19/lib386/os2\clib3r.lib(___argc.c)
0003:0000abd0  ____Argc
0003:0000abd4  ____Argv
Module: j:\ow19/lib386/os2\clib3r.lib(nmsize.c)
0002:0005f790  _nmsize_
0002:0005f790* _msize_
Module: j:\ow19/lib386/os2\clib3r.lib(nexpand.c)
0002:0005f7a0  _nexpand_
0002:0005f7a0* _expand_
0002:0005f7e0+ __HeapManager_expand_
Module: j:\ow19/lib386/os2\clib3r.lib(amblksiz.c)
0003:00007efc  __amblksiz
Module: j:\ow19/lib386/os2\clib3r.lib(setenvp.c)
0002:0005f9a0  __setenvp_
0002:0005fa60  __freeenvp_
Module: j:\ow19/lib386/os2\clib3r.lib(mbisdbcs.c)
0003:0000abdc  ___IsDBCS
Module: j:\ow19/lib386/os2\clib3r.lib(mbislead.c)
0002:0005fab0* _ismbblead_
0003:0000abe0  ___MBCSIsTable
Module: j:\ow19/lib386/os2\clib3r.lib(mbinit.c)
0002:0005fb01  __mbinit_
0003:00007f00  ___MBCodePage
Module: j:\ow19/lib386/os2\clib3r.lib(mbdtoupp.c)
0002:0005fc00  _mbdtoupper_
Module: j:\ow19/lib386/os2\clib3r.lib(nmemneed.c)
0002:0005fc20  __nmemneed_
Module: j:\ow19/lib386/os2\clib3r.lib(grownear.c)
0002:0005fd90  __ExpandDGROUP_
Module: j:\ow19/lib386/os2\clib3r.lib(wctomb.c)
0002:0005fdb0  wctomb_
Module: j:\ow19/lib386/os2\clib3r.lib(strupr.c)
0002:0005fde0  strupr_
Module: j:\ow19/lib386/os2\clib3r.lib(lltoa.c)
0002:0005fe00  ulltoa_
0002:0005fe70* lltoa_
Module: j:\ow19/lib386/os2\clib3r.lib(ltoa.c)
0002:0005fea0  ultoa_
0002:0005fef0* ltoa_
Module: j:\ow19/lib386/os2\clib3r.lib(fputc.c)
0002:0005ff20  fputc_
Module: j:\ow19/lib386/os2\clib3r.lib(fsync.c)
0002:00060000  fsync_
Module: j:\ow19/lib386/os2\clib3r.lib(qwrit.c)
0002:00060030  __qwrite_
Module: j:\ow19/lib386/os2\clib3r.lib(lseek.c)
0002:000600d0  lseek_
Module: j:\ow19/lib386/os2\clib3r.lib(tell.c)
0002:00060100  tell_
Module: j:\ow19/lib386/os2\clib3r.lib(mbtowc.c)
0002:00060120  mbtowc_
Module: j:\ow19/lib386/os2\clib3r.lib(fdfs386)
0002:000601dc  __FDFS
Module: j:\ow19/lib386/os2\clib3r.lib(iomode.c)
0002:00060230  __GetIOMode_
0002:00060250  __SetIOMode_nogrow_
0003:00007f04  ___NFiles
0003:00007f08  ___init_mode
0003:00007f58  ___io_mode
Module: j:\ow19/lib386/os2\clib3r.lib(umaskval.c)
0003:00007f5c  ___umaskval
Module: j:\ow19/lib386/os2\clib3r.lib(os2fil64.c)
0003:00007f60  ___os2_DosOpenL
0003:00007f64+ ___os2_DosSetFilePtrL
0003:00007f68+ ___os2_DosSetFileSizeL
0003:00007f6c+ ___os2_DosSetFileLocksL
Module: j:\ow19/lib386/os2\clib3r.lib(isattos2.c)
0002:00060360  isatty_
Module: j:\ow19/lib386/os2\clib3r.lib(stiomode.c)
0002:00060390  __grow_iomode_
0002:00060460+ __shrink_iomode_
0002:000604e0  __SetIOMode_
Module: j:\ow19/lib386/os2\clib3r.lib(nheapchk.c)
0002:00060670* _nheapchk_
0002:00060670  _heapchk_
0003:0000ace8+ ___nheapchk_current
Module: ..\..\..\txlib\_txall_\lib\txos2t.lib(H:\c\txlib\txcrc32.c)
0002:000606f9  TxCrc32_
0002:00060730* TxHpfsCheckSum_
Module: j:\ow19/lib386/os2\clib3r.lib(mthread.c)
0002:000607a0+ __CloseSemaphore_
0002:00060810+ __AccessIOB_
0002:00060820+ __ReleaseIOB_
0002:00060830+ __AccessFileH_
0002:00060840+ __ReleaseFileH_
0002:00060850+ __AccessNHeap_
0002:00060860+ __ReleaseNHeap_
0002:00060870+ __AccessFHeap_
0002:00060880+ __ReleaseFHeap_
0002:00060890+ __AccessTDList_
0002:000608a0+ __AccessSemaphore_
0002:00060900+ __ReleaseTDList_
0002:00060910+ __ReleaseSemaphore_
0002:00060940+ __MultipleThread_
0002:00060980  __AllocInitThreadData_
0002:000609d0* __FreeInitThreadData_
0002:000609e0  __OS2AddThread_
0002:00060a50  __OS2RemoveThread_
0002:00060aa0  __InitMultipleThread_
0003:00008370+ ___AccessSema4
0003:00008374+ ___ReleaseSema4
0003:00008378+ ___CloseSema4
Module: j:\ow19/lib386/os2\clib3r.lib(trdalloc.c)
0002:00060c30  __InitThreadProcessing_
0002:00060c50  __FiniThreadProcessing_
0003:0000ae3c  ___ThreadData
Module: j:\ow19/lib386\math387r.lib(fchop87)
0002:00060ca8  __CHP
Module: j:\ow19/lib386/os2\clib3r.lib(spvp.c)
0002:00060cc0  spawnvp_
Module: j:\ow19/lib386/os2\clib3r.lib(gtcheos2.c)
0002:00060cd0  getche_
Module: j:\ow19/lib386/os2\clib3r.lib(exit.c)
0002:00060cf7+ __null_int23_exit_
0002:00060cf8  exit_
0002:00060d48* _exit_
0003:0000837c  ___int23_exit
0003:00008380+ ___FPE_handler_exit
Module: j:\ow19/lib386/os2\clib3r.lib(rtcntrl.c)
0002:00060d60* _SetLD64bit_
0002:00060d70* _SetLD80bit_
0002:00060d80  _LDisDouble_
Module: j:\ow19/lib386\math387r.lib(ldcvt.c)
0002:00060e6f  _LDScale10x_
0002:00061416  __LDcvt_
Module: j:\ow19/lib386\math387r.lib(strtod.c)
0002:00061d77+ __Strtold_
0002:00061ede  strtod_
Module: j:\ow19/lib386/os2\clib3r.lib(clearenv.c)
0002:00062030  clearenv_
Module: j:\ow19/lib386/os2\clib3r.lib(heapen.c)
0002:000620c0* _heapenable_
0003:00008430  ___heap_enabled
Module: j:\ow19/lib386/os2\clib3r.lib(nheapmin.c)
0002:000620f0  _nheapshrink_
0002:000620f0* _nheapmin_
0002:000620f0* _heapmin_
0002:000620f0  _heapshrink_
Module: j:\ow19/lib386/os2\clib3r.lib(hdlman.c)
0002:000621e0* __set_handles_
0002:000621f0* _grow_handles_
0003:00008434  ___NHandles
Module: j:\ow19/lib386/os2\clib3r.lib(iomodtty.c)
0002:00062250  __ChkTTYIOMode_
0002:00062290* __IOMode_
Module: j:\ow19/lib386/os2\clib3r.lib(nheapwal.c)
0002:000622b0* _nheapwalk_
0002:000622b0* _heapwalk_
0002:000622e0  __NHeapWalk_
Module: j:\ow19/lib386/os2\clib3r.lib(maxthrds.c)
0003:00008438  ___MaxThreads
Module: j:\ow19/lib386/os2\clib3r.lib(trdlist.c)
0002:000623e0  __GetThreadData_
0002:000624f0  __ReallocThreadData_
0002:00062660  __AddThreadData_
0002:000626e0  __RemoveThreadData_
0002:00062740* __ResizeThreadDataList_
0002:00062790  __FreeThreadDataList_
0002:000627c0* __ActiveThreads_
Module: j:\ow19/lib386/os2\clib3r.lib(thrdmax.c)
0002:000627e0  __GETMAXTHREADS
Module: j:\ow19/lib386/os2\clib3r.lib(spvpe.c)
0002:000627eb  spawnvpe_
Module: j:\ow19/lib386/os2\clib3r.lib(putchos2.c)
0002:00062940  putch_
Module: j:\ow19/lib386\math387r.lib(ldclass.c)
0002:00062990  __LDClass_
0002:000629e0* _FLClass_
Module: j:\ow19/lib386\math387r.lib(bufld386)
0002:000629f0  __ZBuf2LD
Module: j:\ow19/lib386\math387r.lib(inf_nan.c)
0002:00062a93* ___f_infinity
0002:00062a97* ___f_posqnan
0002:00062a9b  ___d_infinity
0002:00062aa3  ___d_posqnan
0002:00062aab* ___ld_infinity
0002:00062ab3* ___ld_posqnan
Module: j:\ow19/lib386/os2\clib3r.lib(hugeval.c)
0002:00062ac0  __HugeValue
Module: j:\ow19/lib386/os2\clib3r.lib(spve.c)
0002:00062b20  spawnve_
Module: j:\ow19/lib386/os2\clib3r.lib(strlen.c)
0002:00062eb0  strlen_
Module: j:\ow19/lib386/os2\clib3r.lib(strchr.c)
0002:00062ed0  strchr_
Module: j:\ow19/lib386/os2\clib3r.lib(memcpy.c)
0002:00062ef0  memcpy_
Module: j:\ow19/lib386/os2\clib3r.lib(accssos2.c)
0002:00062f10  access_
Module: j:\ow19/lib386/os2\clib3r.lib(cenvarg.c)
0002:00062f71  __cenvarg_
0002:00063085  __ccmdline_
Module: j:\ow19/lib386/os2\clib3r.lib(exveos2.c)
0002:000630c1  execve_
0003:0000843c* ___p_overlay
Module: j:\ow19/lib386/os2\clib3r.lib(stack386.c)
0002:00063100  stackavail_
Module: j:\ow19/lib386/os2\clib3r.lib(split2.c)
0002:00063170  _splitpath2_
Module: j:\ow19/lib386/os2\clib3r.lib(makepath.c)
0002:000632e0  _makepath_
Module: j:\ow19/lib386/os2\clib3r.lib(spl.c)
0002:00063490  spawnl_
Module: j:\ow19/lib386/os2\clib3r.lib(dospnos2.c)
0002:00063570  _dospawn_
Module: j:\ow19/lib386/os2\clib3r.lib(strcpy.c)
0002:00063830  strcpy_
Module: j:\ow19/lib386/os2\clib3r.lib(mbsnccnt.c)
0002:00063860  _mbsnccnt_
Module: j:\ow19/lib386/os2\clib3r.lib(mbsncpy.c)
0002:00063890  _mbsncpy_
Module: j:\ow19/lib386/os2\clib3r.lib(mbsnbcnt.c)
0002:000638b0  _mbsnbcnt_
Module: j:\ow19/lib386/os2\clib3r.lib(mbconv.c)
0002:00063920  _mbvtop_
Module: j:\ow19/lib386/os2\clib3r.lib(mbclen.c)
0002:00063940  _mbclen_
Module: j:\ow19/lib386/os2\clib3r.lib(mbsdec.c)
0002:00063970  _mbsdec_
Module: j:\ow19/lib386/os2\clib3r.lib(mbsnbcpy.c)
0002:000639f0  _mbsnbcpy_


                        +----------------------+
                        |   Imported Symbols   |
                        +----------------------+

Symbol                              Module
======                              ======

DosSleep                            DOSCALLS
VIO16GETMODE                        VIOCALLS
VIO16GETCURPOS                      VIOCALLS
VIO16SETCURPOS                      VIOCALLS
VIO16GETCURTYPE                     VIOCALLS
VIO16SETCURTYPE                     VIOCALLS
VIO16SETSTATE                       VIOCALLS
VIO16WRTCHARSTR                     VIOCALLS
VIO16WRTCHARSTRATT                  VIOCALLS
VIO16WRTCELLSTR                     VIOCALLS
VIO16READCELLSTR                    VIOCALLS
VIO16WRTNCELL                       VIOCALLS
VIO16SCROLLUP                       VIOCALLS
VIO16SCROLLDN                       VIOCALLS
DosGetInfoBlocks                    DOSCALLS
DosRequestMutexSem                  DOSCALLS
DosReleaseMutexSem                  DOSCALLS
DosPostEventSem                     DOSCALLS
DosDevIOCtl                         DOSCALLS
DosResetEventSem                    DOSCALLS
DosWaitEventSem                     DOSCALLS
MOU16READEVENTQUE                   MOUCALLS
DosCreateMutexSem                   DOSCALLS
DosCreateEventSem                   DOSCALLS
DosOpen                             DOSCALLS
MOU16OPEN                           MOUCALLS
MOU16SETPTRPOS                      MOUCALLS
MOU16SETEVENTMASK                   MOUCALLS
MOU16SETDEVSTATUS                   MOUCALLS
MOU16FLUSHQUE                       MOUCALLS
DosClose                            DOSCALLS
MOU16CLOSE                          MOUCALLS
DosCloseMutexSem                    DOSCALLS
DosCloseEventSem                    DOSCALLS
DosSetPriority                      DOSCALLS
DosQueryCtryInfo                    NLS
DosQuerySysInfo                     DOSCALLS
DosCreatePipe                       DOSCALLS
DosDupHandle                        DOSCALLS
DosWaitThread                       DOSCALLS
DosRead                             DOSCALLS
DosWrite                            DOSCALLS
DosLoadModule                       DOSCALLS
DosQueryProcAddr                    DOSCALLS
DosFreeMem                          DOSCALLS
DosFreeModule                       DOSCALLS
DosExit                             DOSCALLS
KBD16CHARIN                         KBDCALLS
DosFlatToSel                        DOSCALLS
DosSelToFlat                        DOSCALLS
DosQueryCurrentDir                  DOSCALLS
DosQueryCurrentDisk                 DOSCALLS
DosQueryFSInfo                      DOSCALLS
DosQueryFSAttach                    DOSCALLS
DosQueryPathInfo                    DOSCALLS
DosCreateDir                        DOSCALLS
DosGetDateTime                      DOSCALLS
DosFindFirst                        DOSCALLS
DosFindNext                         DOSCALLS
DosFindClose                        DOSCALLS
DosSetPathInfo                      DOSCALLS
DosSetDefaultDisk                   DOSCALLS
DosSetCurrentDir                    DOSCALLS
DosDevConfig                        DOSCALLS
DosError                            DOSCALLS
DosDelete                           DOSCALLS
DosSetFilePtr                       DOSCALLS
DosCreateThread                     DOSCALLS
DosQueryDBCSEnv                     NLS
DosQueryCp                          DOSCALLS
DosAllocMem                         DOSCALLS
DosResetBuffer                      DOSCALLS
DosQueryModuleHandle                DOSCALLS
DosQueryHType                       DOSCALLS
DosSetRelMaxFH                      DOSCALLS
VIO16WRTTTY                         VIOCALLS
DosQueryAppType                     DOSCALLS
DosExecPgm                          DOSCALLS
DosStartSession                     SESMGR
DosCreateQueue                      QUECALLS
DosReadQueue                        QUECALLS
DosCloseQueue                       QUECALLS


                        +--------------------+
                        |   Libraries Used   |
                        +--------------------+

..\..\..\txlib\_txall_\lib\txos2t.lib
j:\ow19/lib386/os2\clib3r.lib
j:\ow19/lib386\math387r.lib
j:\ow19/lib386/os2\emu387.lib
j:\toolkit\lib\os2386.lib


                        +-----------------------+
                        |   Linker Statistics   |
                        +-----------------------+

Stack size:  00020000 (131072.)
Memory size:  0008e908 (583944.)
Entry point address: 0002:0001d02a
Link time: 00:00.29
