Open Watcom Linker Version 1.9
Portions Copyright (c) 1985-2002 Sybase, Inc. All Rights Reserved.
Created on:       13/10/16 11:53:39
Executable Image: ..\sam3os2t.exe
creating an OS/2 32-bit executable


                        +------------+
                        |   Groups   |
                        +------------+

Group                           Address              Size
=====                           =======              ====

DGROUP                          0003:00000000        00028510



                        +--------------+
                        |   Segments   |
                        +--------------+

Segment                Class          Group          Address         Size
=======                =====          =====          =======         ====

_TEXT16                CODE           AUTO           0001:00000000   00000068
BEGTEXT                CODE           AUTO           0002:00000000   00000007
_TEXT                  CODE           AUTO           0002:00000010   00045170
_NULL                  BEGDATA        DGROUP         0003:00000000   00000004
_AFTERNULL             BEGDATA        DGROUP         0003:00000004   00000000
CONST                  DATA           DGROUP         0003:00000004   000000ac
CONST2                 DATA           DGROUP         0003:000000b0   00000000
_DATA                  DATA           DGROUP         0003:000000b0   00006110
XIB                    DATA           DGROUP         0003:000061c0   00000000
XI                     DATA           DGROUP         0003:000061c0   00000048
XIE                    DATA           DGROUP         0003:00006208   00000000
YIB                    DATA           DGROUP         0003:00006208   00000000
YI                     DATA           DGROUP         0003:00006208   00000024
YIE                    DATA           DGROUP         0003:0000622c   00000000
TIB                    DATA           DGROUP         0003:0000622c   00000000
TI                     DATA           DGROUP         0003:0000622c   00000000
TIE                    DATA           DGROUP         0003:0000622c   00000000
DATA                   DATA           DGROUP         0003:0000622c   00000000
_BSS                   BSS            DGROUP         0003:0000622c   000022dc
stack                  STACK          DGROUP         0003:00008510   00020000


                        +----------------+
                        |   Memory Map   |
                        +----------------+

* = unreferenced symbol
+ = symbol only referenced locally

Address        Symbol
=======        ======

Module: sam3.obj(H:\c\sam3\sam3.c)
0002:0000035c  main_
0003:000000b0+ _usagetext
Module: j:\ow19/lib386/os2\clib3r.lib(stk)
0002:00000575  __STK
0002:00000565  __CHK
0002:000005a4  __GRO
0002:00000594* __STKOVERFLOW_
Module: ..\..\..\txlib\_txall_\lib\txos2t.lib(H:\c\txlib\txtrace.c)
0003:000000f4  _TxTrLevel
0003:000000f8  _TxTrSlowDown
0003:000000fc  _TxTrLogOnly
0003:00000100+ _TxTrTstamp
0003:00000104+ _TxTrIndent
0002:000006a0  TxTraceInitMain_
0002:00000824  TxTraceEnter_
0002:00000861  TxTraceReturn_
0002:000008c4  TxTraceRetBool_
0002:0000092d  TxTraceRetVoid_
0002:0000097e  TxTraceLeader_
Module: ..\..\..\txlib\_txall_\lib\txos2t.lib(H:\c\txlib\txcon.c)
0003:00000183  _txh_clean
0003:00000187  _txh_raw
0002:00000afd  TxSetAscii7Mode_
0002:00000b66* TxGetAscii7Mode_
0002:00000b6c  TxSetAnsiMode_
0002:00000b88  TxGetAnsiMode_
0002:00000b8e  TxScreenState_
0002:00000b9d  TxLogfileState_
0002:00000bac* TxSetLogMaxSize_
0002:00000bb2* TxSetLogRetain_
0002:00000bb8  TxPrint_
0002:00000e35  TxStripAnsiCodes_
0002:00000e7c  TxClaimKeyboard_
0002:00000f44  TxCancelAbort_
0002:00000ffb  TxSetPendingAbort_
0002:000010b5  TxAbort_
0002:000011b7  TxConfirm_
0002:000011e8* TxwConfirm_
0002:00001396  TxMessage_
0002:000013cc* TxwMessage_
0003:000001ac  _ansi
Module: ..\..\..\txlib\_txall_\lib\txos2t.lib(H:\c\txlib\txparse.c)
0003:0000134c  _txacur
0003:00001350+ _txa1st
0002:00001964* TxaOptionLongName_
0002:00001aba  TxaParseArgcArgv_
0002:00001beb  TxaParseNumber_
0002:00001f0d  txaReadAndStoreItem_
0002:00002712  TxaNewParseElement_
0002:00002760  TxaDropParsedCommand_
0002:00002a35  TxaGetOption_
0002:00002b21  TxaOptionYes_
0002:00002ba8  TxaOptionStr_
0002:00002c07  TxaOptionNum_
0002:00002c66* TxaOptionBkmg_
0002:00002df6  TxaGetArgv_
0002:00002e6d  TxaGetArgc_
0002:00002e83* TxaGetOptc_
0002:00002f4d  txaHandle2Element_
0002:00002f8a+ txaCopyItem_
Module: ..\..\..\txlib\_txall_\lib\txos2t.lib(H:\c\txlib\txparse2.c)
0002:00003442+ TxaParseCommandString_
0002:000036aa* TxaSetItem_
0002:00003826* TxaReParseCommand_
0002:0000394d* TxaOptionAsString_
0002:00003a8c* TxaOutputVerbosity_
0002:00003bf7* TxaErrorStrategy_
0002:00003cf6* TxSetNumberRadix_
0002:00003d59* TxGetNumberRadix_
0002:00003d62* TxaParseBool_
0002:00003e6b* TxaGetArgString_
0002:000042ac* TxaGetComment_
0002:0000439f* TxaMutualX_
0002:000045c8  TxaShowParsedCommand_
0002:00004799+ txaParseNextItem_
Module: ..\..\..\txlib\_txall_\lib\txos2t.lib(H:\c\txlib\txwiop.c)
0002:00004976  TxScreenTerminate_
0002:00004976  TxScreenInitialize_
0002:00004979  TxScreenCols_
0002:000049cb  TxCursorCol_
0002:00004a1b  TxScreenRows_
0002:00004a6e  TxCursorRow_
0002:00004a9b  TxSetCursorPos_
0002:00004ad3  TxSetCursorStyle_
0002:00004b63  TxSetBrightBgMode_
0002:00004bac  txwScrDrawCharString_
0002:00004c80  txwScrDrawCharStrCol_
0002:00004d67  txwScrDrawCellString_
0002:00004eaf  txwScrReadCellString_
0002:00004f16  txwScrShadowRectangle_
0002:0000501d  txwScrFillRectangle_
0002:000050ea  txwScrScrollRectangle_
0002:00005198  txwScrVisibleLines_
Module: ..\..\..\txlib\_txall_\lib\txos2t.lib(H:\c\txlib\txlib.c)
0002:000051ca  TxLibraryInit_
0002:00005341  TxLibraryExit_
0002:00005363* TxPrintTerminate_
0002:00005364+ TxPrintInit_
0003:00001854+ _txwanchor
0003:00001a00  _txwa
Module: ..\..\..\txlib\_txall_\lib\txos2t.lib(H:\c\txlib\txlogfil.c)
0002:00005495  TxAppendToLogFile_
0002:000055e1  TxSetLogReOpen_
0002:000055e7  TxCloseReopenLogFile_
0002:00005632  TxQueryLogFile_
0002:00005651  TxQueryLogName_
0002:00005662  TxBuildLogName_
0002:000056d3+ TxAutoNumberedFname_
Module: ..\..\..\txlib\_txall_\lib\txos2t.lib(H:\c\txlib\txdisp.c)
0002:000057e6* TxDisplAscDump_
0002:00005830  TxDisplHexDump_
0002:00005845+ TxDisplayHex_
0002:00005a00* TxDispLongHex_
0002:00005b80  TxPrintable_
0002:00005b97* TxPrintSafe_
0002:00005bbf  TxShowTxt_
Module: ..\..\..\txlib\_txall_\lib\txos2t.lib(H:\c\txlib\txwind.c)
0002:00006566  txwInitializeDesktop_
0002:000069ae  txwTerminateDesktop_
0002:00006b21  txwIsWindow_
0002:00006b33  txwQueryWindow_
0002:00006cac  txwWindowData_
0002:00006cbf  txwSetupWindowData_
0002:0000702b  txwCreateWindow_
0002:00007894  txwDestroyWindow_
0002:00007dc6  txwSetFocus_
0002:000080e2* txwEnableWindow_
0002:00008249  txwIsWindowEnabled_
0002:00008325  txwShowWindow_
0002:000085d9+ txwIsWindowVisible_
0002:000086c0  txwIsWindowShowing_
0002:000087a4  txwIsRectShowing_
0002:0000893e  txwFindNextFocus_
0002:00008cdc  txwFindPrevFocus_
0002:0000907a  txwInvalidateAll_
0002:0000914c  txwInvalidateWindow_
0002:00009373  txwInvalidateBorder_
0002:00009474  txwQueryWindowPos_
0002:00009624  txwQueryWindowRect_
0002:000097d9  txwQueryWindowUShort_
0002:0000985b* txwQueryWindowULong_
0002:0000985b  txwQueryWindowPtr_
0002:00009984  txwSetWindowUShort_
0002:00009a13* txwSetWindowULong_
0002:00009a13  txwSetWindowPtr_
0002:00009b40  txwSetWindowPos_
0002:0000a345  txwWindowFromID_
0003:00001b54  _txVbuf
Module: j:\ow19/lib386/os2\clib3r.lib(sprintf.c)
0002:0000a480  sprintf_
Module: j:\ow19/lib386/os2\clib3r.lib(cstart)
0002:0000a4a2  _cstart_
Module: j:\ow19/lib386/os2\clib3r.lib(argcv.c)
0003:0000662c  __argc
0003:00006630  __argv
0003:00006634  ___argc
0003:00006638  ___argv
Module: j:\ow19/lib386/os2\clib3r.lib(xmsgo32.c)
0002:0000a500+ __exit_with_msg_
0002:0000a550  __fatal_runtime_error_
Module: j:\ow19/lib386/os2\clib3r.lib(maino32.c)
0003:00001b58  ___FirstThreadData
0003:00001b5c  ___GetThreadPtr
0003:00001b60  __AccessFileH
0003:00001b64  __ReleaseFileH
0003:00001b68  __AccessIOB
0003:00001b6c  __ReleaseIOB
0003:00001b70  __AccessNHeap
0003:00001b74  __AccessFHeap
0003:00001b78  __ReleaseNHeap
0003:00001b7c  __ReleaseFHeap
0002:0000a576  __threadstack_
0002:0000a57d  __threadid_
0002:0000a584  __OS2MainInit_
0002:0000a5f3+ __OS2Init_
0002:0000a631* __OS2Fini_
0002:0000a639* __shutdown_stack_checking_
0002:0000a64e  __exit_
0003:00001b80  __AccessTDList
0003:00001b84  __ReleaseTDList
0003:00001b88  ___sig_init_rtn
0003:00001b8c  ___sig_fini_rtn
0003:00001b90  __threadstksize
0003:00001b94  ___process_fini
0003:0000663c  ___Is_DLL
0003:00006640+ ___saved_CS
Module: j:\ow19/lib386/os2\clib3r.lib(istable.c)
0002:0000a6a0  __IsTable
Module: j:\ow19/lib386/os2\clib3r.lib(getenv.c)
0002:0000a7b0  getenv_
Module: j:\ow19/lib386/os2\clib3r.lib(strncmp.c)
0002:0000a840  strncmp_
Module: j:\ow19/lib386/os2\clib3r.lib(atol.c)
0002:0000a870  atol_
Module: j:\ow19/lib386/os2\clib3r.lib(clocko32.c)
0002:0000a8b9  clock_
Module: j:\ow19/lib386/os2\clib3r.lib(calloc.c)
0002:0000a900  calloc_
Module: j:\ow19/lib386/os2\clib3r.lib(vsprintf.c)
0002:0000a940  vsprintf_
Module: ..\..\..\txlib\_txall_\lib\txos2t.lib(H:\c\txlib\txutil.c)
0002:0000a955* TxAreaEmpty_
0002:0000a972  TxAscii827_
0002:0000a99e  TxCopy_
Module: j:\ow19/lib386/os2\clib3r.lib(printf.c)
0002:0000a9d0  printf_
Module: j:\ow19/lib386/os2\clib3r.lib(iob.c)
0003:00001c1c  ___iob
0003:00001e24  __fmode
0003:00006748  ___OpenStreams
0003:0000674c  ___ClosedStreams
Module: j:\ow19/lib386/os2\clib3r.lib(fflush.c)
0002:0000aa00  fflush_
Module: j:\ow19/lib386/os2\clib3r.lib(fprintf.c)
0002:0000aa10  fprintf_
Module: j:\ow19/lib386/os2\clib3r.lib(remove.c)
0002:0000aa40  remove_
Module: ..\..\..\txlib\_txall_\lib\txos2t.lib(H:\c\txlib\txwdraw2.c)
0002:0000ab42  txwSetSbviewStatus_
0002:0000ac59* txwDefaultStatusShow_
0002:0000ac6c  txwSetDesktopTopLine_
0002:0000ad5a* txwDrawCharString_
0002:0000aea1  txwDrawCharStrCol_
0002:0000aeea* txwDrawCellString_
0002:0000af31  txwFillClientWindow_
0002:0000b062* txwScrollClientWindow_
0002:0000b1a8  txwSetCursorPos_
0002:0000b2f1  txwSetCursorStyle_
Module: ..\..\..\txlib\_txall_\lib\txos2t.lib(H:\c\txlib\txwmsg.c)
0003:00001e2e+ _txw_hkeyboard
0002:0000b7af  kbhit_
0002:0000bbcf  TxInputInitialize_
0002:0000bf4e  TxInputDesktopInit_
0002:0000c09c  TxInputTerminate_
0002:0000c127  txwGetInputEvent_
0002:0000c161  txwNotifyAsyncInput_
0002:0000c225  txwGetMsg_
0002:0000c478  txwDispatchMsg_
0002:0000c548  txwSendMsg_
0002:0000c737  txwPostMsg_
0002:0000c97e  txwDestroyMessages_
0002:0000cbb6  txwQueueMsgPresent_
0002:0000cc46  txwSetAccelerator_
0002:0000cdfa+ txwTranslateAccel_
Module: ..\..\..\txlib\_txall_\lib\txos2t.lib(H:\c\txlib\txstrtxt.c)
0002:0000d167  txString2Text_
0002:0000d5eb  txFreeText_
Module: j:\ow19/lib386/os2\clib3r.lib(strstr.c)
0002:0000d770  strstr_
Module: ..\..\..\txlib\_txall_\lib\txos2t.lib(H:\c\txlib\txwstdlg.c)
0002:00010a89  txwInitStandardDialogs_
0002:00010bd7  txwTermStandardDialogs_
0002:00010ca7  txwMessageBoxWidgets_
0002:00011c00  txwPromptBox_
0002:0001249e  txwListBox_
0002:00012f3c* txwMenuBar_
0002:000137f3* txwViewText_
0002:00013aa6* txwOpenFileDialog_
0002:00013db5* txwSaveAsFileDialog_
0002:000140ae* txwSelDirFileDialog_
0002:000142b8+ txwStdFileDialog_
0002:0001521f+ txwDefFileDlgProc_
0003:0000383c  _txwstd_footer
0003:00003878+ _txwfld_footer
Module: j:\ow19/lib386/os2\clib3r.lib(getchos2.c)
0002:00016070  getch_
Module: j:\ow19/lib386/os2\clib3r.lib(strcspn.c)
0002:00016130  strcspn_
Module: j:\ow19/lib386/os2\clib3r.lib(tolower.c)
0002:00016180  tolower_
Module: j:\ow19/lib386/os2\clib3r.lib(sscanf.c)
0002:000161d0+ vsscanf_
0002:00016200  sscanf_
Module: ..\..\..\txlib\_txall_\lib\txos2t.lib(H:\c\txlib\txstrnum.c)
0002:00016254  txIsValidHex_
0002:0001629d  txIsValidDec_
0002:000162f2* txHasMcsPrefix_
Module: j:\ow19/lib386/os2\clib3r.lib(strncpy.c)
0002:00016430  strncpy_
Module: j:\ow19/lib386/os2\clib3r.lib(_istrcc_.asm)
0002:00016468  strcasecmp_
Module: j:\ow19/lib386/os2\clib3r.lib(nfree.c)
0002:00016470  _nfree_
0002:00016470  free_
0003:000081d0  ___MiniHeapFreeRover
Module: j:\ow19/lib386/os2\clib3r.lib(_istrncc.asm)
0002:00016578  strncasecmp_
Module: j:\ow19/lib386/os2\clib3r.lib(thunk)
0002:00016592  __TNK
0002:0001657e* __TNC
Module: j:\ow19/lib386/os2\clib3r.lib(far16fun)
0002:000165e2  __Far16Func2
0002:0001662b* __Far16Func
0002:00016679* __Far16Pascal2
0002:000166c0* __Far16Pascal
0002:0001670c* __Far16Cdecl2
0002:0001675a* __Far16Cdecl
0002:000167ad  __FlatToFar16
0002:000167b6* __Far16ToFlat
Module: ..\..\..\txlib\_txall_\lib\txos2t.lib(H:\c\txlib\txwutil.c)
0002:00017595  txwValidateHandle_
0002:00017602  txwValidateAndClip_
0002:00017693  txwBeginEnumWindows_
0002:00017779  txwEndEnumWindows_
0002:0001789f  txwGetNextWindow_
0002:00017991+ txwIsChild_
0002:000179cb  txwIsDescendant_
0002:00017a03  txwIsMinimized_
0002:00017aff  txwResetAutoRadioGroup_
0002:00017d91  txwIsAccelCandidate_
0002:00017fdb  txwMsgDescription_
0002:0001853f  txwKeyDescription_
0002:00018c2a  txwClassDescription_
0002:00018e47  txwWusDescription_
0002:00018e81  txwWbsDescription_
0002:00018ff7  txwDumpWindows_
0002:0001910f  txwTopWindowAtPos_
0002:00019260  txwSetCapture_
0002:00019339  txwQueryCapture_
0002:000193fb  txwInRectangle_
0002:00019420  txwIntersectRect_
0002:00019489+ txwOverlappingRect_
0002:000194d5* txwUniteRect_
0002:00019520  txwExclusionRectangles_
0002:00019851  txwNormalRect_
0002:000198d4  txwMoveSizeRect_
0002:00019911  txwCalculateStringClip_
0002:00019982  txwVisibleLineRegions_
0002:00019a4f  txwAdd2History_
0002:00019b75* txwInitializeHistory_
0002:00019d1c* txwTerminateHistory_
0002:00019e92  TxSelistHistory_
0002:0001a35e  txwGetHistory_
0002:0001a51e+ txwPutHistory_
0002:0001a6cf  txwDelCurrentHistory_
0002:0001a843  txwFindHistory_
0002:0001a9ea  txwRfndHistory_
0002:0001ab98+ txwSortHistory_
0002:0001acb2* txwDlgUs2Field_
0002:0001aced* txwDlgUl2Field_
0002:0001ad25* txwDlgField2Us_
0002:0001ad62* txwDlgField2Ul_
0002:0001ad8f* txwSbColorStyle_
0002:0001ae54  txwListSort2frhText_
Module: ..\..\..\txlib\_txall_\lib\txos2t.lib(H:\c\txlib\txcrite.c)
0002:0001b18e  TxFsSetCritErrHandler_
Module: j:\ow19/lib386/os2\clib3r.lib(fclose.c)
0002:0001b240  __doclose_
0002:0001b2e0  __shutdown_stream_
0002:0001b300  fclose_
0003:000081f4+ ___RmTmpFileFn
Module: j:\ow19/lib386/os2\clib3r.lib(_strcmp)
0002:0001b350  strcmp_
Module: j:\ow19/lib386/os2\clib3r.lib(fopen.c)
0002:0001b490+ __open_flags_
0002:0001b6a0+ _fsopen_
0002:0001b6f0  fopen_
0002:0001b780* freopen_
Module: ..\..\..\txlib\_txall_\lib\txos2t.lib(H:\c\txlib\txfnext.c)
0002:0001b7ea  TxFnameExtension_
0002:0001b844  TxStripExtension_
Module: ..\..\..\txlib\_txall_\lib\txos2t.lib(H:\c\txlib\txfexist.c)
0002:0001b8ef* TxCreateEmptyFile_
0002:0001ba54+ TxFileOpenRead_
0002:0001bbfa  TxFileExists_
Module: j:\ow19/lib386/os2\clib3r.lib(memset.c)
0002:0001bc30  memset_
Module: ..\..\..\txlib\_txall_\lib\txos2t.lib(H:\c\txlib\txextcmd.c)
0002:0001be51  TxExternalCommand_
0002:0001c076+ txcExecStdOutPipe_
Module: ..\..\..\txlib\_txall_\lib\txos2t.lib(H:\c\txlib\txwdraw.c)
0003:000048e0  _txwcs
0003:000048e4+ _txwcschemes
0002:0001cacc* txwSetLinesCustom_
0002:0001cbf5  txwColorScheme_
0002:0001cea2* TxSelistColorSchemes_
0002:0001d0ae  txwSaveWindowContent_
0002:0001d32d  txwRestoreWindowContent_
0002:0001d64a  txwPaintBorder_
0002:0001e834  txwPaintShadow_
0002:0001e8f7  txwPaintWindow_
0002:0001fd36  txwPaintWinStatus_
Module: j:\ow19/lib386/os2\clib3r.lib(main2o32.c)
0002:00020290  __OS2Main
Module: j:\ow19/lib386/os2\clib3r.lib(segdefns)
0002:00000003  ___begtext
0003:00000000* __nullarea
0003:000061c0  __Start_XI
0003:00006208  __End_XI
0003:00006208  __Start_YI
0003:0000622c  __End_YI
Module: j:\ow19/lib386/os2\clib3r.lib(initargv.c)
0002:00020300  __Init_Argv_
0002:00020350+ _getargv_
0002:000204f0  __Fini_Argv_
Module: j:\ow19/lib386/os2\clib3r.lib(enterdb.c)
0002:00020500  __EnterWVIDEO_
0003:00004940+ ___WD_Present
Module: j:\ow19/lib386/os2\clib3r.lib(crwdata)
0003:00004988  __osmajor
0003:00004989  __osminor
0003:00004954* __LpDllName
0003:00004958* __LpwCmdLine
0003:0000495c* __LpwPgmName
0003:00004960* __LpwDllName
0003:0000494c  __LpCmdLine
0003:00004950  __LpPgmName
0003:00004944* __dynend
0003:00004948  __curbrk
0003:00004964* __STACKLOW
0003:00004968* __STACKTOP
0003:0000496c  __ASTACKSIZ
0003:00004970  __ASTACKPTR
0003:00004974  __cbyte
0003:00004978  __cbyte2
0003:0000497c* __child
0003:00004982  __Envptr
0003:00004986* __Envseg
0003:00004980  __no87
0003:0000498a* ___FPE_handler
Module: j:\ow19/lib386/os2\clib3r.lib(cinit.c)
0002:00020530  __CommonInit_
0003:000081fc  ___hmodule
Module: j:\ow19/lib386/os2\clib3r.lib(initrtns.c)
0002:00020550  __InitRtns
0002:000205a0  __FiniRtns
Module: j:\ow19/lib386/os2\clib3r.lib(environ.c)
0003:00008200  ___env_mask
0003:00008204  _environ
0003:00008208* __wenviron
Module: j:\ow19/lib386/os2\clib3r.lib(mbterm.c)
0002:00020600  _mbterm_
Module: j:\ow19/lib386/os2\clib3r.lib(mbsnextc.c)
0002:00020640  _mbsnextc_
Module: j:\ow19/lib386/os2\clib3r.lib(mbcupper.c)
0002:00020680  _mbctoupper_
Module: j:\ow19/lib386/os2\clib3r.lib(mbsinc.c)
0002:000206a0  _mbsinc_
Module: j:\ow19/lib386/os2\clib3r.lib(nmalloc.c)
0002:000206d0  _nmalloc_
0002:000206d0  malloc_
0003:00004990  ___nheapbeg
0003:00004994  ___MiniHeapRover
0003:00004998  ___LargestSizeB4MiniHeapRover
Module: j:\ow19/lib386/os2\clib3r.lib(prtf.c)
0002:000207d0  __prtf_
Module: j:\ow19/lib386/os2\clib3r.lib(fprtf.c)
0002:000214c0  __fprtf_
Module: j:\ow19/lib386/os2\clib3r.lib(initfile.c)
0002:000215b0  __InitFiles_
Module: j:\ow19/lib386/os2\clib3r.lib(ioexit.c)
0002:000216b0* fcloseall_
0002:000216c0  __full_io_exit_
Module: j:\ow19/lib386/os2\clib3r.lib(flush.c)
0002:000216d0  __flush_
Module: j:\ow19/lib386/os2\clib3r.lib(flushall.c)
0002:000217d0  __flushall_
0002:00021810  flushall_
Module: j:\ow19/lib386/os2\clib3r.lib(unlnkos2.c)
0002:00021820  unlink_
Module: ..\..\..\txlib\_txall_\lib\txos2t.lib(H:\c\txlib\txwehook.c)
0002:000218d3* txwAttachEventHook_
0002:00021a02* txwDetachEventHook_
0002:00021b20* txwQueryEventHook_
0002:00021be8  txwSignalEventHook_
Module: j:\ow19/lib386/os2\clib3r.lib(register.c)
0002:00021d00  __initthread_
0002:00021d10  _beginthread_
0002:00021d20  _endthread_
0002:00021d30* __RegisterThreadData_
Module: ..\..\..\txlib\_txall_\lib\txos2t.lib(H:\c\txlib\txwproc.c)
0002:0002247c  txwDefWindowProc_
0002:00022690  txwDefDlgProc_
0002:0002449e  txwMouseButtonDown_
0002:00024dfc  txwDismissDlg_
0002:00024f3a+ txwCreateDlg_
0002:000250b8+ txwProcessDlg_
0002:00025269  txwDlgBox_
Module: ..\..\..\txlib\_txall_\lib\txos2t.lib(H:\c\txlib\txwidget.c)
0002:00025b8c  txwInitGenericWidgets_
0002:00025c5a  txwTermGenericWidgets_
0002:00025d0a  txwWidgetSize_
0002:00025e31  txwCreateWidgets_
0002:00026115* txwWidgetDialog_
Module: ..\..\..\txlib\_txall_\lib\txos2t.lib(H:\c\txlib\txwhelp.c)
0002:0002926b* txwGetHelpText_
0002:0002938f  txwHelpDialog_
0002:000299aa  txwRegisterHelpText_
0002:00029c13* txwTerminateHelpManager_
Module: ..\..\..\txlib\_txall_\lib\txos2t.lib(H:\c\txlib\txafail.c)
0002:00029efe  TxFsAutoFailCriticalErrors_
0003:0000539c+ _TxAutoFail
Module: ..\..\..\txlib\_txall_\lib\txos2t.lib(H:\c\txlib\txselist.c)
0002:0002a677  TxSelGetMaxLength_
0002:0002a84c  TxSelScrollUp_
0002:0002a96d  TxSelScrollDown_
0002:0002aa81  TxSelSetPosition_
0002:0002abc8  TxSelSetSelected_
0002:0002acff* TxSelItterateSelected_
0002:0002ae77  TxSelCharSelect_
0002:0002afd4* TxSelStringSelect_
0002:0002b188  TxSelSortString_
0002:0002bb5e  TxSelSortUserData_
0002:0002bf2f  TxSelReverseOrder_
0002:0002c08e  TxSelSortCurrent_
0002:0002c1c8* TxSelGetCharSelect_
0002:0002c42f* TxSetMenuItemFlag_
0002:0002c5fc+ TxSetListItemFlag_
0002:0002c768+ TxSelSetItemInfo_
0002:0002c861  TxSelCreate_
0002:0002cafc  txSelDestroy_
0002:0002ceee+ txSelItemDestroy_
0002:0002d15b* TxSelDeleteCurrent_
0002:0002d264* TxSelistFromTxt_
0002:0002d443* TxSelistDuplicate_
0002:0002d69e  TxSelEmptyList_
Module: ..\..\..\txlib\_txall_\lib\txos2t.lib(H:\c\txlib\txfname.c)
0002:0002d837  TxGetBaseName_
0002:0002d866  TxStripBaseName_
Module: ..\..\..\txlib\_txall_\lib\txos2t.lib(H:\c\txlib\txfsys.c)
0002:0002dd3e  TxFsVolumes_
0002:0002dfd4+ TxFsVolumeLabel_
0002:0002e11c* TxFsDrivemap_
0002:0002e21a+ TxFsShow_
0002:0002e4f1  TxFsDriveSelist_
0002:0002ebc4+ TxFsType_
0002:0002ef30* TxFsEjectRemovable_
0002:0002f08a+ TxFsIsRemovable_
0002:0002f2f1+ TxFsSpace_
Module: ..\..\..\txlib\_txall_\lib\txos2t.lib(H:\c\txlib\txwildc.c)
0002:0002f49b  TxStrWcnt_
0002:0002f4b7+ TxStrWcmp_
0002:0002f5a9  TxStrWicmp_
Module: ..\..\..\txlib\_txall_\lib\txos2t.lib(H:\c\txlib\txtname.c)
0002:0002f6bc  TxTrueNameDir_
Module: ..\..\..\txlib\_txall_\lib\txos2t.lib(H:\c\txlib\txtree.c)
0002:000300a2  TxFileDirSelist_
0002:00030747  txWildcard2Filter_
0002:000309be  txFreeFilter_
0002:00030b4a+ TxFindFirstFile_
0002:00030e17+ TxFindNextFile_
0002:00031073+ TxFindClose_
0002:0003118d* txFileTreeOneFile_
0002:00031349* txFileTreeNoPath_
0002:00031462+ TxFileTree_
Module: ..\..\..\txlib\_txall_\lib\txos2t.lib(H:\c\txlib\txmpath.c)
0002:000325d2  TxMakePath_
0002:0003274b* TxMake8dot3_
Module: j:\ow19/lib386/os2\clib3r.lib(setbits.c)
0002:00032a50  __setbits_
Module: j:\ow19/lib386/os2\clib3r.lib(bits.c)
0002:00032a90  __Bits
Module: j:\ow19/lib386/os2\clib3r.lib(scnf.c)
0002:00033600  __scnf_
Module: j:\ow19/lib386/os2\clib3r.lib(stricmp.c)
0002:00033870  stricmp_
Module: j:\ow19/lib386/os2\clib3r.lib(mem.c)
0002:000338b0  __MemAllocator
0002:00033960  __MemFree
Module: j:\ow19/lib386/os2\clib3r.lib(strnicmp.c)
0002:00033aa0  strnicmp_
Module: j:\ow19/lib386/os2\clib3r.lib(itsto32.c)
0002:00033af0  __init_threadstksize_
Module: j:\ow19/lib386/os2\clib3r.lib(localtim.c)
0002:00033b00+ _localtime_
0002:00033b60  localtime_
Module: j:\ow19/lib386/os2\clib3r.lib(strftime.c)
0002:00033ddd  strftime_
Module: j:\ow19/lib386/os2\clib3r.lib(time.c)
0002:00034320  time_
Module: j:\ow19/lib386/os2\clib3r.lib(qsort.c)
0002:000343b0  qsort_
Module: ..\..\..\txlib\_txall_\lib\txos2t.lib(H:\c\txlib\txstring.c)
0002:00034a58  TxRepl_
0002:00034a70* TxRepStr_
0002:00034afc  TxStrip_
0002:00034b3d  TxPClip_
0002:00034b77  TxStrToUpper_
0002:00034b95* TxStrToLower_
Module: j:\ow19/lib386/os2\clib3r.lib(__lseek.c)
0002:00034bb0  __lseek_
Module: j:\ow19/lib386/os2\clib3r.lib(_clseos2.c)
0002:00034be0  __close_
Module: j:\ow19/lib386/os2\clib3r.lib(freefp.c)
0002:00034c20  __freefp_
0002:00034c70  __purgefp_
Module: j:\ow19/lib386/os2\clib3r.lib(comtflag.c)
0002:00034ca0* __set_commode_
0003:000055ec  __commode
Module: j:\ow19/lib386/os2\clib3r.lib(seterrno.c)
0002:00034cab  __set_errno_
0002:00034cb9* __set_EDOM_
0002:00034cc7  __set_ERANGE_
0002:00034cd5* __set_EINVAL_
0002:00034ce8  __set_doserrno_
Module: j:\ow19/lib386/os2\clib3r.lib(openos2.c)
0002:00034ec0* open_
0002:00034ee0  sopen_
Module: j:\ow19/lib386/os2\clib3r.lib(fseek.c)
0002:00034f60  fseek_
Module: j:\ow19/lib386/os2\clib3r.lib(chktty.c)
0002:00035070  __chktty_
Module: j:\ow19/lib386/os2\clib3r.lib(allocfp.c)
0002:000350b0  __allocfp_
Module: j:\ow19/lib386/os2\clib3r.lib(strrchr.c)
0002:00035180  strrchr_
Module: ..\..\..\txlib\_txall_\lib\txos2t.lib(H:\c\txlib\txosapi.c)
0002:00035253  TxLargeFileApiOS2_
Module: j:\ow19/lib386/os2\clib3r.lib(__stos)
0002:000354c0  __STOSB
0002:000354f7* __STOSD
Module: j:\ow19/lib386/os2\clib3r.lib(system.c)
0002:000355a0  system_
Module: j:\ow19/lib386/os2\clib3r.lib(toupper.c)
0002:00035620  toupper_
Module: ..\..\..\txlib\_txall_\lib\txos2t.lib(H:\c\txlib\txwprint.c)
0002:00035701* txwInitPrintfSBHook_
0002:000358f8* txwTermPrintfSBHook_
0002:00036059  txwPaintSbView_
0002:000361a0* txwSavePrintfSB_
Module: ..\..\..\txlib\_txall_\lib\txos2t.lib(H:\c\txlib\txwhexed.c)
0002:000387fb+ txwInitHexeditDialogs_
0002:000388c9* txwHexEditor_
0002:00038fb1  txwPaintHexEdit_
0002:0003a7eb+ txwHexEditWinProc_
Module: j:\ow19/lib386/os2\clib3r.lib(mthrdini.c)
0002:0003bb70  __InitThreadData_
0003:000059dc  ___ThreadDataSize
Module: j:\ow19/lib386/os2\clib3r.lib(cmain386.c)
0002:0003bb90  __CMain
Module: j:\ow19/lib386/os2\clib3r.lib(dosseg)
0000:00001234  __DOSseg__
Module: j:\ow19/lib386/os2\clib3r.lib(histsplt.c)
0003:00008290  ___historical_splitparms
Module: j:\ow19/lib386/os2\clib3r.lib(___argc.c)
0003:00008294  ____Argc
0003:00008298  ____Argv
Module: j:\ow19/lib386/os2\clib3r.lib(amblksiz.c)
0003:000059e0  __amblksiz
Module: j:\ow19/lib386/os2\clib3r.lib(setenvp.c)
0002:0003bbd0  __setenvp_
0002:0003bc90  __freeenvp_
Module: j:\ow19/lib386/os2\clib3r.lib(mbisdbcs.c)
0003:000082a0  ___IsDBCS
Module: j:\ow19/lib386/os2\clib3r.lib(mbislead.c)
0002:0003bce0* _ismbblead_
0003:000082a4  ___MBCSIsTable
Module: j:\ow19/lib386/os2\clib3r.lib(mbinit.c)
0002:0003bd31  __mbinit_
0003:000059e4  ___MBCodePage
Module: j:\ow19/lib386/os2\clib3r.lib(mbdtoupp.c)
0002:0003be30  _mbdtoupper_
Module: j:\ow19/lib386/os2\clib3r.lib(nmemneed.c)
0002:0003be50  __nmemneed_
Module: j:\ow19/lib386/os2\clib3r.lib(grownear.c)
0002:0003bfc0  __ExpandDGROUP_
Module: j:\ow19/lib386/os2\clib3r.lib(wctomb.c)
0002:0003bfe0  wctomb_
Module: j:\ow19/lib386/os2\clib3r.lib(itoa.c)
0002:0003c010+ utoa_
0002:0003c060  itoa_
Module: j:\ow19/lib386/os2\clib3r.lib(strupr.c)
0002:0003c090  strupr_
Module: j:\ow19/lib386/os2\clib3r.lib(noefgfmt.c)
0003:000059e8  ___EFG_printf
0003:000059ec  ___EFG_scanf
Module: j:\ow19/lib386/os2\clib3r.lib(lltoa.c)
0002:0003c100  ulltoa_
0002:0003c170* lltoa_
Module: j:\ow19/lib386/os2\clib3r.lib(ltoa.c)
0002:0003c1a0  ultoa_
0002:0003c1f0* ltoa_
Module: j:\ow19/lib386/os2\clib3r.lib(fputc.c)
0002:0003c220  fputc_
Module: j:\ow19/lib386/os2\clib3r.lib(ioalloc.c)
0002:0003c300  __ioalloc_
Module: j:\ow19/lib386/os2\clib3r.lib(fsync.c)
0002:0003c3a0  fsync_
Module: j:\ow19/lib386/os2\clib3r.lib(qwrit.c)
0002:0003c3d0  __qwrite_
Module: j:\ow19/lib386/os2\clib3r.lib(dosret.c)
0002:0003c470* _dosretax_
0002:0003c480* _dosret0_
0002:0003c490  __set_errno_dos_
0002:0003c4c0* __set_errno_dos_reterr_
Module: j:\ow19/lib386/os2\clib3r.lib(thredo32.c)
0002:0003c570  __CBeginThread_
0002:0003c610  __CEndThread_
Module: ..\..\..\txlib\_txall_\lib\txos2t.lib(H:\c\txlib\txwikey.c)
0002:0003ca7f  txwIkeyTextview_
0002:0003cf8f  txwIkeySbView_
0002:0003d33e  txwIkeyEntryfield_
0002:0003de3c  txwIkeyButton_
0002:0003e29f  txwIkeyListBox_
Module: j:\ow19/lib386/os2\clib3r.lib(nrealloc.c)
0002:0003f7a0* _nrealloc_
0002:0003f7a0  realloc_
Module: j:\ow19/lib386/os2\clib3r.lib(memmove.c)
0002:0003f820  memmove_
Module: j:\ow19/lib386/os2\clib3r.lib(gtcwdos2.c)
0002:0003f880  getcwd_
Module: j:\ow19/lib386/os2\clib3r.lib(fltused.c)
0003:00005af4  _fltused_
Module: j:\ow19/lib386/os2\emu387.lib(386)
0002:0003f940  __init_387_emulator
0002:0003f941* __fini_387_emulator
Module: j:\ow19/lib386/os2\clib3r.lib(_8087)
0003:00005af8  __8087
0003:00005af9  __real87
Module: j:\ow19/lib386/os2\clib3r.lib(gmtime.c)
0002:0003f990  __brktime_
0002:0003fa90+ _gmtime_
0002:0003fab0  gmtime_
Module: ..\..\..\txlib\_txall_\lib\txos2t.lib(H:\c\txlib\txfsattr.c)
0002:0003facd  txFileAttr2String_
0002:0003fb13* txWinFileTime2t_
0002:0003fb74* txCt2WinFileTime_
0002:0003fbbe  txOS2FileTime2t_
0002:0003fcb0* txCt2OS2FileTime_
Module: j:\ow19/lib386/os2\clib3r.lib(mbtowc.c)
0002:0003fd40  mbtowc_
Module: j:\ow19/lib386/os2\clib3r.lib(fdfs386)
0002:0003fdfc  __FDFS
Module: j:\ow19/lib386/os2\clib3r.lib(i8m)
0002:0003fe48* __I8M
0002:0003fe48  __U8M
Module: j:\ow19/lib386/os2\clib3r.lib(tzset.c)
0003:00005afc  ___start_dst
0003:00005b20  ___end_dst
0003:00005c48  _tzname
0003:00005c50  _timezone
0003:00005c54  _daylight
0003:00005c58  ___dst_adjust
0002:0003fec0* __DontCacheOSTZ_
0002:0003fed0* __CacheOSTZ_
0002:000403b0+ __parse_tz_
0002:000405e0  tzset_
Module: j:\ow19/lib386/os2\clib3r.lib(timeutil.c)
0002:00040750  __isindst_
Module: j:\ow19/lib386/os2\clib3r.lib(leapyear.c)
0002:00040a80  __leapyear_
0003:00000054  ___diyr
0003:0000006e  ___dilyr
Module: j:\ow19/lib386/os2\clib3r.lib(gtctmos2.c)
0002:00040ac0  __getctime_
Module: j:\ow19/lib386/os2\clib3r.lib(mktime.c)
0002:00040b30  mktime_
Module: j:\ow19/lib386/os2\clib3r.lib(iomode.c)
0002:00040bc0  __GetIOMode_
0002:00040be0  __SetIOMode_nogrow_
0003:00005c60  ___NFiles
0003:00005c64  ___init_mode
0003:00005cb4  ___io_mode
Module: j:\ow19/lib386/os2\clib3r.lib(umaskval.c)
0003:00005cb8  ___umaskval
Module: j:\ow19/lib386/os2\clib3r.lib(os2fil64.c)
0003:00005cbc  ___os2_DosOpenL
0003:00005cc0+ ___os2_DosSetFilePtrL
0003:00005cc4+ ___os2_DosSetFileSizeL
0003:00005cc8+ ___os2_DosSetFileLocksL
Module: j:\ow19/lib386/os2\clib3r.lib(isattos2.c)
0002:00040cf0  isatty_
Module: j:\ow19/lib386/os2\clib3r.lib(stiomode.c)
0002:00040d20  __grow_iomode_
0002:00040df0+ __shrink_iomode_
0002:00040e70  __SetIOMode_
Module: j:\ow19/lib386/os2\clib3r.lib(lseek.c)
0002:00040ee0  lseek_
Module: j:\ow19/lib386/os2\clib3r.lib(tell.c)
0002:00040f10  tell_
Module: j:\ow19/lib386/os2\clib3r.lib(_slashc.c)
0002:00040f30  __Slash_C_
Module: j:\ow19/lib386/os2\clib3r.lib(splp.c)
0002:00040f40  spawnlp_
Module: ..\..\..\txlib\_txall_\lib\txos2t.lib(H:\c\txlib\txcon2.c)
0002:00040fbf  TxPrintHook_
Module: j:\ow19/lib386/os2\clib3r.lib(atoi.c)
0002:000411d0  atoi_
Module: j:\ow19/lib386/os2\clib3r.lib(nheapchk.c)
0002:00041340* _nheapchk_
0002:00041340  _heapchk_
0003:000083ac+ ___nheapchk_current
Module: ..\..\..\txlib\_txall_\lib\txos2t.lib(H:\c\txlib\txcrc32.c)
0002:000413c9  TxCrc32_
0002:00041400* TxHpfsCheckSum_
Module: ..\..\..\txlib\_txall_\lib\txos2t.lib(H:\c\txlib\txcon3.c)
0002:00041459  TxPrompt_
Module: j:\ow19/lib386/os2\clib3r.lib(exit.c)
0002:00041625+ __null_int23_exit_
0002:00041626  exit_
0002:00041676* _exit_
0003:000060ec  ___int23_exit
0003:000060f0+ ___FPE_handler_exit
Module: j:\ow19/lib386/os2\clib3r.lib(clearenv.c)
0002:00041690  clearenv_
Module: j:\ow19/lib386/os2\clib3r.lib(heapen.c)
0002:00041720* _heapenable_
0003:000060f4  ___heap_enabled
Module: j:\ow19/lib386/os2\clib3r.lib(nheapmin.c)
0002:00041750  _nheapshrink_
0002:00041750* _nheapmin_
0002:00041750* _heapmin_
0002:00041750  _heapshrink_
Module: j:\ow19/lib386/os2\clib3r.lib(alphabet.c)
0003:00000088  ___Alphabet
Module: j:\ow19/lib386/os2\clib3r.lib(mthread.c)
0002:00041880+ __CloseSemaphore_
0002:000418f0+ __AccessIOB_
0002:00041900+ __ReleaseIOB_
0002:00041910+ __AccessFileH_
0002:00041920+ __ReleaseFileH_
0002:00041930+ __AccessNHeap_
0002:00041940+ __ReleaseNHeap_
0002:00041950+ __AccessFHeap_
0002:00041960+ __ReleaseFHeap_
0002:00041970+ __AccessTDList_
0002:00041980+ __AccessSemaphore_
0002:000419e0+ __ReleaseTDList_
0002:000419f0+ __ReleaseSemaphore_
0002:00041a20+ __MultipleThread_
0002:00041a60  __AllocInitThreadData_
0002:00041ab0* __FreeInitThreadData_
0002:00041ac0  __OS2AddThread_
0002:00041b30  __OS2RemoveThread_
0002:00041b80  __InitMultipleThread_
0003:000060f8+ ___AccessSema4
0003:000060fc+ ___ReleaseSema4
0003:00006100+ ___CloseSema4
Module: j:\ow19/lib386/os2\clib3r.lib(chk8087.c)
0002:00041d10  _fpreset_
0002:00041d30* __init_8087_
0002:00041d40  __chk8087_
Module: j:\ow19/lib386/os2\clib3r.lib(trdalloc.c)
0002:00041d90  __InitThreadProcessing_
0002:00041db0  __FiniThreadProcessing_
0003:00008500  ___ThreadData
Module: j:\ow19/lib386/os2\clib3r.lib(nmsize.c)
0002:00041e10  _nmsize_
0002:00041e10* _msize_
Module: j:\ow19/lib386/os2\clib3r.lib(nexpand.c)
0002:00041e20  _nexpand_
0002:00041e20* _expand_
0002:00041e60+ __HeapManager_expand_
Module: j:\ow19/lib386/os2\clib3r.lib(setefg.c)
0002:00042020  __setEFGfmt_
Module: j:\ow19/lib386\math387r.lib(fchop87)
0002:00042038  __CHP
Module: j:\ow19/lib386/os2\clib3r.lib(i8s)
0002:00042050* __U8RS
0002:0004206a  __I8RS
0002:00042085* __I8LS
0002:00042085* __U8LS
Module: j:\ow19/lib386/os2\clib3r.lib(locmktim.c)
0002:000420a0  __local_mktime_
Module: j:\ow19/lib386/os2\clib3r.lib(hdlman.c)
0002:000421e0* __set_handles_
0002:000421f0* _grow_handles_
0003:00006104  ___NHandles
Module: j:\ow19/lib386/os2\clib3r.lib(iomodtty.c)
0002:00042250  __ChkTTYIOMode_
0002:00042290* __IOMode_
Module: j:\ow19/lib386/os2\clib3r.lib(spvp.c)
0002:000422b0  spawnvp_
Module: j:\ow19/lib386/os2\clib3r.lib(nheapwal.c)
0002:000422c0* _nheapwalk_
0002:000422c0* _heapwalk_
0002:000422f0  __NHeapWalk_
Module: j:\ow19/lib386/os2\clib3r.lib(fgets.c)
0002:000423a0  fgets_
Module: j:\ow19/lib386/os2\clib3r.lib(maxthrds.c)
0003:00006108  ___MaxThreads
Module: j:\ow19/lib386/os2\clib3r.lib(trdlist.c)
0002:00042460  __GetThreadData_
0002:00042570  __ReallocThreadData_
0002:000426e0  __AddThreadData_
0002:00042760  __RemoveThreadData_
0002:000427c0* __ResizeThreadDataList_
0002:00042810  __FreeThreadDataList_
0002:00042840* __ActiveThreads_
Module: j:\ow19/lib386/os2\clib3r.lib(8087cw.c)
0003:0000610c  __8087cw
Module: j:\ow19/lib386/os2\clib3r.lib(init8087)
0002:00042860  __x87id
Module: j:\ow19/lib386/os2\clib3r.lib(thrdmax.c)
0002:000428a0  __GETMAXTHREADS
Module: j:\ow19/lib386\math387r.lib(efgfmt.c)
0002:000428a6  _EFG_Format_
Module: j:\ow19/lib386\math387r.lib(cnvs2d.c)
0002:00042a10  __cnvs2d_
Module: j:\ow19/lib386/os2\clib3r.lib(spvpe.c)
0002:00042a23  spawnvpe_
Module: j:\ow19/lib386/os2\clib3r.lib(fgetc.c)
0002:00042b80+ __fill_buffer_
0002:00042c80  fgetc_
Module: j:\ow19/lib386/os2\clib3r.lib(rtcntrl.c)
0002:00042d40* _SetLD64bit_
0002:00042d50* _SetLD80bit_
0002:00042d60  _LDisDouble_
Module: j:\ow19/lib386\math387r.lib(ldcvt.c)
0002:00042e4f  _LDScale10x_
0002:000433f6  __LDcvt_
Module: j:\ow19/lib386\math387r.lib(strtod.c)
0002:00043d57+ __Strtold_
0002:00043ebe  strtod_
Module: j:\ow19/lib386/os2\clib3r.lib(spve.c)
0002:00044060  spawnve_
Module: j:\ow19/lib386/os2\clib3r.lib(strlen.c)
0002:000443f0  strlen_
Module: j:\ow19/lib386/os2\clib3r.lib(strchr.c)
0002:00044410  strchr_
Module: j:\ow19/lib386/os2\clib3r.lib(memcpy.c)
0002:00044430  memcpy_
Module: j:\ow19/lib386/os2\clib3r.lib(gtcheos2.c)
0002:00044450  getche_
Module: j:\ow19/lib386/os2\clib3r.lib(qread.c)
0002:00044480  __qread_
Module: j:\ow19/lib386\math387r.lib(ldclass.c)
0002:000444ae  __LDClass_
0002:000444fe* _FLClass_
Module: j:\ow19/lib386\math387r.lib(bufld386)
0002:00044510  __ZBuf2LD
Module: j:\ow19/lib386\math387r.lib(inf_nan.c)
0002:000445b3* ___f_infinity
0002:000445b7* ___f_posqnan
0002:000445bb  ___d_infinity
0002:000445c3  ___d_posqnan
0002:000445cb* ___ld_infinity
0002:000445d3* ___ld_posqnan
Module: j:\ow19/lib386/os2\clib3r.lib(hugeval.c)
0002:000445e0  __HugeValue
Module: j:\ow19/lib386/os2\clib3r.lib(accssos2.c)
0002:000445f0  access_
Module: j:\ow19/lib386/os2\clib3r.lib(cenvarg.c)
0002:00044651  __cenvarg_
0002:00044765  __ccmdline_
Module: j:\ow19/lib386/os2\clib3r.lib(exveos2.c)
0002:000447a1  execve_
0003:000061bc* ___p_overlay
Module: j:\ow19/lib386/os2\clib3r.lib(stack386.c)
0002:000447e0  stackavail_
Module: j:\ow19/lib386/os2\clib3r.lib(split2.c)
0002:00044850  _splitpath2_
Module: j:\ow19/lib386/os2\clib3r.lib(makepath.c)
0002:000449c0  _makepath_
Module: j:\ow19/lib386/os2\clib3r.lib(spl.c)
0002:00044b70  spawnl_
Module: j:\ow19/lib386/os2\clib3r.lib(dospnos2.c)
0002:00044c50  _dospawn_
Module: j:\ow19/lib386/os2\clib3r.lib(strcpy.c)
0002:00044f10  strcpy_
Module: j:\ow19/lib386/os2\clib3r.lib(putchos2.c)
0002:00044f40  putch_
Module: j:\ow19/lib386/os2\clib3r.lib(mbsnccnt.c)
0002:00044f90  _mbsnccnt_
Module: j:\ow19/lib386/os2\clib3r.lib(mbsncpy.c)
0002:00044fc0  _mbsncpy_
Module: j:\ow19/lib386/os2\clib3r.lib(mbsnbcnt.c)
0002:00044fe0  _mbsnbcnt_
Module: j:\ow19/lib386/os2\clib3r.lib(mbconv.c)
0002:00045050  _mbvtop_
Module: j:\ow19/lib386/os2\clib3r.lib(mbclen.c)
0002:00045070  _mbclen_
Module: j:\ow19/lib386/os2\clib3r.lib(mbsdec.c)
0002:000450a0  _mbsdec_
Module: j:\ow19/lib386/os2\clib3r.lib(mbsnbcpy.c)
0002:00045120  _mbsnbcpy_


                        +----------------------+
                        |   Imported Symbols   |
                        +----------------------+

Symbol                              Module
======                              ======

DosSleep                            DOSCALLS
VIO16GETMODE                        VIOCALLS
VIO16GETCURPOS                      VIOCALLS
VIO16SETCURPOS                      VIOCALLS
VIO16GETCURTYPE                     VIOCALLS
VIO16SETCURTYPE                     VIOCALLS
VIO16SETSTATE                       VIOCALLS
VIO16WRTCHARSTR                     VIOCALLS
VIO16WRTCHARSTRATT                  VIOCALLS
VIO16WRTCELLSTR                     VIOCALLS
VIO16READCELLSTR                    VIOCALLS
VIO16WRTNCELL                       VIOCALLS
VIO16SCROLLUP                       VIOCALLS
VIO16SCROLLDN                       VIOCALLS
DosGetInfoBlocks                    DOSCALLS
DosQueryCtryInfo                    NLS
DosWrite                            DOSCALLS
DosQuerySysInfo                     DOSCALLS
DosExit                             DOSCALLS
DosRequestMutexSem                  DOSCALLS
DosReleaseMutexSem                  DOSCALLS
DosPostEventSem                     DOSCALLS
DosDevIOCtl                         DOSCALLS
DosResetEventSem                    DOSCALLS
DosWaitEventSem                     DOSCALLS
MOU16READEVENTQUE                   MOUCALLS
DosCreateMutexSem                   DOSCALLS
DosCreateEventSem                   DOSCALLS
DosOpen                             DOSCALLS
MOU16OPEN                           MOUCALLS
MOU16SETPTRPOS                      MOUCALLS
MOU16SETEVENTMASK                   MOUCALLS
MOU16SETDEVSTATUS                   MOUCALLS
MOU16FLUSHQUE                       MOUCALLS
DosClose                            DOSCALLS
MOU16CLOSE                          MOUCALLS
DosCloseMutexSem                    DOSCALLS
DosCloseEventSem                    DOSCALLS
KBD16CHARIN                         KBDCALLS
DosFlatToSel                        DOSCALLS
DosSelToFlat                        DOSCALLS
DosCreatePipe                       DOSCALLS
DosDupHandle                        DOSCALLS
DosWaitThread                       DOSCALLS
DosRead                             DOSCALLS
DosDelete                           DOSCALLS
DosError                            DOSCALLS
DosQueryCurrentDisk                 DOSCALLS
DosQueryFSInfo                      DOSCALLS
DosQueryFSAttach                    DOSCALLS
DosQueryPathInfo                    DOSCALLS
DosFindFirst                        DOSCALLS
DosFindNext                         DOSCALLS
DosFindClose                        DOSCALLS
DosSetPathInfo                      DOSCALLS
DosCreateDir                        DOSCALLS
DosSetFilePtr                       DOSCALLS
DosLoadModule                       DOSCALLS
DosQueryProcAddr                    DOSCALLS
DosQueryDBCSEnv                     NLS
DosQueryCp                          DOSCALLS
DosAllocMem                         DOSCALLS
DosResetBuffer                      DOSCALLS
DosCreateThread                     DOSCALLS
DosQueryCurrentDir                  DOSCALLS
DosGetDateTime                      DOSCALLS
DosQueryModuleHandle                DOSCALLS
DosQueryHType                       DOSCALLS
DosSetRelMaxFH                      DOSCALLS
DosFreeMem                          DOSCALLS
DosDevConfig                        DOSCALLS
DosQueryAppType                     DOSCALLS
DosExecPgm                          DOSCALLS
DosStartSession                     SESMGR
DosCreateQueue                      QUECALLS
DosReadQueue                        QUECALLS
DosCloseQueue                       QUECALLS
VIO16WRTTTY                         VIOCALLS


                        +--------------------+
                        |   Libraries Used   |
                        +--------------------+

..\..\..\txlib\_txall_\lib\txos2t.lib
j:\ow19/lib386/os2\clib3r.lib
j:\ow19/lib386\math387r.lib
j:\ow19/lib386/os2\emu387.lib
j:\toolkit\lib\os2386.lib


                        +-----------------------+
                        |   Linker Statistics   |
                        +-----------------------+

Stack size:  00020000 (131072.)
Memory size:  0006d6f8 (448248.)
Entry point address: 0002:0000a4a2
Link time: 00:00.23
