Open Watcom Linker Version 1.9
Portions Copyright (c) 1985-2002 Sybase, Inc. All Rights Reserved.
Created on:       14/06/13 15:51:41
Executable Image: ..\sam7os2t.exe
creating an OS/2 32-bit executable


                        +------------+
                        |   Groups   |
                        +------------+

Group                           Address              Size
=====                           =======              ====

DGROUP                          0003:00000000        0002a420



                        +--------------+
                        |   Segments   |
                        +--------------+

Segment                Class          Group          Address         Size
=======                =====          =====          =======         ====

_TEXT16                CODE           AUTO           0001:00000000   00000068
BEGTEXT                CODE           AUTO           0002:00000000   00000007
_TEXT                  CODE           AUTO           0002:00000010   0004d2d0
_NULL                  BEGDATA        DGROUP         0003:00000000   00000004
_AFTERNULL             BEGDATA        DGROUP         0003:00000004   00000000
CONST                  DATA           DGROUP         0003:00000004   000000ac
CONST2                 DATA           DGROUP         0003:000000b0   00000000
_DATA                  DATA           DGROUP         0003:000000b0   00007fcc
XIB                    DATA           DGROUP         0003:0000807c   00000000
XI                     DATA           DGROUP         0003:0000807c   00000048
XIE                    DATA           DGROUP         0003:000080c4   00000000
YIB                    DATA           DGROUP         0003:000080c4   00000000
YI                     DATA           DGROUP         0003:000080c4   00000024
YIE                    DATA           DGROUP         0003:000080e8   00000000
TIB                    DATA           DGROUP         0003:000080e8   00000000
TI                     DATA           DGROUP         0003:000080e8   00000000
TIE                    DATA           DGROUP         0003:000080e8   00000000
DATA                   DATA           DGROUP         0003:000080e8   00000000
_BSS                   BSS            DGROUP         0003:000080e8   00002334
stack                  STACK          DGROUP         0003:0000a420   00020000


                        +----------------+
                        |   Memory Map   |
                        +----------------+

* = unreferenced symbol
+ = symbol only referenced locally

Address        Symbol
=======        ======

Module: sam7.obj(H:\c\sam7\sam7.c)
0003:000000b0+ _switchhelp
0003:000000e4+ _sam_about
0002:00001688  main_
Module: j:\ow19/lib386/os2\clib3r.lib(stk)
0002:00002689  __STK
0002:00002679  __CHK
0002:000026b8  __GRO
0002:000026a8* __STKOVERFLOW_
Module: ..\..\..\txlib\_txall_\lib\txos2t.lib(H:\c\txlib\txtrace.c)
0003:00000e80  _TxTrLevel
0003:00000e84  _TxTrSlowDown
0003:00000e88  _TxTrLogOnly
0003:00000e8c+ _TxTrTstamp
0003:00000e90+ _TxTrIndent
0002:000027b4  TxTraceInitMain_
0002:00002938  TxTraceEnter_
0002:00002975  TxTraceReturn_
0002:000029d8  TxTraceRetBool_
0002:00002a41  TxTraceRetVoid_
0002:00002a92  TxTraceLeader_
Module: ..\..\..\txlib\_txall_\lib\txos2t.lib(H:\c\txlib\txcon.c)
0003:00000f0f  _txh_clean
0003:00000f13  _txh_raw
0002:00002c11  TxSetAscii7Mode_
0002:00002c7a* TxGetAscii7Mode_
0002:00002c80  TxSetAnsiMode_
0002:00002c9c  TxGetAnsiMode_
0002:00002ca2  TxScreenState_
0002:00002cb1  TxLogfileState_
0002:00002cc0* TxSetLogMaxSize_
0002:00002cc6* TxSetLogRetain_
0002:00002ccc  TxPrint_
0002:00002f49  TxStripAnsiCodes_
0002:00002f90  TxClaimKeyboard_
0002:00003058  TxCancelAbort_
0002:0000310f  TxSetPendingAbort_
0002:000031c9  TxAbort_
0002:000032cb  TxConfirm_
0002:000032fc* TxwConfirm_
0002:000034aa  TxMessage_
0002:000034e0* TxwMessage_
0003:00000f38  _ansi
Module: ..\..\..\txlib\_txall_\lib\txos2t.lib(H:\c\txlib\txparse.c)
0003:000020d8  _txacur
0003:000020dc+ _txa1st
0002:00003a78* TxaOptionLongName_
0002:00003bce  TxaParseArgcArgv_
0002:00003cff  TxaParseNumber_
0002:00004021  txaReadAndStoreItem_
0002:00004826  TxaNewParseElement_
0002:00004874  TxaDropParsedCommand_
0002:00004b49  TxaGetOption_
0002:00004c35  TxaOptionYes_
0002:00004cbc  TxaOptionStr_
0002:00004d1b  TxaOptionNum_
0002:00004d7a* TxaOptionBkmg_
0002:00004f0a  TxaGetArgv_
0002:00004f81  TxaGetArgc_
0002:00004f97* TxaGetOptc_
0002:00005061  txaHandle2Element_
0002:0000509e+ txaCopyItem_
Module: ..\..\..\txlib\_txall_\lib\txos2t.lib(H:\c\txlib\txparse2.c)
0002:00005556+ TxaParseCommandString_
0002:000057be* TxaSetItem_
0002:0000593a* TxaReParseCommand_
0002:00005a61* TxaOptionAsString_
0002:00005ba0* TxaOutputVerbosity_
0002:00005d0b* TxaErrorStrategy_
0002:00005e0a* TxSetNumberRadix_
0002:00005e6d* TxGetNumberRadix_
0002:00005e76* TxaParseBool_
0002:00005f7f* TxaGetArgString_
0002:000063c0* TxaGetComment_
0002:000064b3* TxaMutualX_
0002:000066dc  TxaShowParsedCommand_
0002:000068ad+ txaParseNextItem_
Module: ..\..\..\txlib\_txall_\lib\txos2t.lib(H:\c\txlib\txwiop.c)
0002:00006a8a  TxScreenTerminate_
0002:00006a8a  TxScreenInitialize_
0002:00006a8d  TxScreenCols_
0002:00006adf  TxCursorCol_
0002:00006b2f  TxScreenRows_
0002:00006b82  TxCursorRow_
0002:00006baf  TxSetCursorPos_
0002:00006be7  TxSetCursorStyle_
0002:00006c77  TxSetBrightBgMode_
0002:00006cc0  txwScrDrawCharString_
0002:00006d94  txwScrDrawCharStrCol_
0002:00006e7b  txwScrDrawCellString_
0002:00006fc3  txwScrReadCellString_
0002:0000702a  txwScrShadowRectangle_
0002:00007131  txwScrFillRectangle_
0002:000071fe  txwScrScrollRectangle_
0002:000072ac  txwScrVisibleLines_
Module: ..\..\..\txlib\_txall_\lib\txos2t.lib(H:\c\txlib\txlib.c)
0002:000072de  TxLibraryInit_
0002:00007455  TxLibraryExit_
0002:00007477* TxPrintTerminate_
0002:00007478+ TxPrintInit_
0003:000025e0+ _txwanchor
0003:0000278c  _txwa
Module: ..\..\..\txlib\_txall_\lib\txos2t.lib(H:\c\txlib\txlogfil.c)
0002:000075a9  TxAppendToLogFile_
0002:000076f5  TxSetLogReOpen_
0002:000076fb  TxCloseReopenLogFile_
0002:00007746  TxQueryLogFile_
0002:00007765  TxQueryLogName_
0002:00007776  TxBuildLogName_
0002:000077e7+ TxAutoNumberedFname_
Module: ..\..\..\txlib\_txall_\lib\txos2t.lib(H:\c\txlib\txdisp.c)
0002:000078fa* TxDisplAscDump_
0002:00007944  TxDisplHexDump_
0002:00007959+ TxDisplayHex_
0002:00007b14* TxDispLongHex_
0002:00007c94  TxPrintable_
0002:00007cab* TxPrintSafe_
0002:00007cd3  TxShowTxt_
Module: ..\..\..\txlib\_txall_\lib\txos2t.lib(H:\c\txlib\txwhelp.c)
0002:0000c1f7  txwHelpDialog_
0002:0000d4ed* txwSetLoadedHelpBaseId_
0002:0000d5c7* txwLoadRegisterHelpFile_
0002:0000d797  txwRegisterHelpText_
0002:0000d86b* txwGetHelpText_
0002:0000d98f* txwTerminateHelpManager_
Module: ..\..\..\txlib\_txall_\lib\txos2t.lib(H:\c\txlib\txwind.c)
0002:0000f8ef  txwInitializeDesktop_
0002:0000fd37  txwTerminateDesktop_
0002:0000feaa  txwIsWindow_
0002:0000febc  txwQueryWindow_
0002:00010035  txwWindowData_
0002:00010048  txwSetupWindowData_
0002:000103b4  txwCreateWindow_
0002:00010c1d  txwDestroyWindow_
0002:0001114f  txwSetFocus_
0002:0001146b* txwEnableWindow_
0002:000115d2  txwIsWindowEnabled_
0002:000116ae  txwShowWindow_
0002:00011962+ txwIsWindowVisible_
0002:00011a49  txwIsWindowShowing_
0002:00011b2d  txwIsRectShowing_
0002:00011cc7  txwFindNextFocus_
0002:00012065  txwFindPrevFocus_
0002:00012403  txwInvalidateAll_
0002:000124d5  txwInvalidateWindow_
0002:000126fc  txwInvalidateBorder_
0002:000127fd  txwQueryWindowPos_
0002:000129ad  txwQueryWindowRect_
0002:00012b62  txwQueryWindowUShort_
0002:00012be4* txwQueryWindowULong_
0002:00012be4  txwQueryWindowPtr_
0002:00012d0d  txwSetWindowUShort_
0002:00012d9c* txwSetWindowULong_
0002:00012d9c  txwSetWindowPtr_
0002:00012ec9  txwSetWindowPos_
0002:000136ce  txwWindowFromID_
0003:00003918  _txVbuf
Module: ..\..\..\txlib\_txall_\lib\txos2t.lib(H:\c\txlib\txwmsg.c)
0003:00003922+ _txw_hkeyboard
0002:00013b59  kbhit_
0002:00013f79  TxInputInitialize_
0002:000142f8  TxInputDesktopInit_
0002:00014446  TxInputTerminate_
0002:000144d1  txwGetInputEvent_
0002:0001450b  txwNotifyAsyncInput_
0002:000145cf  txwGetMsg_
0002:00014822  txwDispatchMsg_
0002:000148f2  txwSendMsg_
0002:00014ae1  txwPostMsg_
0002:00014d28  txwDestroyMessages_
0002:00014f60  txwQueueMsgPresent_
0002:00014ff0  txwSetAccelerator_
0002:000151a4+ txwTranslateAccel_
Module: ..\..\..\txlib\_txall_\lib\txos2t.lib(H:\c\txlib\txwdraw2.c)
0002:000154fb  txwSetSbviewStatus_
0002:00015612* txwDefaultStatusShow_
0002:00015625  txwSetDesktopTopLine_
0002:00015713* txwDrawCharString_
0002:0001585a  txwDrawCharStrCol_
0002:000158a3* txwDrawCellString_
0002:000158ea  txwFillClientWindow_
0002:00015a1b* txwScrollClientWindow_
0002:00015b61  txwSetCursorPos_
0002:00015caa  txwSetCursorStyle_
Module: ..\..\..\txlib\_txall_\lib\txos2t.lib(H:\c\txlib\txwutil.c)
0002:00016c04  txwValidateHandle_
0002:00016c71  txwValidateAndClip_
0002:00016d02  txwBeginEnumWindows_
0002:00016de8  txwEndEnumWindows_
0002:00016f0e  txwGetNextWindow_
0002:00017000+ txwIsChild_
0002:0001703a  txwIsDescendant_
0002:00017072  txwIsMinimized_
0002:0001716e  txwResetAutoRadioGroup_
0002:00017400  txwIsAccelCandidate_
0002:00017654  txwMsgDescription_
0002:00017bcc  txwKeyDescription_
0002:000182b7  txwClassDescription_
0002:000184d4  txwWusDescription_
0002:0001850e  txwWbsDescription_
0002:00018684  txwDumpWindows_
0002:0001879c  txwTopWindowAtPos_
0002:000188ed  txwSetCapture_
0002:000189c6  txwQueryCapture_
0002:00018a88  txwInRectangle_
0002:00018aad  txwIntersectRect_
0002:00018b16+ txwOverlappingRect_
0002:00018b62* txwUniteRect_
0002:00018bad  txwExclusionRectangles_
0002:00018ede  txwNormalRect_
0002:00018f61  txwMoveSizeRect_
0002:00018f9e  txwCalculateStringClip_
0002:0001900f  txwVisibleLineRegions_
0002:000190dc  txwAdd2History_
0002:00019202* txwInitializeHistory_
0002:000193a9* txwTerminateHistory_
0002:0001951f  TxSelistHistory_
0002:000199eb  txwGetHistory_
0002:00019bab+ txwPutHistory_
0002:00019d5c  txwDelCurrentHistory_
0002:00019ed0  txwFindHistory_
0002:0001a077  txwRfndHistory_
0002:0001a225+ txwSortHistory_
0002:0001a33f* txwDlgUs2Field_
0002:0001a37a* txwDlgUl2Field_
0002:0001a3b2* txwDlgField2Us_
0002:0001a3ef* txwDlgField2Ul_
0002:0001a41c* txwSbColorStyle_
0002:0001a4e1  txwListSort2frhText_
Module: ..\..\..\txlib\_txall_\lib\txos2t.lib(H:\c\txlib\txwstdlg.c)
0002:0001dbfe  txwInitStandardDialogs_
0002:0001dd01  txwTermStandardDialogs_
0002:0001ddd1  txwMessageBoxWidgets_
0002:0001ed3c  txwPromptBox_
0002:0001f5e8  txwListBox_
0002:0001fbf4  txwPositionListBox_
0002:000200e6  txwMenuBar_
0002:0002099d  txwViewText_
0002:00020c5f  txwOpenFileDialog_
0002:00020f6e* txwSaveAsFileDialog_
0002:00021267* txwSelDirFileDialog_
0002:00021471+ txwStdFileDialog_
0002:000223d8+ txwDefFileDlgProc_
0003:000054e4  _txwstd_footer
0003:00005520+ _txwfld_footer
Module: ..\..\..\txlib\_txall_\lib\txos2t.lib(H:\c\txlib\txwproc.c)
0002:0002392d  txwDefWindowProc_
0002:00023bff  txwDefDlgProc_
0002:00025980  txwMouseButtonDown_
0002:000262de  txwDismissDlg_
0002:0002641c+ txwCreateDlg_
0002:0002659a+ txwProcessDlg_
0002:0002674b  txwDlgBox_
Module: j:\ow19/lib386/os2\clib3r.lib(sprintf.c)
0002:00026840  sprintf_
Module: ..\..\..\txlib\_txall_\lib\txos2t.lib(H:\c\txlib\txosver.c)
0002:0002693f  TxOsVersion_
0002:00026d11  txVersionString_
Module: j:\ow19/lib386/os2\clib3r.lib(fopen.c)
0002:00026d40+ __open_flags_
0002:00026f50+ _fsopen_
0002:00026fa0  fopen_
0002:00027030* freopen_
Module: j:\ow19/lib386/os2\clib3r.lib(fclose.c)
0002:000270a0  __doclose_
0002:00027140  __shutdown_stream_
0002:00027160  fclose_
0003:0000a034+ ___RmTmpFileFn
Module: j:\ow19/lib386/os2\clib3r.lib(calloc.c)
0002:000271b0  calloc_
Module: j:\ow19/lib386/os2\clib3r.lib(fseek.c)
0002:00027220  fseek_
Module: j:\ow19/lib386/os2\clib3r.lib(fgets.c)
0002:00027330  fgets_
Module: j:\ow19/lib386/os2\clib3r.lib(nfree.c)
0002:000273a0  _nfree_
0002:000273a0  free_
0003:0000a038  ___MiniHeapFreeRover
Module: j:\ow19/lib386/os2\clib3r.lib(cstart)
0002:000274a8  _cstart_
Module: j:\ow19/lib386/os2\clib3r.lib(fltused.c)
0003:00005640  _fltused_
Module: j:\ow19/lib386/os2\emu387.lib(386)
0002:00027510  __init_387_emulator
0002:00027511* __fini_387_emulator
Module: j:\ow19/lib386/os2\clib3r.lib(_8087)
0003:00005644  __8087
0003:00005645  __real87
Module: j:\ow19/lib386/os2\clib3r.lib(argcv.c)
0003:0000a03c  __argc
0003:0000a040  __argv
0003:0000a044  ___argc
0003:0000a048  ___argv
Module: j:\ow19/lib386/os2\clib3r.lib(xmsgo32.c)
0002:00027520+ __exit_with_msg_
0002:00027570  __fatal_runtime_error_
Module: j:\ow19/lib386/os2\clib3r.lib(maino32.c)
0003:00005648  ___FirstThreadData
0003:0000564c  ___GetThreadPtr
0003:00005650  __AccessFileH
0003:00005654  __ReleaseFileH
0003:00005658  __AccessIOB
0003:0000565c  __ReleaseIOB
0003:00005660  __AccessNHeap
0003:00005664  __AccessFHeap
0003:00005668  __ReleaseNHeap
0003:0000566c  __ReleaseFHeap
0002:00027596  __threadstack_
0002:0002759d  __threadid_
0002:000275a4  __OS2MainInit_
0002:00027613+ __OS2Init_
0002:00027651* __OS2Fini_
0002:00027659* __shutdown_stack_checking_
0002:0002766e  __exit_
0003:00005670  __AccessTDList
0003:00005674  __ReleaseTDList
0003:00005678  ___sig_init_rtn
0003:0000567c  ___sig_fini_rtn
0003:00005680  __threadstksize
0003:00005684  ___process_fini
0003:0000a04c  ___Is_DLL
0003:0000a050+ ___saved_CS
Module: j:\ow19/lib386/os2\clib3r.lib(istable.c)
0002:000276c0  __IsTable
Module: j:\ow19/lib386/os2\clib3r.lib(getenv.c)
0002:000277d0  getenv_
Module: j:\ow19/lib386/os2\clib3r.lib(strncmp.c)
0002:00027860  strncmp_
Module: j:\ow19/lib386/os2\clib3r.lib(atol.c)
0002:00027890  atol_
Module: j:\ow19/lib386/os2\clib3r.lib(clocko32.c)
0002:000278d9  clock_
Module: j:\ow19/lib386/os2\clib3r.lib(vsprintf.c)
0002:00027940  vsprintf_
Module: ..\..\..\txlib\_txall_\lib\txos2t.lib(H:\c\txlib\txutil.c)
0002:00027955* TxAreaEmpty_
0002:00027972  TxAscii827_
0002:0002799e  TxCopy_
Module: j:\ow19/lib386/os2\clib3r.lib(printf.c)
0002:000279d0  printf_
Module: j:\ow19/lib386/os2\clib3r.lib(iob.c)
0003:0000570c  ___iob
0003:00005914  __fmode
0003:0000a158  ___OpenStreams
0003:0000a15c  ___ClosedStreams
Module: j:\ow19/lib386/os2\clib3r.lib(fflush.c)
0002:00027a00  fflush_
Module: j:\ow19/lib386/os2\clib3r.lib(fprintf.c)
0002:00027a10  fprintf_
Module: j:\ow19/lib386/os2\clib3r.lib(remove.c)
0002:00027a40  remove_
Module: ..\..\..\txlib\_txall_\lib\txos2t.lib(H:\c\txlib\txstrtxt.c)
0002:00027bfe  txTextSearch_
0002:00027fe5  txFile2Text_
0002:00028256  txString2Text_
0002:000286da  txFreeText_
Module: j:\ow19/lib386/os2\clib3r.lib(strstr.c)
0002:00028860  strstr_
Module: j:\ow19/lib386/os2\clib3r.lib(getchos2.c)
0002:00028910  getch_
Module: j:\ow19/lib386/os2\clib3r.lib(strcspn.c)
0002:000289d0  strcspn_
Module: j:\ow19/lib386/os2\clib3r.lib(tolower.c)
0002:00028a20  tolower_
Module: j:\ow19/lib386/os2\clib3r.lib(sscanf.c)
0002:00028a70+ vsscanf_
0002:00028aa0  sscanf_
Module: ..\..\..\txlib\_txall_\lib\txos2t.lib(H:\c\txlib\txstrnum.c)
0002:00028af4  txIsValidHex_
0002:00028b3d  txIsValidDec_
0002:00028b92* txHasMcsPrefix_
Module: j:\ow19/lib386/os2\clib3r.lib(strncpy.c)
0002:00028cd0  strncpy_
Module: j:\ow19/lib386/os2\clib3r.lib(_istrcc_.asm)
0002:00028d08  strcasecmp_
Module: j:\ow19/lib386/os2\clib3r.lib(_istrncc.asm)
0002:00028d10  strncasecmp_
Module: j:\ow19/lib386/os2\clib3r.lib(thunk)
0002:00028d2a  __TNK
0002:00028d16* __TNC
Module: j:\ow19/lib386/os2\clib3r.lib(far16fun)
0002:00028d7a  __Far16Func2
0002:00028dc3* __Far16Func
0002:00028e11* __Far16Pascal2
0002:00028e58* __Far16Pascal
0002:00028ea4* __Far16Cdecl2
0002:00028ef2* __Far16Cdecl
0002:00028f45  __FlatToFar16
0002:00028f4e* __Far16ToFlat
Module: ..\..\..\txlib\_txall_\lib\txos2t.lib(H:\c\txlib\txcrite.c)
0002:00028f6d  TxFsSetCritErrHandler_
Module: j:\ow19/lib386/os2\clib3r.lib(_strcmp)
0002:00029020  strcmp_
Module: ..\..\..\txlib\_txall_\lib\txos2t.lib(H:\c\txlib\txfnext.c)
0002:00029160  TxFnameExtension_
0002:000291ba  TxStripExtension_
Module: ..\..\..\txlib\_txall_\lib\txos2t.lib(H:\c\txlib\txfexist.c)
0002:00029265* TxCreateEmptyFile_
0002:000293ca+ TxFileOpenRead_
0002:00029570  TxFileExists_
Module: j:\ow19/lib386/os2\clib3r.lib(memset.c)
0002:000295a0  memset_
Module: ..\..\..\txlib\_txall_\lib\txos2t.lib(H:\c\txlib\txselist.c)
0002:00029be5  TxSelGetMaxLength_
0002:00029dba  TxSelScrollUp_
0002:00029edb  TxSelScrollDown_
0002:00029fef  TxSelSetPosition_
0002:0002a136  TxSelSetSelected_
0002:0002a26d* TxSelItterateSelected_
0002:0002a3e5  TxSelCharSelect_
0002:0002a542* TxSelStringSelect_
0002:0002a6f6  TxSelSortString_
0002:0002b0cc  TxSelSortUserData_
0002:0002b49d  TxSelReverseOrder_
0002:0002b5fc  TxSelSortCurrent_
0002:0002b736  TxSelGetCharSelect_
0002:0002b99d* TxSetMenuItemFlag_
0002:0002bb6a+ TxSetListItemFlag_
0002:0002bcd6+ TxSelSetItemInfo_
0002:0002bdcf  TxSelCreate_
0002:0002c06a  txSelDestroy_
0002:0002c45c+ txSelItemDestroy_
0002:0002c6c9* TxSelDeleteCurrent_
0002:0002c7d2* TxSelistFromTxt_
0002:0002c9b1* TxSelistDuplicate_
0002:0002cc0c  TxSelEmptyList_
Module: ..\..\..\txlib\_txall_\lib\txos2t.lib(H:\c\txlib\txfname.c)
0002:0002cda5  TxGetBaseName_
0002:0002cdd4  TxStripBaseName_
Module: j:\ow19/lib386/os2\clib3r.lib(nrealloc.c)
0002:0002cdf0* _nrealloc_
0002:0002cdf0  realloc_
Module: j:\ow19/lib386/os2\clib3r.lib(qsort.c)
0002:0002cec0  qsort_
Module: ..\..\..\txlib\_txall_\lib\txos2t.lib(H:\c\txlib\txextcmd.c)
0002:0002d681  TxExternalCommand_
0002:0002d87f+ txcExecStdOutPipe_
Module: ..\..\..\txlib\_txall_\lib\txos2t.lib(H:\c\txlib\txwdraw.c)
0003:00006910  _txwcs
0003:00006914+ _txwcschemes
0002:0002e2d4* txwSetLinesCustom_
0002:0002e3fd  txwColorScheme_
0002:0002e6aa* TxSelistColorSchemes_
0002:0002e8b6  txwSaveWindowContent_
0002:0002eb35  txwRestoreWindowContent_
0002:0002ee52  txwPaintBorder_
0002:0003003c  txwPaintShadow_
0002:000300ff  txwPaintWindow_
0002:00031624  txwPaintWinStatus_
Module: j:\ow19/lib386/os2\clib3r.lib(register.c)
0002:00031b90  __initthread_
0002:00031ba0  _beginthread_
0002:00031bb0  _endthread_
0002:00031bc0* __RegisterThreadData_
Module: ..\..\..\txlib\_txall_\lib\txos2t.lib(H:\c\txlib\txwehook.c)
0002:00031c9d* txwAttachEventHook_
0002:00031dcc* txwDetachEventHook_
0002:00031eea* txwQueryEventHook_
0002:00031fb2  txwSignalEventHook_
Module: j:\ow19/lib386/os2\clib3r.lib(localtim.c)
0002:000320b0+ _localtime_
0002:00032110  localtime_
Module: j:\ow19/lib386/os2\clib3r.lib(strftime.c)
0002:0003238d  strftime_
Module: j:\ow19/lib386/os2\clib3r.lib(time.c)
0002:000328d0  time_
Module: ..\..\..\txlib\_txall_\lib\txos2t.lib(H:\c\txlib\txstring.c)
0002:00032907  TxRepl_
0002:0003291f* TxRepStr_
0002:000329ab  TxStrip_
0002:000329ec  TxPClip_
0002:00032a26  TxStrToUpper_
0002:00032a44  TxStrToLower_
Module: ..\..\..\txlib\_txall_\lib\txos2t.lib(H:\c\txlib\txwidget.c)
0002:0003332e  txwInitGenericWidgets_
0002:00033401  txwTermGenericWidgets_
0002:000334b1  txwWidgetSize_
0002:000335d8  txwCreateWidgets_
0002:000338be* txwWidgetDialog_
Module: ..\..\..\txlib\_txall_\lib\txos2t.lib(H:\c\txlib\txafail.c)
0002:00033d13  TxFsAutoFailCriticalErrors_
0003:00006fb0+ _TxAutoFail
Module: ..\..\..\txlib\_txall_\lib\txos2t.lib(H:\c\txlib\txfsys.c)
0002:0003431c  TxFsVolumes_
0002:000345b2+ TxFsVolumeLabel_
0002:000346fa* TxFsDrivemap_
0002:000347f8+ TxFsShow_
0002:00034acf  TxFsDriveSelist_
0002:000351a2+ TxFsType_
0002:0003550e* TxFsEjectRemovable_
0002:00035668+ TxFsIsRemovable_
0002:000358cf+ TxFsSpace_
Module: ..\..\..\txlib\_txall_\lib\txos2t.lib(H:\c\txlib\txwildc.c)
0002:00035a79  TxStrWcnt_
0002:00035a95+ TxStrWcmp_
0002:00035b87  TxStrWicmp_
Module: ..\..\..\txlib\_txall_\lib\txos2t.lib(H:\c\txlib\txtname.c)
0002:00035c9a  TxTrueNameDir_
Module: ..\..\..\txlib\_txall_\lib\txos2t.lib(H:\c\txlib\txtree.c)
0002:00036680  TxFileDirSelist_
0002:00036d25  txWildcard2Filter_
0002:00036f9c  txFreeFilter_
0002:00037128+ TxFindFirstFile_
0002:000373f5+ TxFindNextFile_
0002:00037651+ TxFindClose_
0002:0003776b* txFileTreeOneFile_
0002:00037927* txFileTreeNoPath_
0002:00037a40+ TxFileTree_
Module: ..\..\..\txlib\_txall_\lib\txos2t.lib(H:\c\txlib\txmpath.c)
0002:00038bb0  TxMakePath_
0002:00038d29* TxMake8dot3_
Module: ..\..\..\txlib\_txall_\lib\txos2t.lib(H:\c\txlib\txwikey.c)
0002:000393eb  txwIkeyTextview_
0002:00039843  txwIkeyEntryfield_
0002:0003a346  txwIkeyButton_
0002:0003a7af  txwIkeyListBox_
Module: ..\..\..\txlib\_txall_\lib\txos2t.lib(H:\c\txlib\txwsbuf.c)
0002:0003c211* txwSbViewFindRequest_
0002:0003c330* txwInitPrintfSBHook_
0002:0003c5bc* txwTermPrintfSBHook_
0002:0003ce51  txwPaintSbView_
0002:0003d05d* txwSavePrintfSB_
0002:0003d302  txwSbViewWinProc_
Module: j:\ow19/lib386/os2\clib3r.lib(fread.c)
0002:0003e470  fread_
Module: ..\..\..\txlib\_txall_\lib\txos2t.lib(H:\c\txlib\txmemstr.c)
0002:0003e671  TxMemStr_
Module: j:\ow19/lib386/os2\clib3r.lib(comtflag.c)
0002:0003e740* __set_commode_
0003:0000745c  __commode
Module: j:\ow19/lib386/os2\clib3r.lib(seterrno.c)
0002:0003e74b  __set_errno_
0002:0003e759* __set_EDOM_
0002:0003e767  __set_ERANGE_
0002:0003e775* __set_EINVAL_
0002:0003e788  __set_doserrno_
Module: j:\ow19/lib386/os2\clib3r.lib(openos2.c)
0002:0003e960* open_
0002:0003e980  sopen_
Module: j:\ow19/lib386/os2\clib3r.lib(chktty.c)
0002:0003e9b0  __chktty_
Module: j:\ow19/lib386/os2\clib3r.lib(freefp.c)
0002:0003e9f0  __freefp_
0002:0003ea40  __purgefp_
Module: j:\ow19/lib386/os2\clib3r.lib(allocfp.c)
0002:0003ea70  __allocfp_
Module: j:\ow19/lib386/os2\clib3r.lib(__lseek.c)
0002:0003eb40  __lseek_
Module: j:\ow19/lib386/os2\clib3r.lib(_clseos2.c)
0002:0003eb70  __close_
Module: j:\ow19/lib386/os2\clib3r.lib(flush.c)
0002:0003ebb0  __flush_
Module: j:\ow19/lib386/os2\clib3r.lib(nmalloc.c)
0002:0003ecb0  _nmalloc_
0002:0003ecb0  malloc_
0003:00007460  ___nheapbeg
0003:00007464  ___MiniHeapRover
0003:00007468  ___LargestSizeB4MiniHeapRover
Module: j:\ow19/lib386/os2\clib3r.lib(lseek.c)
0002:0003edb0  lseek_
Module: j:\ow19/lib386/os2\clib3r.lib(tell.c)
0002:0003ede0  tell_
Module: j:\ow19/lib386/os2\clib3r.lib(fgetc.c)
0002:0003ee00  __fill_buffer_
0002:0003ef00  fgetc_
Module: j:\ow19/lib386/os2\clib3r.lib(mem.c)
0002:0003efc0  __MemAllocator
0002:0003f070  __MemFree
Module: j:\ow19/lib386/os2\clib3r.lib(main2o32.c)
0002:0003f1b0  __OS2Main
Module: j:\ow19/lib386/os2\clib3r.lib(segdefns)
0002:00000003  ___begtext
0003:00000000* __nullarea
0003:0000807c  __Start_XI
0003:000080c4  __End_XI
0003:000080c4  __Start_YI
0003:000080e8  __End_YI
Module: j:\ow19/lib386/os2\clib3r.lib(setefg.c)
0002:0003f220  __setEFGfmt_
Module: j:\ow19/lib386/os2\clib3r.lib(chk8087.c)
0002:0003f240  _fpreset_
0002:0003f260* __init_8087_
0002:0003f270  __chk8087_
Module: j:\ow19/lib386/os2\clib3r.lib(crwdata)
0003:000074b0  __osmajor
0003:000074b1  __osminor
0003:0000747c* __LpDllName
0003:00007480* __LpwCmdLine
0003:00007484* __LpwPgmName
0003:00007488* __LpwDllName
0003:00007474  __LpCmdLine
0003:00007478  __LpPgmName
0003:0000746c* __dynend
0003:00007470  __curbrk
0003:0000748c* __STACKLOW
0003:00007490* __STACKTOP
0003:00007494  __ASTACKSIZ
0003:00007498  __ASTACKPTR
0003:0000749c  __cbyte
0003:000074a0  __cbyte2
0003:000074a4* __child
0003:000074aa  __Envptr
0003:000074ae* __Envseg
0003:000074a8  __no87
0003:000074b2* ___FPE_handler
Module: j:\ow19/lib386/os2\clib3r.lib(initargv.c)
0002:0003f2c0  __Init_Argv_
0002:0003f310+ _getargv_
0002:0003f4b0  __Fini_Argv_
Module: j:\ow19/lib386/os2\clib3r.lib(enterdb.c)
0002:0003f4c0  __EnterWVIDEO_
0003:000074b8+ ___WD_Present
Module: j:\ow19/lib386/os2\clib3r.lib(cinit.c)
0002:0003f4f0  __CommonInit_
0003:0000a194  ___hmodule
Module: j:\ow19/lib386/os2\clib3r.lib(initrtns.c)
0002:0003f510  __InitRtns
0002:0003f560  __FiniRtns
Module: j:\ow19/lib386/os2\clib3r.lib(environ.c)
0003:0000a198  ___env_mask
0003:0000a19c  _environ
0003:0000a1a0* __wenviron
Module: j:\ow19/lib386/os2\clib3r.lib(mbterm.c)
0002:0003f5c0  _mbterm_
Module: j:\ow19/lib386/os2\clib3r.lib(mbsnextc.c)
0002:0003f600  _mbsnextc_
Module: j:\ow19/lib386/os2\clib3r.lib(mbcupper.c)
0002:0003f640  _mbctoupper_
Module: j:\ow19/lib386/os2\clib3r.lib(mbsinc.c)
0002:0003f660  _mbsinc_
Module: j:\ow19/lib386/os2\clib3r.lib(prtf.c)
0002:0003f690  __prtf_
Module: j:\ow19/lib386/os2\clib3r.lib(fprtf.c)
0002:00040380  __fprtf_
Module: j:\ow19/lib386/os2\clib3r.lib(initfile.c)
0002:00040470  __InitFiles_
Module: j:\ow19/lib386/os2\clib3r.lib(ioexit.c)
0002:00040570* fcloseall_
0002:00040580  __full_io_exit_
Module: j:\ow19/lib386/os2\clib3r.lib(flushall.c)
0002:00040590  __flushall_
0002:000405d0  flushall_
Module: j:\ow19/lib386/os2\clib3r.lib(unlnkos2.c)
0002:000405e0  unlink_
Module: j:\ow19/lib386/os2\clib3r.lib(setbits.c)
0002:00040600  __setbits_
Module: j:\ow19/lib386/os2\clib3r.lib(bits.c)
0002:00040640  __Bits
Module: j:\ow19/lib386/os2\clib3r.lib(scnf.c)
0002:000411b0  __scnf_
Module: j:\ow19/lib386/os2\clib3r.lib(stricmp.c)
0002:00041420  stricmp_
Module: j:\ow19/lib386/os2\clib3r.lib(strnicmp.c)
0002:00041460  strnicmp_
Module: j:\ow19/lib386/os2\clib3r.lib(itsto32.c)
0002:000414b0  __init_threadstksize_
Module: j:\ow19/lib386/os2\clib3r.lib(strrchr.c)
0002:000414c0  strrchr_
Module: ..\..\..\txlib\_txall_\lib\txos2t.lib(H:\c\txlib\txosapi.c)
0002:00041593  TxLargeFileApiOS2_
Module: j:\ow19/lib386/os2\clib3r.lib(__stos)
0002:00041800  __STOSB
0002:00041837* __STOSD
Module: j:\ow19/lib386/os2\clib3r.lib(memmove.c)
0002:000418b0  memmove_
Module: j:\ow19/lib386/os2\clib3r.lib(toupper.c)
0002:00041910  toupper_
Module: j:\ow19/lib386/os2\clib3r.lib(nmsize.c)
0002:00041920  _nmsize_
0002:00041920* _msize_
Module: j:\ow19/lib386/os2\clib3r.lib(nexpand.c)
0002:00041930  _nexpand_
0002:00041930* _expand_
0002:00041970+ __HeapManager_expand_
Module: j:\ow19/lib386/os2\clib3r.lib(system.c)
0002:00041b60  system_
Module: ..\..\..\txlib\_txall_\lib\txos2t.lib(H:\c\txlib\txwhexed.c)
0002:000440e9+ txwInitHexeditDialogs_
0002:000441bc* txwHexEditor_
0002:000448a4  txwPaintHexEdit_
0002:000460de+ txwHexEditWinProc_
Module: j:\ow19/lib386/os2\clib3r.lib(thredo32.c)
0002:00047500  __CBeginThread_
0002:000475a0  __CEndThread_
Module: j:\ow19/lib386/os2\clib3r.lib(tzset.c)
0003:000078a0  ___start_dst
0003:000078c4  ___end_dst
0003:000079ec  _tzname
0003:000079f4  _timezone
0003:000079f8  _daylight
0003:000079fc  ___dst_adjust
0002:00047610* __DontCacheOSTZ_
0002:00047620* __CacheOSTZ_
0002:00047b00+ __parse_tz_
0002:00047d30  tzset_
Module: j:\ow19/lib386/os2\clib3r.lib(gmtime.c)
0002:00047da0  __brktime_
0002:00047ea0+ _gmtime_
0002:00047ec0  gmtime_
Module: j:\ow19/lib386/os2\clib3r.lib(timeutil.c)
0002:00048020  __isindst_
Module: j:\ow19/lib386/os2\clib3r.lib(itoa.c)
0002:00048350+ utoa_
0002:000483a0  itoa_
Module: j:\ow19/lib386/os2\clib3r.lib(leapyear.c)
0002:000483d0  __leapyear_
0003:0000001c  ___diyr
0003:00000036  ___dilyr
Module: j:\ow19/lib386/os2\clib3r.lib(gtctmos2.c)
0002:00048410  __getctime_
Module: j:\ow19/lib386/os2\clib3r.lib(mktime.c)
0002:00048480  mktime_
Module: j:\ow19/lib386/os2\clib3r.lib(gtcwdos2.c)
0002:00048510  getcwd_
Module: ..\..\..\txlib\_txall_\lib\txos2t.lib(H:\c\txlib\txfsattr.c)
0002:000485d2  txFileAttr2String_
0002:00048618* txWinFileTime2t_
0002:00048679* txCt2WinFileTime_
0002:000486c3  txOS2FileTime2t_
0002:000487b5* txCt2OS2FileTime_
Module: ..\..\..\txlib\_txall_\lib\txos2t.lib(H:\c\txlib\txcon2.c)
0002:000488a0  TxPrintHook_
Module: j:\ow19/lib386/os2\clib3r.lib(atoi.c)
0002:00048ab0  atoi_
Module: j:\ow19/lib386/os2\clib3r.lib(qread.c)
0002:00048b00  __qread_
Module: j:\ow19/lib386/os2\clib3r.lib(ioalloc.c)
0002:00048b30  __ioalloc_
Module: j:\ow19/lib386/os2\clib3r.lib(umaskval.c)
0003:00007a04  ___umaskval
Module: j:\ow19/lib386/os2\clib3r.lib(os2fil64.c)
0003:00007a08  ___os2_DosOpenL
0003:00007a0c+ ___os2_DosSetFilePtrL
0003:00007a10+ ___os2_DosSetFileSizeL
0003:00007a14+ ___os2_DosSetFileLocksL
Module: j:\ow19/lib386/os2\clib3r.lib(iomode.c)
0002:00048cc0  __GetIOMode_
0002:00048ce0  __SetIOMode_nogrow_
0003:00007a18  ___NFiles
0003:00007a1c  ___init_mode
0003:00007a6c  ___io_mode
Module: j:\ow19/lib386/os2\clib3r.lib(isattos2.c)
0002:00048d00  isatty_
Module: j:\ow19/lib386/os2\clib3r.lib(stiomode.c)
0002:00048d30  __grow_iomode_
0002:00048e00+ __shrink_iomode_
0002:00048e80  __SetIOMode_
Module: j:\ow19/lib386/os2\clib3r.lib(dosret.c)
0002:00048ef0* _dosretax_
0002:00048f00* _dosret0_
0002:00048f10  __set_errno_dos_
0002:00048f40* __set_errno_dos_reterr_
Module: j:\ow19/lib386/os2\clib3r.lib(fsync.c)
0002:00048f50  fsync_
Module: j:\ow19/lib386/os2\clib3r.lib(qwrit.c)
0002:00048f80  __qwrite_
Module: j:\ow19/lib386/os2\clib3r.lib(nmemneed.c)
0002:00049020  __nmemneed_
Module: j:\ow19/lib386/os2\clib3r.lib(grownear.c)
0002:00049190  __ExpandDGROUP_
Module: j:\ow19/lib386/os2\clib3r.lib(gtcheos2.c)
0002:000491b0  getche_
Module: j:\ow19/lib386/os2\clib3r.lib(mthrdini.c)
0002:000491e0  __InitThreadData_
0003:00007b74  ___ThreadDataSize
Module: j:\ow19/lib386/os2\clib3r.lib(cmain386.c)
0002:00049200  __CMain
Module: j:\ow19/lib386/os2\clib3r.lib(dosseg)
0000:00001234  __DOSseg__
Module: j:\ow19/lib386/os2\clib3r.lib(noefgfmt.c)
0003:00007b78  ___EFG_printf
0003:00007b7c  ___EFG_scanf
Module: j:\ow19/lib386\math387r.lib(efgfmt.c)
0002:00049282  _EFG_Format_
Module: j:\ow19/lib386\math387r.lib(cnvs2d.c)
0002:000493ec  __cnvs2d_
Module: j:\ow19/lib386/os2\clib3r.lib(8087cw.c)
0003:00007b80  __8087cw
Module: j:\ow19/lib386/os2\clib3r.lib(init8087)
0002:00049400  __x87id
Module: j:\ow19/lib386/os2\clib3r.lib(histsplt.c)
0003:0000a1a8  ___historical_splitparms
Module: j:\ow19/lib386/os2\clib3r.lib(___argc.c)
0003:0000a1ac  ____Argc
0003:0000a1b0  ____Argv
Module: j:\ow19/lib386/os2\clib3r.lib(amblksiz.c)
0003:00007b84  __amblksiz
Module: j:\ow19/lib386/os2\clib3r.lib(setenvp.c)
0002:00049440  __setenvp_
0002:00049500  __freeenvp_
Module: j:\ow19/lib386/os2\clib3r.lib(mbisdbcs.c)
0003:0000a1b8  ___IsDBCS
Module: j:\ow19/lib386/os2\clib3r.lib(mbislead.c)
0002:00049550* _ismbblead_
0003:0000a1bc  ___MBCSIsTable
Module: j:\ow19/lib386/os2\clib3r.lib(mbinit.c)
0002:000495a1  __mbinit_
0003:00007b88  ___MBCodePage
Module: j:\ow19/lib386/os2\clib3r.lib(mbdtoupp.c)
0002:000496a0  _mbdtoupper_
Module: j:\ow19/lib386/os2\clib3r.lib(wctomb.c)
0002:000496c0  wctomb_
Module: j:\ow19/lib386/os2\clib3r.lib(strupr.c)
0002:000496f0  strupr_
Module: j:\ow19/lib386/os2\clib3r.lib(lltoa.c)
0002:00049710  ulltoa_
0002:00049780* lltoa_
Module: j:\ow19/lib386/os2\clib3r.lib(ltoa.c)
0002:000497b0  ultoa_
0002:00049800* ltoa_
Module: j:\ow19/lib386/os2\clib3r.lib(fputc.c)
0002:00049830  fputc_
Module: j:\ow19/lib386/os2\clib3r.lib(mbtowc.c)
0002:00049910  mbtowc_
Module: j:\ow19/lib386/os2\clib3r.lib(fdfs386)
0002:000499cc  __FDFS
Module: j:\ow19/lib386/os2\clib3r.lib(i8m)
0002:00049a18* __I8M
0002:00049a18  __U8M
Module: j:\ow19/lib386/os2\clib3r.lib(_slashc.c)
0002:00049a40  __Slash_C_
Module: j:\ow19/lib386/os2\clib3r.lib(splp.c)
0002:00049a50  spawnlp_
Module: j:\ow19/lib386/os2\clib3r.lib(nheapchk.c)
0002:00049b90* _nheapchk_
0002:00049b90  _heapchk_
0003:0000a2c0+ ___nheapchk_current
Module: ..\..\..\txlib\_txall_\lib\txos2t.lib(H:\c\txlib\txcrc32.c)
0002:00049c19  TxCrc32_
0002:00049c50* TxHpfsCheckSum_
Module: ..\..\..\txlib\_txall_\lib\txos2t.lib(H:\c\txlib\txcon3.c)
0002:00049ca9  TxPrompt_
Module: j:\ow19/lib386/os2\clib3r.lib(mthread.c)
0002:00049ec0+ __CloseSemaphore_
0002:00049f30+ __AccessIOB_
0002:00049f40+ __ReleaseIOB_
0002:00049f50+ __AccessFileH_
0002:00049f60+ __ReleaseFileH_
0002:00049f70+ __AccessNHeap_
0002:00049f80+ __ReleaseNHeap_
0002:00049f90+ __AccessFHeap_
0002:00049fa0+ __ReleaseFHeap_
0002:00049fb0+ __AccessTDList_
0002:00049fc0+ __AccessSemaphore_
0002:0004a020+ __ReleaseTDList_
0002:0004a030+ __ReleaseSemaphore_
0002:0004a060+ __MultipleThread_
0002:0004a0a0  __AllocInitThreadData_
0002:0004a0f0* __FreeInitThreadData_
0002:0004a100  __OS2AddThread_
0002:0004a170  __OS2RemoveThread_
0002:0004a1c0  __InitMultipleThread_
0003:00007fac+ ___AccessSema4
0003:00007fb0+ ___ReleaseSema4
0003:00007fb4+ ___CloseSema4
Module: j:\ow19/lib386/os2\clib3r.lib(trdalloc.c)
0002:0004a350  __InitThreadProcessing_
0002:0004a370  __FiniThreadProcessing_
0003:0000a414  ___ThreadData
Module: j:\ow19/lib386/os2\clib3r.lib(alphabet.c)
0003:00000088  ___Alphabet
Module: j:\ow19/lib386/os2\clib3r.lib(locmktim.c)
0002:0004a3d0  __local_mktime_
Module: j:\ow19/lib386\math387r.lib(fchop87)
0002:0004a504  __CHP
Module: j:\ow19/lib386/os2\clib3r.lib(i8s)
0002:0004a51c* __U8RS
0002:0004a536  __I8RS
0002:0004a551* __I8LS
0002:0004a551* __U8LS
Module: j:\ow19/lib386/os2\clib3r.lib(hdlman.c)
0002:0004a570* __set_handles_
0002:0004a580* _grow_handles_
0003:00007fb8  ___NHandles
Module: j:\ow19/lib386/os2\clib3r.lib(iomodtty.c)
0002:0004a5e0  __ChkTTYIOMode_
0002:0004a620* __IOMode_
Module: j:\ow19/lib386/os2\clib3r.lib(heapen.c)
0002:0004a640* _heapenable_
0003:00007fbc  ___heap_enabled
Module: j:\ow19/lib386/os2\clib3r.lib(nheapmin.c)
0002:0004a670  _nheapshrink_
0002:0004a670* _nheapmin_
0002:0004a670* _heapmin_
0002:0004a670  _heapshrink_
Module: j:\ow19/lib386/os2\clib3r.lib(putchos2.c)
0002:0004a760  putch_
Module: j:\ow19/lib386/os2\clib3r.lib(exit.c)
0002:0004a7b0+ __null_int23_exit_
0002:0004a7b1  exit_
0002:0004a801* _exit_
0003:00007fc0  ___int23_exit
0003:00007fc4+ ___FPE_handler_exit
Module: j:\ow19/lib386/os2\clib3r.lib(rtcntrl.c)
0002:0004a820* _SetLD64bit_
0002:0004a830* _SetLD80bit_
0002:0004a840  _LDisDouble_
Module: j:\ow19/lib386\math387r.lib(ldcvt.c)
0002:0004a92f  _LDScale10x_
0002:0004aed6  __LDcvt_
Module: j:\ow19/lib386\math387r.lib(strtod.c)
0002:0004b837+ __Strtold_
0002:0004b99e  strtod_
Module: j:\ow19/lib386/os2\clib3r.lib(clearenv.c)
0002:0004baf0  clearenv_
Module: j:\ow19/lib386/os2\clib3r.lib(spvp.c)
0002:0004bb80  spawnvp_
Module: j:\ow19/lib386/os2\clib3r.lib(nheapwal.c)
0002:0004bb90* _nheapwalk_
0002:0004bb90* _heapwalk_
0002:0004bbc0  __NHeapWalk_
Module: j:\ow19/lib386/os2\clib3r.lib(maxthrds.c)
0003:00008074  ___MaxThreads
Module: j:\ow19/lib386/os2\clib3r.lib(trdlist.c)
0002:0004bcc0  __GetThreadData_
0002:0004bdd0  __ReallocThreadData_
0002:0004bf40  __AddThreadData_
0002:0004bfc0  __RemoveThreadData_
0002:0004c020* __ResizeThreadDataList_
0002:0004c070  __FreeThreadDataList_
0002:0004c0a0* __ActiveThreads_
Module: j:\ow19/lib386/os2\clib3r.lib(thrdmax.c)
0002:0004c0c0  __GETMAXTHREADS
Module: j:\ow19/lib386\math387r.lib(ldclass.c)
0002:0004c0c6  __LDClass_
0002:0004c116* _FLClass_
Module: j:\ow19/lib386\math387r.lib(bufld386)
0002:0004c128  __ZBuf2LD
Module: j:\ow19/lib386\math387r.lib(inf_nan.c)
0002:0004c1cb* ___f_infinity
0002:0004c1cf* ___f_posqnan
0002:0004c1d3  ___d_infinity
0002:0004c1db  ___d_posqnan
0002:0004c1e3* ___ld_infinity
0002:0004c1eb* ___ld_posqnan
Module: j:\ow19/lib386/os2\clib3r.lib(hugeval.c)
0002:0004c200  __HugeValue
Module: j:\ow19/lib386/os2\clib3r.lib(spvpe.c)
0002:0004c20d  spawnvpe_
Module: j:\ow19/lib386/os2\clib3r.lib(spve.c)
0002:0004c3b0  spawnve_
Module: j:\ow19/lib386/os2\clib3r.lib(strlen.c)
0002:0004c740  strlen_
Module: j:\ow19/lib386/os2\clib3r.lib(strchr.c)
0002:0004c760  strchr_
Module: j:\ow19/lib386/os2\clib3r.lib(memcpy.c)
0002:0004c780  memcpy_
Module: j:\ow19/lib386/os2\clib3r.lib(accssos2.c)
0002:0004c7a0  access_
Module: j:\ow19/lib386/os2\clib3r.lib(cenvarg.c)
0002:0004c801  __cenvarg_
0002:0004c915  __ccmdline_
Module: j:\ow19/lib386/os2\clib3r.lib(exveos2.c)
0002:0004c951  execve_
0003:00008078* ___p_overlay
Module: j:\ow19/lib386/os2\clib3r.lib(stack386.c)
0002:0004c990  stackavail_
Module: j:\ow19/lib386/os2\clib3r.lib(split2.c)
0002:0004ca00  _splitpath2_
Module: j:\ow19/lib386/os2\clib3r.lib(makepath.c)
0002:0004cb70  _makepath_
Module: j:\ow19/lib386/os2\clib3r.lib(spl.c)
0002:0004cd20  spawnl_
Module: j:\ow19/lib386/os2\clib3r.lib(dospnos2.c)
0002:0004ce00  _dospawn_
Module: j:\ow19/lib386/os2\clib3r.lib(strcpy.c)
0002:0004d0c0  strcpy_
Module: j:\ow19/lib386/os2\clib3r.lib(mbsnccnt.c)
0002:0004d0f0  _mbsnccnt_
Module: j:\ow19/lib386/os2\clib3r.lib(mbsncpy.c)
0002:0004d120  _mbsncpy_
Module: j:\ow19/lib386/os2\clib3r.lib(mbsnbcnt.c)
0002:0004d140  _mbsnbcnt_
Module: j:\ow19/lib386/os2\clib3r.lib(mbconv.c)
0002:0004d1b0  _mbvtop_
Module: j:\ow19/lib386/os2\clib3r.lib(mbclen.c)
0002:0004d1d0  _mbclen_
Module: j:\ow19/lib386/os2\clib3r.lib(mbsdec.c)
0002:0004d200  _mbsdec_
Module: j:\ow19/lib386/os2\clib3r.lib(mbsnbcpy.c)
0002:0004d280  _mbsnbcpy_


                        +----------------------+
                        |   Imported Symbols   |
                        +----------------------+

Symbol                              Module
======                              ======

DosSleep                            DOSCALLS
VIO16GETMODE                        VIOCALLS
VIO16GETCURPOS                      VIOCALLS
VIO16SETCURPOS                      VIOCALLS
VIO16GETCURTYPE                     VIOCALLS
VIO16SETCURTYPE                     VIOCALLS
VIO16SETSTATE                       VIOCALLS
VIO16WRTCHARSTR                     VIOCALLS
VIO16WRTCHARSTRATT                  VIOCALLS
VIO16WRTCELLSTR                     VIOCALLS
VIO16READCELLSTR                    VIOCALLS
VIO16WRTNCELL                       VIOCALLS
VIO16SCROLLUP                       VIOCALLS
VIO16SCROLLDN                       VIOCALLS
DosGetInfoBlocks                    DOSCALLS
DosQueryCtryInfo                    NLS
DosRequestMutexSem                  DOSCALLS
DosReleaseMutexSem                  DOSCALLS
DosPostEventSem                     DOSCALLS
DosDevIOCtl                         DOSCALLS
DosResetEventSem                    DOSCALLS
DosWaitEventSem                     DOSCALLS
MOU16READEVENTQUE                   MOUCALLS
DosCreateMutexSem                   DOSCALLS
DosCreateEventSem                   DOSCALLS
DosOpen                             DOSCALLS
MOU16OPEN                           MOUCALLS
MOU16SETPTRPOS                      MOUCALLS
MOU16SETEVENTMASK                   MOUCALLS
MOU16SETDEVSTATUS                   MOUCALLS
MOU16FLUSHQUE                       MOUCALLS
DosClose                            DOSCALLS
MOU16CLOSE                          MOUCALLS
DosCloseMutexSem                    DOSCALLS
DosCloseEventSem                    DOSCALLS
DosQuerySysInfo                     DOSCALLS
DosWrite                            DOSCALLS
DosExit                             DOSCALLS
KBD16CHARIN                         KBDCALLS
DosFlatToSel                        DOSCALLS
DosSelToFlat                        DOSCALLS
DosCreatePipe                       DOSCALLS
DosDupHandle                        DOSCALLS
DosWaitThread                       DOSCALLS
DosRead                             DOSCALLS
DosError                            DOSCALLS
DosQueryCurrentDisk                 DOSCALLS
DosQueryFSInfo                      DOSCALLS
DosQueryFSAttach                    DOSCALLS
DosQueryPathInfo                    DOSCALLS
DosFindFirst                        DOSCALLS
DosFindNext                         DOSCALLS
DosFindClose                        DOSCALLS
DosSetPathInfo                      DOSCALLS
DosCreateDir                        DOSCALLS
DosSetFilePtr                       DOSCALLS
DosDevConfig                        DOSCALLS
DosDelete                           DOSCALLS
DosLoadModule                       DOSCALLS
DosQueryProcAddr                    DOSCALLS
DosCreateThread                     DOSCALLS
DosGetDateTime                      DOSCALLS
DosQueryCurrentDir                  DOSCALLS
DosQueryModuleHandle                DOSCALLS
DosQueryHType                       DOSCALLS
DosSetRelMaxFH                      DOSCALLS
DosResetBuffer                      DOSCALLS
DosAllocMem                         DOSCALLS
DosQueryDBCSEnv                     NLS
DosQueryCp                          DOSCALLS
DosFreeMem                          DOSCALLS
VIO16WRTTTY                         VIOCALLS
DosQueryAppType                     DOSCALLS
DosExecPgm                          DOSCALLS
DosStartSession                     SESMGR
DosCreateQueue                      QUECALLS
DosReadQueue                        QUECALLS
DosCloseQueue                       QUECALLS


                        +--------------------+
                        |   Libraries Used   |
                        +--------------------+

..\..\..\txlib\_txall_\lib\txos2t.lib
j:\ow19/lib386/os2\clib3r.lib
j:\ow19/lib386\math387r.lib
j:\ow19/lib386/os2\emu387.lib
j:\toolkit\lib\os2386.lib


                        +-----------------------+
                        |   Linker Statistics   |
                        +-----------------------+

Stack size:  00020000 (131072.)
Memory size:  00077768 (489320.)
Entry point address: 0002:000274a8
Link time: 00:00.45
