Open Watcom Linker Version 1.7
Portions Copyright (c) 1985-2002 Sybase, Inc. All Rights Reserved.
Created on:       08/02/14 15:14:57
Executable Image: ..\sam4wint.exe
creating a Windows NT character-mode executable


                        +------------+
                        |   Groups   |
                        +------------+

Group                           Address              Size
=====                           =======              ====

.idata                          00446000             0000085e
DGROUP                          00447000             00028d40



                        +--------------+
                        |   Segments   |
                        +--------------+

Segment                Class          Group          Address         Size
=======                =====          =====          =======         ====

BEGTEXT                CODE           AUTO           00401000        00000007
_TEXT                  CODE           AUTO           00401010        00043ed0
TRANSFER CODE          CODE           AUTO           00444ee0        000001bc
.idata                 .idata         .idata         00446000        0000085e
_NULL                  BEGDATA        DGROUP         00447000        00000004
_AFTERNULL             BEGDATA        DGROUP         00447004        00000000
CONST                  DATA           DGROUP         00447004        000000c4
CONST2                 DATA           DGROUP         004470c8        00000000
_DATA                  DATA           DGROUP         004470c8        00006200
XIB                    DATA           DGROUP         0044d2c8        00000000
XI                     DATA           DGROUP         0044d2c8        0000003c
XIE                    DATA           DGROUP         0044d304        00000000
YIB                    DATA           DGROUP         0044d304        00000000
YI                     DATA           DGROUP         0044d304        00000024
YIE                    DATA           DGROUP         0044d328        00000000
TIB                    DATA           DGROUP         0044d328        00000000
TI                     DATA           DGROUP         0044d328        00000000
TIE                    DATA           DGROUP         0044d328        00000000
DATA                   DATA           DGROUP         0044d328        00000000
_BSS                   BSS            DGROUP         0044e000        00001d38
STACK                  STACK          DGROUP         0044fd40        00020000


                        +----------------+
                        |   Memory Map   |
                        +----------------+

* = unreferenced symbol
+ = symbol only referenced locally

Address        Symbol
=======        ======

Module: sam4.obj(E:\Projecten\OpenWatcomTxLib\sam4\sam4.c)
004470c8+      _usagetext
00401461       main_
Module: c:\watcom\lib386\nt\clib3r.lib(stk)
004019b1       __CHK
004019c1*      __STK
004019e0*      __STKOVERFLOW_
004019f0       __GRO
00401a10*      __alloca_probe
Module: ..\..\..\txlib\_txall_\lib\txwint.lib(H:\c\txlib\txwiop.c)
00401b07       TxScreenInitialize_
00401b0a       TxScreenTerminate_
00401b17       TxScreenCols_
00401b1c       TxCursorCol_
00401b35       TxScreenRows_
00401b4e       TxCursorRow_
00401b67       TxSetCursorPos_
00401b77       TxSetCursorStyle_
00401ba4       TxSetBrightBgMode_
00401ba5       txwScrDrawCharString_
00401c40       txwScrDrawCharStrCol_
00401d23       txwScrDrawCellString_
00401eaa       txwScrReadCellString_
00401f28       txwScrShadowRectangle_
0040202e       txwScrFillRectangle_
00402106       txwScrScrollRectangle_
00402140       txwScrVisibleLines_
004021c1*      txwDisplayConsoleInfo_
00402958       txNtConsoleDisplay_
Module: ..\..\..\txlib\_txall_\lib\txwint.lib(H:\c\txlib\txtrace.c)
00447144       _TxTrLevel
00447148       _TxTrSlowDown
0044714c       _TxTrLogOnly
00447150+      _TxTrTstamp
00447154+      _TxTrIndent
00402a59       TxTraceInitMain_
00402bdd       TxTraceEnter_
00402c1a       TxTraceReturn_
00402c7d       TxTraceRetBool_
00402cee       TxTraceRetVoid_
00402d3f       TxTraceLeader_
Module: ..\..\..\txlib\_txall_\lib\txwint.lib(H:\c\txlib\txcon.c)
004471d9       _txh_clean
004471dd       _txh_raw
00402ebb       TxSetAscii7Mode_
00402f23*      TxGetAscii7Mode_
00402f29       TxSetAnsiMode_
00402f45       TxGetAnsiMode_
00402f4b       TxScreenState_
00402f5b       TxLogfileState_
00402f6b*      TxSetLogMaxSize_
00402f71*      TxSetLogRetain_
00402f77       TxPrint_
004031e8       TxStripAnsiCodes_
0040322f       TxClaimKeyboard_
004032f2       TxCancelAbort_
004033a4       TxSetPendingAbort_
00403459       TxAbort_
00403505       TxConfirm_
004036b8       TxMessage_
00447202       _ansi
Module: ..\..\..\txlib\_txall_\lib\txwint.lib(H:\c\txlib\txparse.c)
004483a4       _txacur
004483a8+      _txa1st
00403c44*      TxaOptionLongName_
00403d94       TxaParseArgcArgv_
00403eba       TxaParseNumber_
004041db       txaReadAndStoreItem_
004049cd       TxaNewParseElement_
00404a1b       TxaDropParsedCommand_
00404ce0       TxaGetOption_
00404dc8       TxaOptionYes_
00404e4f       TxaOptionStr_
00404eae       TxaOptionNum_
00404f0d*      TxaOptionBkmg_
00405097       TxaGetArgv_
0040510d       TxaGetArgc_
00405123*      TxaGetOptc_
004051e8       txaHandle2Element_
00405225+      txaCopyItem_
Module: ..\..\..\txlib\_txall_\lib\txwint.lib(H:\c\txlib\txparse2.c)
004056dd+      TxaParseCommandString_
0040593c*      TxaSetItem_
00405ab1*      TxaReParseCommand_
00405bd2*      TxaOptionAsString_
00405d0b*      TxaOutputVerbosity_
00405e71*      TxaErrorStrategy_
00405f6b*      TxSetNumberRadix_
00405fcd*      TxGetNumberRadix_
00405fd6*      TxaParseBool_
004060da*      TxaGetArgString_
00406512*      TxaGetComment_
00406600*      TxaMutualX_
00406828       TxaShowParsedCommand_
004069f2+      txaParseNextItem_
Module: ..\..\..\txlib\_txall_\lib\txwint.lib(H:\c\txlib\txlib.c)
00406be3       TxLibraryInit_
00406d2e       TxLibraryExit_
00406d51*      TxPrintTerminate_
00406d52+      TxPrintInit_
004487ec+      _txwanchor
00448990       _txwa
Module: ..\..\..\txlib\_txall_\lib\txwint.lib(H:\c\txlib\txlogfil.c)
00406e64       TxAppendToLogFile_
00406f94       TxSetLogReOpen_
00406f9a       TxCloseReopenLogFile_
00406fe5       TxQueryLogFile_
00407004       TxQueryLogName_
00407015       TxBuildLogName_
Module: ..\..\..\txlib\_txall_\lib\txwint.lib(H:\c\txlib\txdisp.c)
00407101*      TxDisplAscDump_
0040714b       TxDisplHexDump_
00407160       TxDisplayHex_
0040731b*      TxDispLongHex_
0040749b       TxPrintable_
004074b2       TxPrintSafe_
004074da       TxShowTxt_
Module: ..\..\..\txlib\_txall_\lib\txwint.lib(H:\c\txlib\txwind.c)
00407e79       txwInitializeDesktop_
00408273       txwTerminateDesktop_
004083df       txwIsWindow_
004083f1       txwQueryWindow_
00408567       txwWindowData_
0040857a       txwSetupWindowData_
004088ce       txwCreateWindow_
00409121       txwDestroyWindow_
00409645       txwSetFocus_
0040996e*      txwEnableWindow_
00409acf       txwIsWindowEnabled_
00409ba8       txwShowWindow_
00409e55+      txwIsWindowVisible_
00409f4e       txwIsWindowShowing_
0040a02d       txwIsRectShowing_
0040a1c8       txwFindNextFocus_
0040a571       txwFindPrevFocus_
0040a91a       txwInvalidateAll_
0040a9e7       txwInvalidateWindow_
0040ac07       txwInvalidateBorder_
0040ad05       txwQueryWindowPos_
0040aeae       txwQueryWindowRect_
0040b072       txwQueryWindowUShort_
0040b0f3+      txwQueryWindowULong_
0040b217       txwQueryWindowPtr_
0040b21c       txwSetWindowUShort_
0040b2a6+      txwSetWindowULong_
0040b3cd       txwSetWindowPtr_
0040b3d2       txwSetWindowPos_
0040bbbf       txwWindowFromID_
00448ae4       _txVbuf
Module: ..\..\..\txlib\_txall_\lib\txwint.lib(H:\c\txlib\txwprint.c)
0040bdbf       txwInitPrintfSBHook_
0040bfb0       txwTermPrintfSBHook_
0040c70f       txwPaintSbView_
0040c856*      txwSavePrintfSB_
Module: ..\..\..\txlib\_txall_\lib\txwint.lib(H:\c\txlib\txwmsg.c)
0040ce16       TxInputInitialize_
0040cec9       TxInputDesktopInit_
0040cf7c       TxInputTerminate_
0040cf7f       txwGetInputEvent_
0040d350       txwNotifyAsyncInput_
0040d47e       txwGetMsg_
0040d6cc       txwDispatchMsg_
0040d795       txwSendMsg_
0040d97d       txwPostMsg_
0040dbbc       txwDestroyMessages_
0040ddec       txwQueueMsgPresent_
0040de7c       txwSetAccelerator_
0040e029+      txwTranslateAccel_
Module: ..\..\..\txlib\_txall_\lib\txwint.lib(H:\c\txlib\txwdraw2.c)
0040e379       txwSetSbviewStatus_
0040e490*      txwDefaultStatusShow_
0040e4a3       txwSetDesktopTopLine_
0040e596*      txwDrawCharString_
0040e6d7       txwDrawCharStrCol_
0040e720*      txwDrawCellString_
0040e76b       txwFillClientWindow_
0040e896*      txwScrollClientWindow_
0040e9cf       txwSetCursorPos_
0040eb11       txwSetCursorStyle_
Module: ..\..\..\txlib\_txall_\lib\txwint.lib(H:\c\txlib\txwutil.c)
0040f9b7       txwValidateHandle_
0040fa24       txwValidateAndClip_
0040fab5       txwBeginEnumWindows_
0040fba5       txwEndEnumWindows_
0040fcc5       txwGetNextWindow_
0040fdc1+      txwIsChild_
0040fdfb       txwIsDescendant_
0040fe33       txwIsMinimized_
0040ff2a       txwResetAutoRadioGroup_
004101b3       txwIsAccelCandidate_
00410417       txwMsgDescription_
0041097b       txwKeyDescription_
00411066       txwClassDescription_
00411289       txwWusDescription_
004112c3       txwWbsDescription_
00411439       txwDumpWindows_
00411550       txwTopWindowAtPos_
0041169c       txwSetCapture_
0041176f       txwQueryCapture_
0041182a       txwInRectangle_
0041184f       txwIntersectRect_
004118b8+      txwOverlappingRect_
00411905*      txwUniteRect_
00411950       txwExclusionRectangles_
00411c72       txwNormalRect_
00411cef       txwMoveSizeRect_
00411d2c       txwCalculateStringClip_
00411d9d       txwVisibleLineRegions_
00411e71       txwAdd2History_
00411f93*      txwInitializeHistory_
00412136*      txwTerminateHistory_
004122a5       TxSelistHistory_
00412767       txwGetHistory_
00412917+      txwPutHistory_
00412abf       txwDelCurrentHistory_
00412c2d       txwFindHistory_
00412dca       txwRfndHistory_
00412f6e+      txwSortHistory_
00413083*      txwDlgUs2Field_
004130be*      txwDlgUl2Field_
004130f6*      txwDlgField2Us_
00413133*      txwDlgField2Ul_
00413170*      txwSbColorStyle_
Module: c:\watcom\lib386\nt\clib3r.lib(sprintf)
00413250       sprintf_
Module: ..\..\..\txlib\_txall_\lib\txwint.lib(H:\c\txlib\txwproc.c)
00413963       txwDefWindowProc_
00413b70       txwDefDlgProc_
004158a2       txwMouseButtonDown_
004161e6       txwDismissDlg_
00416319+      txwCreateDlg_
00416491+      txwProcessDlg_
0041663c       txwDlgBox_
Module: c:\watcom\lib386\nt\clib3r.lib(cstrtwnt)
0041672c       _cstart_
0041672c*      mainCRTStartup
Module: c:\watcom\lib386\nt\clib3r.lib(argcv)
0044f5ac       __argc
0044f5b0       __argv
0044f5b4       ___argc
0044f5b8       ___argv
Module: c:\watcom\lib386\nt\clib3r.lib(xmsgwnt)
00416790+      __exit_with_msg_
004167d0       __fatal_runtime_error_
Module: c:\watcom\lib386\nt\clib3r.lib(mainwnt)
00448f7c*      ___TlsIndex
00448f80+      ___FirstThreadData
00448f84       ___GetThreadPtr
00448f88       __AccessFileH
00448f8c       __ReleaseFileH
00448f90       __AccessIOB
00448f94       __ReleaseIOB
00448f98       __AccessNHeap
00448f9c*      __AccessFHeap
00448fa0       __ReleaseNHeap
00416800       __threadid_
00416870+      __sig_null_rtn_
00416880+      __NTInit_
00416a60+      __NTFini_
00416ac0       __NTMainInit_
00416b20       __exit_
00448fa4*      __ReleaseFHeap
00448fa8*      __AccessTDList
00448fac*      __ReleaseTDList
00448fb0       __AccessFList
00448fb4       __ReleaseFList
00448fb8+      __ThreadExitRtn
00448fbc       ___sig_init_rtn
00448fc0       ___sig_fini_rtn
00448fc4       ___process_fini
0044f5c4       ___Is_DLL
Module: c:\watcom\lib386\nt\clib3r.lib(calloc)
00416b70       calloc_
Module: c:\watcom\lib386\nt\clib3r.lib(nfree)
00416b90       free_
00416ba0       _nfree_
0044fbe0       ___MiniHeapFreeRover
Module: c:\watcom\lib386\nt\clib3r.lib(iob)
00448fc8       ___iob
004491d0       __fmode
0044fbe4       ___OpenStreams
0044fbe8       ___ClosedStreams
Module: c:\watcom\lib386\nt\clib3r.lib(fprintf)
00416cb0       fprintf_
Module: c:\watcom\lib386\nt\clib3r.lib(istable)
00416ce0       __IsTable
Module: c:\watcom\lib386\nt\clib3r.lib(atoi)
00416df0       atoi_
Module: c:\watcom\lib386\nt\clib3r.lib(getenv)
00416e40       getenv_
Module: c:\watcom\lib386\nt\clib3r.lib(strncmp)
00416ed0       strncmp_
Module: c:\watcom\lib386\nt\clib3r.lib(atol)
00416f00       atol_
Module: c:\watcom\lib386\nt\clib3r.lib(clockwin)
00416f50       clock_
Module: c:\watcom\lib386\nt\clib3r.lib(vsprintf)
00416f90       vsprintf_
Module: ..\..\..\txlib\_txall_\lib\txwint.lib(H:\c\txlib\txutil.c)
00416fa5*      TxAreaEmpty_
00416fc2       TxAscii827_
00416ff0       TxCopy_
Module: c:\watcom\lib386\nt\clib3r.lib(fflush)
00417020       fflush_
Module: c:\watcom\lib386\nt\clib3r.lib(remove)
00417030       remove_
Module: c:\watcom\lib386\nt\clib3r.lib(kbhitwnt)
00417040       kbhit_
Module: ..\..\..\txlib\_txall_\lib\txwint.lib(H:\c\txlib\txstrtxt.c)
004171bc       txString2Text_
00417633       txFreeText_
Module: c:\watcom\lib386\nt\clib3r.lib(strstr)
004177b0       strstr_
Module: ..\..\..\txlib\_txall_\lib\txwint.lib(H:\c\txlib\txwstdlg.c)
0041a63f       txwInitStandardDialogs_
0041a788       txwTermStandardDialogs_
0041a853       txwMessageBox_
0041b61c       txwPromptBox_
0041beac       txwListBox_
0041c943*      txwMenuBar_
0041d201*      txwViewText_
0041d4ad*      txwOpenFileDialog_
0041d7b5*      txwSaveAsFileDialog_
0041dabd*      txwSelDirFileDialog_
0041dcc1+      txwStdFileDialog_
0041ec14+      txwDefFileDlgProc_
0044ab14       _txwstd_footer
0044ab50+      _txwfld_footer
Module: c:\watcom\lib386\nt\clib3r.lib(getchwnt)
0041fb40       getch_
Module: c:\watcom\lib386\nt\clib3r.lib(strcspn)
0041fbb0       strcspn_
Module: c:\watcom\lib386\nt\clib3r.lib(tolower)
0041fc00       tolower_
Module: c:\watcom\lib386\nt\clib3r.lib(sscanf)
0041fc50+      vsscanf_
0041fc80       sscanf_
Module: ..\..\..\txlib\_txall_\lib\txwint.lib(H:\c\txlib\txstrnum.c)
0041fcd4       txIsValidHex_
0041fd1d       txIsValidDec_
0041fd7a*      txHasMcsPrefix_
Module: c:\watcom\lib386\nt\clib3r.lib(strncpy)
0041feb0       strncpy_
Module: c:\watcom\lib386\nt\clib3r.lib(_istrcc_)
0041fee8       strcasecmp_
Module: c:\watcom\lib386\nt\clib3r.lib(_istrncc)
0041fef0       strncasecmp_
Module: ..\..\..\txlib\_txall_\lib\txwint.lib(H:\c\txlib\txcrite.c)
0041ff0b       TxFsSetCritErrHandler_
Module: c:\watcom\lib386\nt\clib3r.lib(fclose)
0041ffc0       __doclose_
00420060       __shutdown_stream_
00420080       fclose_
0044fbfc+      ___RmTmpFileFn
Module: c:\watcom\lib386\nt\clib3r.lib(_strcmp)
004200d0       strcmp_
Module: ..\..\..\txlib\_txall_\lib\txwint.lib(H:\c\txlib\txfnext.c)
00420210       TxFnameExtension_
0042026a       TxStripExtension_
Module: c:\watcom\lib386\nt\clib3r.lib(fopen)
004202a0+      __open_flags_
004204b0+      _fsopen_
00420500       fopen_
00420590*      freopen_
Module: c:\watcom\lib386\nt\clib3r.lib(memset)
00420600       memset_
Module: ..\..\..\txlib\_txall_\lib\txwint.lib(H:\c\txlib\txextcmd.c)
004207f0       TxExternalCommand_
Module: ..\..\..\txlib\_txall_\lib\txwint.lib(H:\c\txlib\txwdraw.c)
0044bbbc       _txwcs
0044bbc0+      _txwcschemes
004211a9*      txwSetLinesCustom_
004212cd       txwColorScheme_
00421575*      TxSelistColorSchemes_
0042177c       txwSaveWindowContent_
004219ef       txwRestoreWindowContent_
00421d01       txwPaintBorder_
00422cfa       txwPaintShadow_
00422dbb       txwPaintWindow_
004241d7       txwPaintWinStatus_
Module: ..\..\..\txlib\_txall_\lib\txwint.lib(H:\c\txlib\txcon2.c)
00424796       TxPrintHook_
Module: c:\watcom\lib386\nt\clib3r.lib(memmove)
004249a0       memmove_
Module: ..\..\..\txlib\_txall_\lib\txwint.lib(H:\c\txlib\txwehook.c)
00424a8c*      txwAttachEventHook_
00424bb5*      txwDetachEventHook_
00424cdf*      txwQueryEventHook_
00424da2       txwSignalEventHook_
Module: ..\..\..\txlib\_txall_\lib\txwint.lib(H:\c\txlib\txselist.c)
0042525b       TxSelGetMaxLength_
00425429       TxSelScrollUp_
00425545       TxSelScrollDown_
0042566b       TxSelSetPosition_
004257ae       TxSelSetSelected_
004258e0*      TxSelItterateSelected_
00425a53       TxSelCharSelect_
00425bab*      TxSelStringSelect_
00425d58*      TxSelGetCharSelect_
00425fba*      TxSetMenuItemFlag_
00426173+      TxSetListItemFlag_
004262ca       TxSelCreate_
0042655c       txSelDestroy_
00426950+      txSelItemDestroy_
00426b54*      TxSelDeleteCurrent_
00426c58*      TxSelistFromTxt_
00426e32*      TxSelistDuplicate_
00427088       TxSelEmptyList_
Module: c:\watcom\lib386\nt\clib3r.lib(localtim)
00427210+      _localtime_
00427270       localtime_
Module: c:\watcom\lib386\nt\clib3r.lib(strftime)
004274ed       strftime_
Module: c:\watcom\lib386\nt\clib3r.lib(time)
00427a10       time_
Module: c:\watcom\lib386\nt\clib3r.lib(qsort)
00427aa0       qsort_
Module: ..\..\..\txlib\_txall_\lib\txwint.lib(H:\c\txlib\txstring.c)
0042814a       TxRepl_
00428162*      TxRepStr_
004281ee       TxStrip_
0042822f       TxPClip_
00428269       TxStrToUpper_
00428287*      TxStrToLower_
Module: ..\..\..\txlib\_txall_\lib\txwint.lib(H:\c\txlib\txwikey.c)
004286c3       txwIkeyTextview_
00428bcb       txwIkeySbView_
00428f88       txwIkeyEntryfield_
00429a7b       txwIkeyButton_
00429e5b       txwIkeyListBox_
Module: ..\..\..\txlib\_txall_\lib\txwint.lib(H:\c\txlib\txwhelp.c)
0042e0b3*      txwGetHelpText_
0042e1d1       txwHelpDialog_
0042e7e0       txwRegisterHelpText_
0042ea43*      txwTerminateHelpManager_
Module: c:\watcom\lib386\nt\clib3r.lib(main2wnt)
0042ece0       __NTMain
Module: c:\watcom\lib386\nt\clib3r.lib(segdefns)
00401003       ___begtext
00447000*      __nullarea
0044d2c8       __Start_XI
0044d304       __End_XI
0044d304       __Start_YI
0044d328       __End_YI
Module: c:\watcom\lib386\nt\clib3r.lib(initargv)
0042ed40       __Init_Argv_
0042ed90+      _getargv_
0042ef20       __Fini_Argv_
Module: c:\watcom\lib386\nt\clib3r.lib(hdlman)
0044c01c+      ___NHandles
0044c020       ___OSHandles
0044c024+      ___FakeHandles
0042ef30+      __growPOSIXHandles_
0042efd0       __allocPOSIXHandle_
0042f090       __freePOSIXHandle_
0042f0b0*      __getOSHandle_
0042f0d0       __setOSHandle_
0042f120+      __NTGetFakeHandle_
0042f190       __initPOSIXHandles_
0042f270*      __set_handles_
0042f280*      _grow_handles_
Module: c:\watcom\lib386\nt\clib3r.lib(enterdb)
0042f2c0       __EnterWVIDEO_
0044c030+      ___WD_Present
Module: c:\watcom\lib386\nt\clib3r.lib(crwdata)
0044c078       __osmajor
0044c079       __osminor
0044c07a       __osbuild
0044c07c       __osver
0044c080       __winmajor
0044c084       __winminor
0044c088       __winver
0044c03c       __LpCmdLine
0044c040       __LpPgmName
0044c044       __LpDllName
0044c048       __LpwCmdLine
0044c04c       __LpwPgmName
0044c050       __LpwDllName
0044c034*      __dynend
0044c038       __curbrk
0044c054*      __STACKLOW
0044c058       __STACKTOP
0044c05c       __ASTACKSIZ
0044c060       __ASTACKPTR
0044c064       __cbyte
0044c068*      __cbyte2
0044c06c*      __child
0044c072       __Envptr
0044c076*      __Envseg
0044c070       __no87
0044c08c       ___FPE_handler
Module: c:\watcom\lib386\nt\clib3r.lib(environ)
0044fc04       ___env_mask
0044fc08       _environ
0044fc0c       __wenviron
Module: c:\watcom\lib386\nt\clib3r.lib(getmodfn)
0042f2f0       __lib_GetModuleFileNameW_
Module: c:\watcom\lib386\nt\clib3r.lib(strdup)
0042f390       __clib_strdup_
Module: c:\watcom\lib386\nt\clib3r.lib(ustrdup)
0042f3d0       __clib_wcsdup_
Module: c:\watcom\lib386\nt\clib3r.lib(excptwnt)
0042fa60+      ___ReportException@4
0042feb0       __DefaultExceptionHandler_
0042fef0+      ___ExceptionFilter
00430100       __NewExceptionFilter_
00430130       __DoneExceptionFilter_
0044c090       ___oscode_check_func
0044c094       ___raise_func
0044fc10*      _sw
0044fc14+      ___ExceptionHandled
0044fc15+      ___ReportInvoked
Module: c:\watcom\lib386\nt\clib3r.lib(stklmwnt)
00430170       __init_stack_limits_
Module: c:\watcom\lib386\nt\clib3r.lib(initrtns)
004301f0       __InitRtns
00430240       __FiniRtns
Module: c:\watcom\lib386\nt\clib3r.lib(nmalloc)
004302a0       malloc_
004302b0       _nmalloc_
0044c0ac       ___nheapbeg
0044c0b0       ___MiniHeapRover
0044c0b4       ___LargestSizeB4MiniHeapRover
Module: c:\watcom\lib386\nt\clib3r.lib(mem)
004303b0       __MemAllocator
00430460       __MemFree
Module: c:\watcom\lib386\nt\clib3r.lib(initfile)
004305d0       __InitFiles_
Module: c:\watcom\lib386\nt\clib3r.lib(ioexit)
004306d0*      fcloseall_
004306e0       __full_io_exit_
Module: c:\watcom\lib386\nt\clib3r.lib(fprtf)
00430710       __fprtf_
Module: c:\watcom\lib386\nt\clib3r.lib(mbterm)
004307d0       _mbterm_
Module: c:\watcom\lib386\nt\clib3r.lib(mbsnextc)
00430810       _mbsnextc_
Module: c:\watcom\lib386\nt\clib3r.lib(mbcupper)
00430850       _mbctoupper_
Module: c:\watcom\lib386\nt\clib3r.lib(mbsinc)
00430880       _mbsinc_
Module: c:\watcom\lib386\nt\clib3r.lib(prtf)
004308b0       __prtf_
Module: c:\watcom\lib386\nt\clib3r.lib(flush)
00431580       __flush_
Module: c:\watcom\lib386\nt\clib3r.lib(flushall)
00431680       __flushall_
004316c0       flushall_
Module: c:\watcom\lib386\nt\clib3r.lib(unlnkwnt)
004316d0       unlink_
Module: c:\watcom\lib386\nt\clib3r.lib(conutwnt)
00431700       __NTRealKey_
004317b0       __NTConsoleInput_
004317c0       __NTConsoleOutput_
Module: ..\..\..\txlib\_txall_\lib\txwint.lib(H:\c\txlib\txwidget.c)
00431ffb       txwInitGenericWidgets_
004320c4       txwTermGenericWidgets_
0043216f       txwWidgetSize_
00432291       txwCreateWidgets_
00432569*      txwWidgetDialog_
Module: ..\..\..\txlib\_txall_\lib\txwint.lib(H:\c\txlib\txafail.c)
0043291f       TxFsAutoFailCriticalErrors_
0044c640+      _TxAutoFail
Module: ..\..\..\txlib\_txall_\lib\txwint.lib(H:\c\txlib\txfname.c)
00432a61       TxGetBaseName_
00432a90       TxStripBaseName_
Module: ..\..\..\txlib\_txall_\lib\txwint.lib(H:\c\txlib\txfsys.c)
00432f3e       TxFsVolumes_
004331c1+      TxFsVolumeLabel_
00433361*      TxFsDrivemap_
0043345a+      TxFsShow_
00433724       TxFsDriveSelist_
00433dd1+      TxFsType_
00433f95*      TxFsEjectRemovable_
004340a8+      TxFsIsRemovable_
0043438c+      TxFsSpace_
Module: ..\..\..\txlib\_txall_\lib\txwint.lib(H:\c\txlib\txwildc.c)
00434550       TxStrWcnt_
0043456c+      TxStrWcmp_
0043465e       TxStrWicmp_
Module: ..\..\..\txlib\_txall_\lib\txwint.lib(H:\c\txlib\txtname.c)
004346fd       TxTrueNameDir_
Module: ..\..\..\txlib\_txall_\lib\txwint.lib(H:\c\txlib\txtree.c)
00434ec0       TxFileDirSelist_
00435475       txWildcard2Filter_
004356e5       txFreeFilter_
0043586a+      TxFindFirstFile_
00435a83+      TxFindNextFile_
00435c43+      TxFindClose_
00435d54*      txFileTreeOneFile_
00435f0a*      txFileTreeNoPath_
0043601d+      TxFileTree_
Module: ..\..\..\txlib\_txall_\lib\txwint.lib(H:\c\txlib\txmpath.c)
00437112       TxMakePath_
0043722e*      TxMake8dot3_
Module: ..\..\..\txlib\_txall_\lib\txwint.lib(H:\c\txlib\txfexist.c)
00437522*      TxCreateEmptyFile_
00437681       TxFileExists_
Module: c:\watcom\lib386\nt\clib3r.lib(bits)
004376c0       __Bits
004376d0       __setbits_
Module: c:\watcom\lib386\nt\clib3r.lib(scnf)
00438270       __scnf_
Module: c:\watcom\lib386\nt\clib3r.lib(stricmp)
004384d0       stricmp_
Module: c:\watcom\lib386\nt\clib3r.lib(strnicmp)
00438510       strnicmp_
Module: c:\watcom\lib386\nt\clib3r.lib(lseekwnt)
00438560       __lseek_
Module: c:\watcom\lib386\nt\clib3r.lib(_clsewnt)
004385a0       __close_
Module: c:\watcom\lib386\nt\clib3r.lib(freefp)
00438600       __freefp_
00438650       __purgefp_
Module: c:\watcom\lib386\nt\clib3r.lib(strrchr)
00438680       strrchr_
Module: c:\watcom\lib386\nt\clib3r.lib(comtflag)
004386a0*      __set_commode_
0044c644       __commode
Module: c:\watcom\lib386\nt\clib3r.lib(seterrno)
004386ab       __set_errno_
004386b9*      __set_EDOM_
004386c7       __set_ERANGE_
004386d5*      __set_EINVAL_
004386e8       __set_doserrno_
Module: c:\watcom\lib386\nt\clib3r.lib(openwnt)
004388f0*      open_
00438910       sopen_
Module: c:\watcom\lib386\nt\clib3r.lib(fseek)
00438990       fseek_
Module: c:\watcom\lib386\nt\clib3r.lib(chktty)
00438ac0       __chktty_
Module: c:\watcom\lib386\nt\clib3r.lib(allocfp)
00438b00       __allocfp_
Module: c:\watcom\lib386\nt\clib3r.lib(__stos)
00438bd0       __STOSB
00438c07*      __STOSD
Module: c:\watcom\lib386\nt\clib3r.lib(system)
00438cb0       system_
Module: c:\watcom\lib386\nt\clib3r.lib(fgets)
00438d30       fgets_
Module: c:\watcom\lib386\nt\clib3r.lib(toupper)
00438da0       toupper_
Module: ..\..\..\txlib\_txall_\lib\txwint.lib(H:\c\txlib\txwhexed.c)
0043b05f+      txwInitHexeditDialogs_
0043b128*      txwHexEditor_
0043b7cc       txwPaintHexEdit_
0043cc92+      txwHexEditWinProc_
Module: c:\watcom\lib386\nt\clib3r.lib(tzset)
0044ca08       ___start_dst
0044ca2c       ___end_dst
0044cb54       _tzname
0044cb5c       _timezone
0044cb60       _daylight
0044cb64       ___dst_adjust
0043df60*      __DontCacheOSTZ_
0043df70*      __CacheOSTZ_
0043e1d0+      __parse_tz_
0043e410       tzset_
Module: c:\watcom\lib386\nt\clib3r.lib(gmtime)
0043e4a0       __brktime_
0043e5a0+      _gmtime_
0043e5c0       gmtime_
Module: c:\watcom\lib386\nt\clib3r.lib(timeutil)
0043e720       __isindst_
Module: c:\watcom\lib386\nt\clib3r.lib(itoa)
0043ea50+      utoa_
0043eaa0       itoa_
Module: c:\watcom\lib386\nt\clib3r.lib(leapyear)
0043ead0       __leapyear_
0044701c       ___diyr
00447036       ___dilyr
Module: c:\watcom\lib386\nt\clib3r.lib(gtctmwnt)
0043eb10       __getctime_
Module: c:\watcom\lib386\nt\clib3r.lib(mktime)
0043eb80       mktime_
Module: c:\watcom\lib386\nt\clib3r.lib(nrealloc)
0043ec10       realloc_
0043ec20+      _nrealloc_
Module: c:\watcom\lib386\nt\clib3r.lib(mthrdini)
0043eca0       __InitThreadData_
0044cb6c       ___ThreadDataSize
Module: c:\watcom\lib386\nt\clib3r.lib(cmain386)
0043ecd0       __CMain
Module: c:\watcom\lib386\nt\clib3r.lib(dosseg)
00001234       __DOSseg__
Module: c:\watcom\lib386\nt\clib3r.lib(histsplt)
0044fc18       ___historical_splitparms
Module: c:\watcom\lib386\nt\clib3r.lib(___argc)
0044fc1c       ____Argv
0044fc20       ____Argc
Module: c:\watcom\lib386\nt\clib3r.lib(iomode)
0043ed10       __GetIOMode_
0043ed30       __SetIOMode_nogrow_
0044cb70       ___NFiles
0044cb74       ___init_mode
0044cbc4       ___io_mode
Module: c:\watcom\lib386\nt\clib3r.lib(stiomode)
0043ed50       __grow_iomode_
0043ee20+      __shrink_iomode_
0043ee60       __SetIOMode_
Module: c:\watcom\lib386\nt\clib3r.lib(setenvp)
0043eed0       __setenvp_
0043ef90       __freeenvp_
Module: c:\watcom\lib386\nt\clib3r.lib(ustrlen)
0043efdd       wcslen_
Module: c:\watcom\lib386\nt\clib3r.lib(memcpy)
0043eff0       memcpy_
Module: c:\watcom\lib386\nt\clib3r.lib(fclex387)
0043f010       _ClearFPE_
Module: c:\watcom\lib386\nt\clib3r.lib(signlwnt)
0044cbc8+      __SignalTable
0043f020+      __SetSignalFunc_
0043f070+      __GetSignalFunc_
0043f0a0+      __GetSignalOSCode_
0043f0d0+      __CheckSignalExCode_
0043f210+      __sigabort_
0043f220       __sigfpe_handler_
0043f270*      signal_
0043f300+      raise_
0043f370+      __SigInit_
0043f3c0+      __SigFini_
0043f400+      __sig_init_
Module: c:\watcom\lib386\nt\clib3r.lib(nmemneed)
0043f420       __nmemneed_
Module: c:\watcom\lib386\nt\clib3r.lib(grownear)
0043f590       __ExpandDGROUP_
Module: c:\watcom\lib386\nt\clib3r.lib(fputc)
0043f5b0       fputc_
Module: c:\watcom\lib386\nt\clib3r.lib(ioalloc)
0043f690       __ioalloc_
Module: c:\watcom\lib386\nt\clib3r.lib(mbisdbcs)
0044fc2c       ___IsDBCS
Module: c:\watcom\lib386\nt\clib3r.lib(mbislead)
0043f730*      _ismbblead_
0044fc30       ___MBCSIsTable
Module: c:\watcom\lib386\nt\clib3r.lib(mbconv)
0043f750       _mbvtop_
Module: c:\watcom\lib386\nt\clib3r.lib(wctomb)
0043f770       wctomb_
Module: c:\watcom\lib386\nt\clib3r.lib(strupr)
0043f7b0       strupr_
Module: c:\watcom\lib386\nt\clib3r.lib(noefgfmt)
0044cc34       ___EFG_printf
0044cc38       ___EFG_scanf
Module: c:\watcom\lib386\nt\clib3r.lib(lltoa)
0043f820       ulltoa_
0043f890*      lltoa_
Module: c:\watcom\lib386\nt\clib3r.lib(ltoa)
0043f8c0       ultoa_
0043f910*      ltoa_
Module: c:\watcom\lib386\nt\clib3r.lib(fsync)
0043f940       fsync_
Module: c:\watcom\lib386\nt\clib3r.lib(qwrit)
0043f990       __qwrite_
Module: c:\watcom\lib386\nt\clib3r.lib(dosret)
0043fa80*      _dosretax_
0043fa90*      _dosret0_
0043faa0       __set_errno_dos_
0043fad0       __set_errno_nt_
Module: c:\watcom\lib386\nt\clib3r.lib(gtcwdwnt)
0043fae0       getcwd_
Module: c:\watcom\lib386\nt\clib3r.lib(fltused)
0044cd40       _fltused_
Module: c:\watcom\lib386\nt\emu387.lib(386)
0043fb70       __init_387_emulator
0043fb71*      __fini_387_emulator
Module: c:\watcom\lib386\nt\clib3r.lib(_8087)
0044cd44       __8087
0044cd45       __real87
Module: ..\..\..\txlib\_txall_\lib\txwint.lib(H:\c\txlib\txfsattr.c)
0043fc31       txFileAttr2String_
0043fc77       txWinFileTime2t_
0043fe3c*      txCt2WinFileTime_
0043ffc6*      txOS2FileTime2t_
00440216*      txCt2OS2FileTime_
Module: ..\..\..\txlib\_txall_\lib\txwint.lib(H:\c\txlib\txstrsiz.c)
00440448*      txPrtSize64_
00440488       txStrSize64_
00440586*      txStrSec2hms_
Module: c:\watcom\lib386\nt\clib3r.lib(i8s)
0044067c*      __U8RS
00440696       __I8RS
004406b1       __I8LS
004406b1*      __U8LS
Module: c:\watcom\lib386\nt\clib3r.lib(mbtowc)
004406d0       mbtowc_
Module: c:\watcom\lib386\nt\clib3r.lib(fdfs386)
00440760       __FDFS
Module: c:\watcom\lib386\nt\clib3r.lib(i8m)
004407ac*      __I8M
004407ac       __U8M
Module: c:\watcom\lib386\nt\clib3r.lib(ntfio)
004407d0*      __GetNTCreateAttr_
00440810       __GetNTAccessAttr_
00440840       __GetNTShareAttr_
Module: c:\watcom\lib386\nt\clib3r.lib(umaskval)
0044cd48       ___umaskval
Module: c:\watcom\lib386\nt\clib3r.lib(isattwnt)
004408a0       isatty_
Module: c:\watcom\lib386\nt\clib3r.lib(lseek)
004408d0       lseek_
Module: c:\watcom\lib386\nt\clib3r.lib(tellwnt)
00440920       tell_
Module: c:\watcom\lib386\nt\clib3r.lib(fileinfo)
0044cd4c       __fileinfo
Module: c:\watcom\lib386\nt\clib3r.lib(_slashc)
00440970       __Slash_C_
Module: c:\watcom\lib386\nt\clib3r.lib(splp)
00440980       spawnlp_
Module: c:\watcom\lib386\nt\clib3r.lib(fgetc)
004409a0+      __fill_buffer_
00440a70+      __filbuf_
00440aa0       fgetc_
Module: c:\watcom\lib386\nt\clib3r.lib(nheapchk)
00440c80       _heapchk_
00440c90+      _nheapchk_
0044fd34+      ___nheapchk_current
Module: ..\..\..\txlib\_txall_\lib\txwint.lib(H:\c\txlib\txcrc32.c)
00440d19       TxCrc32_
00440d50*      TxHpfsCheckSum_
Module: ..\..\..\txlib\_txall_\lib\txwint.lib(H:\c\txlib\txcon3.c)
00440da9       TxPrompt_
Module: c:\watcom\lib386\nt\clib3r.lib(wcstombs)
00440f80       wcstombs_
Module: c:\watcom\lib386\nt\clib3r.lib(alphabet)
004470a0       ___Alphabet
Module: c:\watcom\lib386\nt\clib3r.lib(locmktim)
00441020       __local_mktime_
Module: c:\watcom\lib386\nt\clib3r.lib(nmsize)
00441180*      _msize_
00441190       _nmsize_
Module: c:\watcom\lib386\nt\clib3r.lib(nexpand)
004411a0*      _expand_
004411b0+      __HeapManager_expand_
00441360       _nexpand_
Module: c:\watcom\lib386\nt\clib3r.lib(cinit)
004413b0       __CommonInit_
Module: c:\watcom\lib386\nt\clib3r.lib(exit)
004413b1+      __null_int23_exit_
004413b3       exit_
00441403*      _exit_
0044d170       ___int23_exit
0044d174+      ___FPE_handler_exit
Module: c:\watcom\lib386\nt\clib3r.lib(iomodtty)
00441420       __ChkTTYIOMode_
00441470*      __IOMode_
Module: c:\watcom\lib386\nt\clib3r.lib(dofilstr)
004414b0       __ParsePosixHandleStr_
Module: c:\watcom\lib386\nt\clib3r.lib(clearenv)
004415d0       clearenv_
Module: c:\watcom\lib386\nt\clib3r.lib(abort)
00441677*      abort_
00441692       __terminate_
0044d178       ___abort
Module: c:\watcom\lib386\nt\clib3r.lib(amblksiz)
0044d17c       __amblksiz
Module: c:\watcom\lib386\nt\clib3r.lib(heapen)
004416b0*      _heapenable_
0044d180       ___heap_enabled
Module: c:\watcom\lib386\nt\clib3r.lib(nheapmin)
004416e0*      _heapshrink_
004416f0*      _heapmin_
00441700*      _nheapmin_
004417c0       _nheapshrink_
Module: c:\watcom\lib386\nt\clib3r.lib(mbinit)
00441832       __mbinit_
0044d184       ___MBCodePage
Module: c:\watcom\lib386\nt\clib3r.lib(setefg)
00441920       __setEFGfmt_
Module: c:\watcom\lib386\nt\clib3r.lib(chk8087)
00441960*      _fpreset_
00441980*      __init_8087_
004419c0       __chk8087_
Module: c:\watcom/lib386\math387r.lib(fchop)
004419d4       __CHP
Module: c:\watcom\lib386\nt\clib3r.lib(mbclen)
004419f0       _mbclen_
Module: c:\watcom\lib386\nt\clib3r.lib(spvp)
00441a20       spawnvp_
Module: c:\watcom\lib386\nt\clib3r.lib(gtchewnt)
00441a30       getche_
Module: c:\watcom\lib386\nt\clib3r.lib(qread)
00441a60       __qread_
Module: c:\watcom\lib386\nt\clib3r.lib(nheapwal)
00441ad0*      _heapwalk_
00441ae0       __NHeapWalk_
00441b90+      _nheapwalk_
Module: c:\watcom\lib386\nt\clib3r.lib(strtol)
00441de0*      strtoul_
00441df0       strtol_
Module: c:\watcom\lib386\nt\clib3r.lib(putenv)
00441e00       putenv_
00442090       __putenv_
Module: c:\watcom/lib386\math387r.lib(efgfmt)
004421ff       _EFG_Format_
Module: c:\watcom/lib386\math387r.lib(cnvs2d)
0044235c       __cnvs2d_
Module: c:\watcom\lib386\nt\clib3r.lib(8087cw)
0044d214       __8087cw
Module: c:\watcom\lib386\nt\clib3r.lib(save8087)
0044d218       ___Save8087
0044d21c       ___Rest8087
Module: c:\watcom\lib386\nt\clib3r.lib(init8087)
00442374       __x87id
Module: c:\watcom\lib386\nt\clib3r.lib(spvpe)
004423ac       spawnvpe_
Module: c:\watcom\lib386\nt\clib3r.lib(putchwnt)
00442500       putch_
Module: c:\watcom\lib386\nt\clib3r.lib(mbschr)
00442550       _mbschr_
Module: c:\watcom\lib386\nt\clib3r.lib(mbslen)
004425b0       _mbslen_
Module: c:\watcom\lib386\nt\clib3r.lib(mbstowcs)
004425e0       mbstowcs_
Module: c:\watcom\lib386\nt\clib3r.lib(uputenv)
00442660*      _wputenv_
00442880       __wputenv_
Module: c:\watcom/lib386\math387r.lib(ldcvt)
00442a5a       _LDScale10x_
0044304b       __LDcvt_
Module: c:\watcom/lib386\math387r.lib(strtod)
004439d1+      __Strtold_
00443b3b       strtod_
Module: c:\watcom\lib386\nt\clib3r.lib(spve)
00443cb4       spawnve_
Module: c:\watcom\lib386\nt\clib3r.lib(strlen)
00444070       strlen_
Module: c:\watcom\lib386\nt\clib3r.lib(strchr)
00444090       strchr_
Module: c:\watcom\lib386\nt\clib3r.lib(mbccmp)
004440b0       _mbccmp_
Module: c:\watcom\lib386\nt\clib3r.lib(ustrchr)
004440eb       wcschr_
Module: c:\watcom\lib386\nt\clib3r.lib(setenvar)
00444110       __lib_SetEnvironmentVariableW_
Module: c:\watcom\lib386\nt\clib3r.lib(crtwenv)
00444200       __create_wide_environment_
Module: c:\watcom\lib386\nt\clib3r.lib(utoupper)
00444268       towupper_
Module: c:\watcom/lib386\math387r.lib(ldclass)
00444278       __LDClass_
004442c8*      _FLClass_
Module: c:\watcom\lib386\nt\clib3r.lib(bufld386)
004442d8       __ZBuf2LD
Module: c:\watcom/lib386\math387r.lib(inf_nan)
0044437b*      ___f_infinity
0044437f*      ___f_posqnan
00444383       ___d_infinity
0044438b       ___d_posqnan
00444393*      ___ld_infinity
0044439b*      ___ld_posqnan
Module: c:\watcom\lib386\nt\clib3r.lib(hugeval)
004443b0       __HugeValue
Module: c:\watcom\lib386\nt\clib3r.lib(accsswnt)
004443c0       access_
Module: c:\watcom\lib386\nt\clib3r.lib(mkfilstr)
00444420       __FormPosixHandleStr_
Module: c:\watcom\lib386\nt\clib3r.lib(exvewnt)
0044462f       execve_
Module: c:\watcom\lib386\nt\clib3r.lib(cenvarg)
00444674       __cenvarg_
00444788       __ccmdline_
Module: c:\watcom\lib386\nt\clib3r.lib(stackwnt)
004447e0       stackavail_
Module: c:\watcom\lib386\nt\clib3r.lib(split2)
00444840       _splitpath2_
Module: c:\watcom\lib386\nt\clib3r.lib(makepath)
004449b0       _makepath_
Module: c:\watcom\lib386\nt\clib3r.lib(dospnwnt)
00444b60       _dospawn_
Module: c:\watcom\lib386\nt\clib3r.lib(strcpy)
00444cb0       strcpy_
Module: c:\watcom\lib386\nt\clib3r.lib(spl)
00444ce0       spawnl_
Module: c:\watcom\lib386\nt\clib3r.lib(oshdl)
00444d00*      _get_osfhandle_
00444d30       _os_handle_
Module: c:\watcom\lib386\nt\clib3r.lib(mbsnccnt)
00444d40       _mbsnccnt_
Module: c:\watcom\lib386\nt\clib3r.lib(mbsncpy)
00444d70       _mbsncpy_
Module: c:\watcom\lib386\nt\clib3r.lib(mbsnbcnt)
00444d90       _mbsnbcnt_
Module: c:\watcom\lib386\nt\clib3r.lib(mbsdec)
00444e00       _mbsdec_
Module: c:\watcom\lib386\nt\clib3r.lib(mbsnbcpy)
00444e80       _mbsnbcpy_


                        +----------------------+
                        |   Imported Symbols   |
                        +----------------------+

Symbol                              Module
======                              ======

_Sleep@4                            KERNEL32.DLL
_SetConsoleCursorInfo@8             KERNEL32.DLL
_WriteConsoleOutputCharacterA@20    KERNEL32.DLL
_WriteConsoleOutputA@20             KERNEL32.DLL
_ReadConsoleOutputA@20              KERNEL32.DLL
_FillConsoleOutputAttribute@20      KERNEL32.DLL
_FillConsoleOutputCharacterA@20     KERNEL32.DLL
_ScrollConsoleScreenBufferA@20      KERNEL32.DLL
_GetStdHandle@4                     KERNEL32.DLL
_GetConsoleScreenBufferInfo@8       KERNEL32.DLL
_SetConsoleTextAttribute@8          KERNEL32.DLL
_SetConsoleCursorPosition@8         KERNEL32.DLL
_WriteConsoleA@20                   KERNEL32.DLL
_GetConsoleMode@8                   KERNEL32.DLL
_SetConsoleMode@8                   KERNEL32.DLL
_ReadConsoleInputA@16               KERNEL32.DLL
_WriteConsoleInputA@16              KERNEL32.DLL
_GetLastError@0                     KERNEL32.DLL
_WriteFile@20                       KERNEL32.DLL
_GetEnvironmentStrings@0            KERNEL32.DLL
_GetVersion@0                       KERNEL32.DLL
_GetModuleFileNameA@12              KERNEL32.DLL
_GetCommandLineA@0                  KERNEL32.DLL
_GetCommandLineW@0                  KERNEL32.DLL
_FreeEnvironmentStringsA@4          KERNEL32.DLL
_GetModuleHandleA@4                 KERNEL32.DLL
_ExitProcess@4                      KERNEL32.DLL
_GetTickCount@0                     KERNEL32.DLL
_PeekConsoleInputA@16               KERNEL32.DLL
_SetStdHandle@8                     KERNEL32.DLL
_CreateEventA@16                    KERNEL32.DLL
_CloseHandle@4                      KERNEL32.DLL
_GetModuleFileNameW@12              KERNEL32.DLL
_MultiByteToWideChar@24             KERNEL32.DLL
_LoadLibraryA@4                     KERNEL32.DLL
_GetProcAddress@8                   KERNEL32.DLL
_SetUnhandledExceptionFilter@4      KERNEL32.DLL
_UnhandledExceptionFilter@4         KERNEL32.DLL
_VirtualQuery@12                    KERNEL32.DLL
_CharUpperA@4                       USER32.DLL
_DeleteFileA@4                      KERNEL32.DLL
_CreateFileA@28                     KERNEL32.DLL
_SetErrorMode@4                     KERNEL32.DLL
_GetLogicalDrives@0                 KERNEL32.DLL
_GetVolumeInformationA@32           KERNEL32.DLL
_GetDriveTypeA@4                    KERNEL32.DLL
_DeviceIoControl@32                 KERNEL32.DLL
_GetDiskFreeSpaceA@20               KERNEL32.DLL
_GetFileAttributesA@4               KERNEL32.DLL
_GetFullPathNameA@16                KERNEL32.DLL
_FindFirstFileA@8                   KERNEL32.DLL
_FindNextFileA@8                    KERNEL32.DLL
_FindClose@4                        KERNEL32.DLL
_CreateDirectoryA@8                 KERNEL32.DLL
_SetFilePointer@16                  KERNEL32.DLL
_GetTimeZoneInformation@4           KERNEL32.DLL
_GetLocalTime@4                     KERNEL32.DLL
_GetCurrentThreadId@0               KERNEL32.DLL
_SetConsoleCtrlHandler@8            KERNEL32.DLL
_VirtualAlloc@16                    KERNEL32.DLL
_WideCharToMultiByte@32             KERNEL32.DLL
_FlushFileBuffers@4                 KERNEL32.DLL
_GetCurrentDirectoryA@8             KERNEL32.DLL
_GetFileType@4                      KERNEL32.DLL
_VirtualFree@12                     KERNEL32.DLL
_GetACP@0                           KERNEL32.DLL
_GetOEMCP@0                         KERNEL32.DLL
_GetCPInfo@8                        KERNEL32.DLL
_ReadFile@20                        KERNEL32.DLL
_SetEnvironmentVariableA@8          KERNEL32.DLL
_SetEnvironmentVariableW@8          KERNEL32.DLL
_CreateProcessA@40                  KERNEL32.DLL
_GetExitCodeProcess@8               KERNEL32.DLL
_WaitForSingleObject@8              KERNEL32.DLL


                        +--------------------+
                        |   Libraries Used   |
                        +--------------------+

c:\watcom\lib386\nt\kernel32.lib
c:\watcom\lib386\nt\user32.lib
..\..\..\txlib\_txall_\lib\txwint.lib
c:\watcom\lib386\nt\clib3r.lib
c:\watcom/lib386\math387r.lib
c:\watcom\lib386\nt\emu387.lib


                        +-----------------------+
                        |   Linker Statistics   |
                        +-----------------------+

Stack size:  00020000 (131072.)
Memory size:  0006d63a (448058.)
Entry point address: 0041672c
Link time: 00:00.50
