Open Watcom Linker Version 1.8beta1 Limited Availability
Portions Copyright (c) 1985-2002 Sybase, Inc. All Rights Reserved.
Created on:       08/02/15 10:21:16
Executable Image: ..\sam8wint.exe
creating a Windows NT character-mode executable


                        +------------+
                        |   Groups   |
                        +------------+

Group                           Address              Size
=====                           =======              ====

.idata                          00459000             000008ce
DGROUP                          0045a000             00029120



                        +--------------+
                        |   Segments   |
                        +--------------+

Segment                Class          Group          Address         Size
=======                =====          =====          =======         ====

BEGTEXT                CODE           AUTO           00401000        00000007
_TEXT                  CODE           AUTO           00401010        000574c0
TRANSFER CODE          CODE           AUTO           004584d0        000001d4
.idata                 .idata         .idata         00459000        000008ce
_NULL                  BEGDATA        DGROUP         0045a000        00000004
_AFTERNULL             BEGDATA        DGROUP         0045a004        00000000
CONST                  DATA           DGROUP         0045a004        000000dc
CONST2                 DATA           DGROUP         0045a0e0        00000000
_DATA                  DATA           DGROUP         0045a0e0        00006c70
XIB                    DATA           DGROUP         00460d50        00000000
XI                     DATA           DGROUP         00460d50        0000003c
XIE                    DATA           DGROUP         00460d8c        00000000
YIB                    DATA           DGROUP         00460d8c        00000000
YI                     DATA           DGROUP         00460d8c        00000024
YIE                    DATA           DGROUP         00460db0        00000000
TIB                    DATA           DGROUP         00460db0        00000000
TI                     DATA           DGROUP         00460db0        00000000
TIE                    DATA           DGROUP         00460db0        00000000
DATA                   DATA           DGROUP         00460db0        00000000
_BSS                   BSS            DGROUP         00461000        00002120
STACK                  STACK          DGROUP         00463120        00020000


                        +----------------+
                        |   Memory Map   |
                        +----------------+

* = unreferenced symbol
+ = symbol only referenced locally

Address        Symbol
=======        ======

Module: sam8.obj(H:\c\sam8\sam8.c)
00401f3c       main_
00402123       samStartupLogo_
004022dc       samMultiCommand_
0045a0e0+      _SAM_anchor
0045a12c       _sama
0045a130       _switchhelp
0045a1b0       _cmdhelptxt
Module: sam8win.obj(H:\c\sam8\sam8win.c)
00405910       samWindowed_
Module: j:\ow\lib386\nt\clib3r.lib(stk)
00406bc1       __CHK
00406bd1*      __STK
00406bf0*      __STKOVERFLOW_
00406c00       __GRO
00406c20*      __alloca_probe
Module: ..\..\..\txlib\_txall_\lib\txwint.lib(H:\c\txlib\txwiop.c)
00406d17       TxScreenInitialize_
00406d1a       TxScreenTerminate_
00406d27       TxScreenCols_
00406d2c       TxCursorCol_
00406d45       TxScreenRows_
00406d5e       TxCursorRow_
00406d77       TxSetCursorPos_
00406d87       TxSetCursorStyle_
00406db4       TxSetBrightBgMode_
00406db5       txwScrDrawCharString_
00406e50       txwScrDrawCharStrCol_
00406f33       txwScrDrawCellString_
004070ba       txwScrReadCellString_
00407138       txwScrShadowRectangle_
0040723e       txwScrFillRectangle_
00407316       txwScrScrollRectangle_
00407350       txwScrVisibleLines_
004073d1*      txwDisplayConsoleInfo_
00407b68       txNtConsoleDisplay_
Module: ..\..\..\txlib\_txall_\lib\txwint.lib(H:\c\txlib\txtrace.c)
0045ab64       _TxTrLevel
0045ab68       _TxTrSlowDown
0045ab6c       _TxTrLogOnly
0045ab70       _TxTrTstamp
0045ab74       _TxTrIndent
00407c69       TxTraceInitMain_
00407ded       TxTraceEnter_
00407e2a       TxTraceReturn_
00407e8d       TxTraceRetBool_
00407efe       TxTraceRetVoid_
00407f4f       TxTraceLeader_
Module: ..\..\..\txlib\_txall_\lib\txwint.lib(H:\c\txlib\txcon.c)
0045abf9       _txh_clean
0045abfd       _txh_raw
004080cb       TxSetAscii7Mode_
00408133       TxGetAscii7Mode_
00408139       TxSetAnsiMode_
00408155       TxGetAnsiMode_
0040815b       TxScreenState_
0040816b       TxLogfileState_
0040817b       TxSetLogMaxSize_
00408181       TxSetLogRetain_
00408187       TxPrint_
004083f8       TxStripAnsiCodes_
0040843f       TxClaimKeyboard_
00408502       TxCancelAbort_
004085b4       TxSetPendingAbort_
00408669       TxAbort_
00408715       TxConfirm_
004088c8       TxMessage_
0045ac22       _ansi
Module: ..\..\..\txlib\_txall_\lib\txwint.lib(H:\c\txlib\txparse.c)
0045bdc4       _txacur
0045bdc8+      _txa1st
00408e54*      TxaOptionLongName_
00408fa4       TxaParseArgcArgv_
004090ca       TxaParseNumber_
004093eb       txaReadAndStoreItem_
00409bdd       TxaNewParseElement_
00409c2b       TxaDropParsedCommand_
00409ef0       TxaGetOption_
00409fd8       TxaOptionYes_
0040a05f       TxaOptionStr_
0040a0be       TxaOptionNum_
0040a11d       TxaOptionBkmg_
0040a2a7       TxaGetArgv_
0040a31d       TxaGetArgc_
0040a333*      TxaGetOptc_
0040a3f8       txaHandle2Element_
0040a435+      txaCopyItem_
Module: ..\..\..\txlib\_txall_\lib\txwint.lib(H:\c\txlib\txparse2.c)
0040a8ed       TxaParseCommandString_
0040ab4c       TxaSetItem_
0040acc1*      TxaReParseCommand_
0040ade2*      TxaOptionAsString_
0040af1b       TxaOutputVerbosity_
0040b081       TxaErrorStrategy_
0040b17b*      TxSetNumberRadix_
0040b1dd*      TxGetNumberRadix_
0040b1e6       TxaParseBool_
0040b2ea       TxaGetArgString_
0040b722*      TxaGetComment_
0040b810*      TxaMutualX_
0040ba38       TxaShowParsedCommand_
0040bc02+      txaParseNextItem_
Module: ..\..\..\txlib\_txall_\lib\txwint.lib(H:\c\txlib\txlib.c)
0040bdf3       TxLibraryInit_
0040bf3e       TxLibraryExit_
0040bf61*      TxPrintTerminate_
0040bf62+      TxPrintInit_
0045c20c+      _txwanchor
0045c3b0       _txwa
Module: ..\..\..\txlib\_txall_\lib\txwint.lib(H:\c\txlib\txlogfil.c)
0040c074       TxAppendToLogFile_
0040c1a4       TxSetLogReOpen_
0040c1aa       TxCloseReopenLogFile_
0040c1f5       TxQueryLogFile_
0040c214       TxQueryLogName_
0040c225       TxBuildLogName_
Module: ..\..\..\txlib\_txall_\lib\txwint.lib(H:\c\txlib\txdisp.c)
0040c311*      TxDisplAscDump_
0040c35b       TxDisplHexDump_
0040c370       TxDisplayHex_
0040c52b*      TxDispLongHex_
0040c6ab       TxPrintable_
0040c6c2       TxPrintSafe_
0040c6ea       TxShowTxt_
Module: ..\..\..\txlib\_txall_\lib\txwint.lib(H:\c\txlib\txwdraw2.c)
0040c81e       txwSetSbviewStatus_
0040c935*      txwDefaultStatusShow_
0040c948       txwSetDesktopTopLine_
0040ca3b*      txwDrawCharString_
0040cb7c       txwDrawCharStrCol_
0040cbc5*      txwDrawCellString_
0040cc10       txwFillClientWindow_
0040cd3b*      txwScrollClientWindow_
0040ce74       txwSetCursorPos_
0040cfb6       txwSetCursorStyle_
Module: j:\ow\lib386\nt\clib3r.lib(strstr)
0040d120       strstr_
Module: ..\..\..\txlib\_txall_\lib\txwint.lib(H:\c\txlib\txwmsg.c)
0040d5b2       TxInputInitialize_
0040d665       TxInputDesktopInit_
0040d718       TxInputTerminate_
0040d71b       txwGetInputEvent_
0040daec       txwNotifyAsyncInput_
0040dc1a       txwGetMsg_
0040de68       txwDispatchMsg_
0040df31       txwSendMsg_
0040e119       txwPostMsg_
0040e358       txwDestroyMessages_
0040e588       txwQueueMsgPresent_
0040e618       txwSetAccelerator_
0040e7c5+      txwTranslateAccel_
Module: j:\ow\lib386\nt\clib3r.lib(strncat)
0040ea20       strncat_
Module: ..\..\..\txlib\_txall_\lib\txwint.lib(H:\c\txlib\txslexpr.c)
0040f813       txsResolveExpressions_
0040fdf4       txsEvaluateExpr_
004137dd       txsNextToken_
004139c9       txsVal2Bool_
00413b66       txsVal2Num_
00413cc9+      txsVal2Str_
00413e2a       txsVal2Zero_
00414184+      txsParseLlongNumber_
00414657       TxsExprError_
Module: j:\ow\lib386\nt\clib3r.lib(_istrcc_)
004146e4       strcasecmp_
Module: j:\ow\lib386\nt\clib3r.lib(time)
004146f0       time_
Module: j:\ow\lib386\nt\clib3r.lib(localtim)
00414730+      _localtime_
00414790       localtime_
Module: j:\ow\lib386\nt\clib3r.lib(strftime)
00414a0d       strftime_
Module: ..\..\..\txlib\_txall_\lib\txwint.lib(H:\c\txlib\txstdcmd.c)
00416663       TxStdCommand_
00417b1f+      TxSetPriority_
Module: ..\..\..\txlib\_txall_\lib\txwint.lib(H:\c\txlib\txwind.c)
004185f6       txwInitializeDesktop_
004189f0       txwTerminateDesktop_
00418b5c       txwIsWindow_
00418b6e       txwQueryWindow_
00418ce4       txwWindowData_
00418cf7       txwSetupWindowData_
0041904b       txwCreateWindow_
0041989e       txwDestroyWindow_
00419dc2       txwSetFocus_
0041a0eb       txwEnableWindow_
0041a24c       txwIsWindowEnabled_
0041a325       txwShowWindow_
0041a5d2+      txwIsWindowVisible_
0041a6cb       txwIsWindowShowing_
0041a7aa       txwIsRectShowing_
0041a945       txwFindNextFocus_
0041acee       txwFindPrevFocus_
0041b097       txwInvalidateAll_
0041b164       txwInvalidateWindow_
0041b384       txwInvalidateBorder_
0041b482       txwQueryWindowPos_
0041b62b       txwQueryWindowRect_
0041b7ef       txwQueryWindowUShort_
0041b870+      txwQueryWindowULong_
0041b994       txwQueryWindowPtr_
0041b999       txwSetWindowUShort_
0041ba23+      txwSetWindowULong_
0041bb4a       txwSetWindowPtr_
0041bb4f       txwSetWindowPos_
0041c33c       txwWindowFromID_
0045c8ec       _txVbuf
Module: j:\ow\lib386\nt\clib3r.lib(sprintf)
0041c470       sprintf_
Module: ..\..\..\txlib\_txall_\lib\txwint.lib(H:\c\txlib\txosver.c)
0041c553       TxOsVersion_
0041c7fe       txVersionString_
Module: ..\..\..\txlib\_txall_\lib\txwint.lib(H:\c\txlib\txextcmd.c)
0041c9f8       TxExternalCommand_
Module: j:\ow\lib386\nt\clib3r.lib(cstrtwnt)
0041cdda       _cstart_
0041cdda*      mainCRTStartup
Module: j:\ow\lib386\nt\clib3r.lib(fltused)
0045c970       _fltused_
Module: j:\ow\lib386\nt\emu387.lib(386)
0041ce40       __init_387_emulator
0041ce41*      __fini_387_emulator
Module: j:\ow\lib386\nt\clib3r.lib(_8087)
0045c974       __8087
0045c975       __real87
Module: j:\ow\lib386\nt\clib3r.lib(argcv)
004628fc       __argc
00462900       __argv
00462904       ___argc
00462908       ___argv
Module: ..\..\..\txlib\_txall_\lib\txwint.lib(H:\c\txlib\txwhelp.c)
0041fd59*      txwGetHelpText_
0041fe77       txwHelpDialog_
00420486       txwRegisterHelpText_
004206e9       txwTerminateHelpManager_
Module: ..\..\..\txlib\_txall_\lib\txwint.lib(H:\c\txlib\txwprint.c)
00420a58       txwInitPrintfSBHook_
00420c49       txwTermPrintfSBHook_
004213a8       txwPaintSbView_
004214ef       txwSavePrintfSB_
Module: ..\..\..\txlib\_txall_\lib\txwint.lib(H:\c\txlib\txwutil.c)
00422412       txwValidateHandle_
0042247f       txwValidateAndClip_
00422510       txwBeginEnumWindows_
00422600       txwEndEnumWindows_
00422720       txwGetNextWindow_
0042281c+      txwIsChild_
00422856       txwIsDescendant_
0042288e       txwIsMinimized_
00422985       txwResetAutoRadioGroup_
00422c0e       txwIsAccelCandidate_
00422e72       txwMsgDescription_
004233d6       txwKeyDescription_
00423ac1       txwClassDescription_
00423ce4       txwWusDescription_
00423d1e       txwWbsDescription_
00423e94       txwDumpWindows_
00423fab       txwTopWindowAtPos_
004240f7       txwSetCapture_
004241ca       txwQueryCapture_
00424285       txwInRectangle_
004242aa       txwIntersectRect_
00424313+      txwOverlappingRect_
00424360*      txwUniteRect_
004243ab       txwExclusionRectangles_
004246cd       txwNormalRect_
0042474a       txwMoveSizeRect_
00424787       txwCalculateStringClip_
004247f8       txwVisibleLineRegions_
004248cc       txwAdd2History_
004249ee       txwInitializeHistory_
00424b91       txwTerminateHistory_
00424d00       TxSelistHistory_
004251c2       txwGetHistory_
00425372+      txwPutHistory_
0042551a       txwDelCurrentHistory_
00425688       txwFindHistory_
00425825       txwRfndHistory_
004259c9+      txwSortHistory_
00425ade*      txwDlgUs2Field_
00425b19*      txwDlgUl2Field_
00425b51*      txwDlgField2Us_
00425b8e*      txwDlgField2Ul_
00425bcb*      txwSbColorStyle_
Module: j:\ow\lib386\nt\clib3r.lib(tolower)
00425cb0       tolower_
Module: ..\..\..\txlib\_txall_\lib\txwint.lib(H:\c\txlib\txwstdlg.c)
00428aa0       txwInitStandardDialogs_
00428be9       txwTermStandardDialogs_
00428cb4       txwMessageBox_
00429a7d       txwPromptBox_
0042a30d       txwListBox_
0042ada4       txwMenuBar_
0042b662       txwViewText_
0042b90e       txwOpenFileDialog_
0042bc16       txwSaveAsFileDialog_
0042bf1e*      txwSelDirFileDialog_
0042c122+      txwStdFileDialog_
0042d075+      txwDefFileDlgProc_
0045e628       _txwstd_footer
0045e664+      _txwfld_footer
Module: ..\..\..\txlib\_txall_\lib\txwint.lib(H:\c\txlib\txscript.c)
0042e83a*      TxsNativeRun_
00430acb+      txsSubstituteParams_
00430ccb       TxsValidateScript_
Module: ..\..\..\txlib\_txall_\lib\txwint.lib(H:\c\txlib\txwproc.c)
0043162d       txwDefWindowProc_
0043183a       txwDefDlgProc_
0043356c       txwMouseButtonDown_
00433eb0       txwDismissDlg_
00433fe3+      txwCreateDlg_
0043415b+      txwProcessDlg_
00434306       txwDlgBox_
Module: j:\ow\lib386\nt\clib3r.lib(xmsgwnt)
00434400+      __exit_with_msg_
00434440       __fatal_runtime_error_
Module: j:\ow\lib386\nt\clib3r.lib(mainwnt)
0045e78c*      ___TlsIndex
0045e790+      ___FirstThreadData
0045e794       ___GetThreadPtr
0045e798       __AccessFileH
0045e79c       __ReleaseFileH
0045e7a0       __AccessIOB
0045e7a4       __ReleaseIOB
0045e7a8       __AccessNHeap
0045e7ac*      __AccessFHeap
0045e7b0       __ReleaseNHeap
00434470       __threadid_
004344e0+      __sig_null_rtn_
004344f0+      __NTInit_
004346d0+      __NTFini_
00434730       __NTMainInit_
00434790       __exit_
0045e7b4*      __ReleaseFHeap
0045e7b8*      __AccessTDList
0045e7bc*      __ReleaseTDList
0045e7c0       __AccessFList
0045e7c4       __ReleaseFList
0045e7c8+      __ThreadExitRtn
0045e7cc       ___sig_init_rtn
0045e7d0       ___sig_fini_rtn
0045e7d4       ___process_fini
004629ac       ___Is_DLL
Module: j:\ow\lib386\nt\clib3r.lib(calloc)
004347e0       calloc_
Module: j:\ow\lib386\nt\clib3r.lib(nfree)
00434800       free_
00434810       _nfree_
00462fc8       ___MiniHeapFreeRover
Module: j:\ow\lib386\nt\clib3r.lib(iob)
0045e7d8       ___iob
0045e9e0       __fmode
00462fcc       ___OpenStreams
00462fd0       ___ClosedStreams
Module: j:\ow\lib386\nt\clib3r.lib(fprintf)
00434920       fprintf_
Module: j:\ow\lib386\nt\clib3r.lib(istable)
00434950       __IsTable
Module: j:\ow\lib386\nt\clib3r.lib(atoi)
00434a60       atoi_
Module: j:\ow\lib386\nt\clib3r.lib(getenv)
00434ab0       getenv_
Module: j:\ow\lib386\nt\clib3r.lib(strncmp)
00434b40       strncmp_
Module: j:\ow\lib386\nt\clib3r.lib(atol)
00434b70       atol_
Module: j:\ow\lib386\nt\clib3r.lib(clockwin)
00434bc0       clock_
Module: j:\ow\lib386\nt\clib3r.lib(vsprintf)
00434c00       vsprintf_
Module: ..\..\..\txlib\_txall_\lib\txwint.lib(H:\c\txlib\txutil.c)
00434c15*      TxAreaEmpty_
00434c32       TxAscii827_
00434c60       TxCopy_
Module: j:\ow\lib386\nt\clib3r.lib(fflush)
00434c90       fflush_
Module: j:\ow\lib386\nt\clib3r.lib(remove)
00434ca0       remove_
Module: j:\ow\lib386\nt\clib3r.lib(kbhitwnt)
00434cb0       kbhit_
Module: ..\..\..\txlib\_txall_\lib\txwint.lib(H:\c\txlib\txstrtxt.c)
00434e2c       txString2Text_
004352a3       txFreeText_
Module: j:\ow\lib386\nt\clib3r.lib(getchwnt)
00435520       getch_
Module: j:\ow\lib386\nt\clib3r.lib(strcspn)
00435590       strcspn_
Module: j:\ow\lib386\nt\clib3r.lib(sscanf)
00435620+      vsscanf_
00435650       sscanf_
Module: ..\..\..\txlib\_txall_\lib\txwint.lib(H:\c\txlib\txstrnum.c)
004356a4       txIsValidHex_
004356ed       txIsValidDec_
0043574a*      txHasMcsPrefix_
Module: j:\ow\lib386\nt\clib3r.lib(strncpy)
00435880       strncpy_
Module: j:\ow\lib386\nt\clib3r.lib(_istrncc)
004358b8       strncasecmp_
Module: ..\..\..\txlib\_txall_\lib\txwint.lib(H:\c\txlib\txcrite.c)
004358d3       TxFsSetCritErrHandler_
Module: j:\ow\lib386\nt\clib3r.lib(fclose)
00435980       __doclose_
00435a20       __shutdown_stream_
00435a40       fclose_
00462fe4+      ___RmTmpFileFn
Module: j:\ow\lib386\nt\clib3r.lib(_strcmp)
00435a90       strcmp_
Module: ..\..\..\txlib\_txall_\lib\txwint.lib(H:\c\txlib\txfnext.c)
00435bd0       TxFnameExtension_
00435c2a       TxStripExtension_
Module: j:\ow\lib386\nt\clib3r.lib(fopen)
00435c60+      __open_flags_
00435e90+      _fsopen_
00435ee0       fopen_
00435f70*      freopen_
Module: j:\ow\lib386\nt\clib3r.lib(memset)
00435fe0       memset_
Module: ..\..\..\txlib\_txall_\lib\txwint.lib(H:\c\txlib\txwdraw.c)
0045fa1c       _txwcs
0045fa20+      _txwcschemes
004365d3*      txwSetLinesCustom_
004366f7       txwColorScheme_
0043699f*      TxSelistColorSchemes_
00436ba6       txwSaveWindowContent_
00436e1f       txwRestoreWindowContent_
00437131       txwPaintBorder_
0043812a       txwPaintShadow_
004381eb       txwPaintWindow_
0043960a       txwPaintWinStatus_
Module: ..\..\..\txlib\_txall_\lib\txwint.lib(H:\c\txlib\txwehook.c)
00439bf9*      txwAttachEventHook_
00439d22*      txwDetachEventHook_
00439e4c*      txwQueryEventHook_
00439f0f       txwSignalEventHook_
Module: j:\ow\lib386\nt\clib3r.lib(strspn)
0043a010       strspn_
Module: ..\..\..\txlib\_txall_\lib\txwint.lib(H:\c\txlib\txslvars.c)
0043a23b*      txsInitVariablePool_
0043a2fb       txsAddVarPoolLevel_
0043a419*      txsTermVariablePool_
0043a4db       txsDelVarPoolLevel_
0043a91f       txsGetVariable_
0043adc1       txsSetVariable_
0043b587       txsDelVariable_
0043b83f       txsDumpVarPool_
Module: j:\ow\lib386\nt\clib3r.lib(i8s)
0043b9fc*      __U8RS
0043ba16       __I8RS
0043ba31       __I8LS
0043ba31*      __U8LS
Module: j:\ow\lib386\nt\clib3r.lib(i8m)
0043ba4c       __I8M
0043ba4c       __U8M
Module: j:\ow\lib386\nt\clib3r.lib(i8d)
0043ba68       __I8D
0043babd*      __U8D
Module: j:\ow\lib386\nt\clib3r.lib(gtcwdwnt)
0043bb50       getcwd_
Module: ..\..\..\txlib\_txall_\lib\txwint.lib(H:\c\txlib\txstring.c)
0043bbd2       TxRepl_
0043bbea*      TxRepStr_
0043bc76       TxStrip_
0043bcb7       TxPClip_
0043bcf1       TxStrToUpper_
0043bd0f       TxStrToLower_
Module: ..\..\..\txlib\_txall_\lib\txwint.lib(H:\c\txlib\txfexist.c)
0043bd84*      TxCreateEmptyFile_
0043bee3       TxFileExists_
Module: ..\..\..\txlib\_txall_\lib\txwint.lib(H:\c\txlib\txfsys.c)
0043c3ab       TxFsVolumes_
0043c62e       TxFsVolumeLabel_
0043c7ce*      TxFsDrivemap_
0043c8c7+      TxFsShow_
0043cb91       TxFsDriveSelist_
0043d23e       TxFsType_
0043d402*      TxFsEjectRemovable_
0043d515+      TxFsIsRemovable_
0043d7f9       TxFsSpace_
Module: ..\..\..\txlib\_txall_\lib\txwint.lib(H:\c\txlib\txmpath.c)
0043da2f       TxMakePath_
0043db4b*      TxMake8dot3_
Module: j:\ow\lib386\nt\clib3r.lib(_icstrdu)
0043dde8       strdup_
Module: ..\..\..\txlib\_txall_\lib\txwint.lib(H:\c\txlib\txcon3.c)
0043de20       TxPrompt_
Module: j:\ow\lib386\nt\clib3r.lib(_istrrev)
0043dfec       _strrev_
Module: ..\..\..\txlib\_txall_\lib\txwint.lib(H:\c\txlib\txfname.c)
0043dff1       TxGetBaseName_
0043e020       TxStripBaseName_
Module: j:\ow\lib386\nt\clib3r.lib(memmove)
0043e040       memmove_
Module: ..\..\..\txlib\_txall_\lib\txwint.lib(H:\c\txlib\txmemstr.c)
0043e0bd       TxMemStr_
Module: j:\ow\lib386\nt\clib3r.lib(toupper)
0043e190       toupper_
Module: j:\ow\lib386\nt\clib3r.lib(stricmp)
0043e1a0       stricmp_
Module: j:\ow\lib386\nt\clib3r.lib(gtctmwnt)
0043e1e0       __getctime_
Module: j:\ow\lib386\nt\clib3r.lib(mktime)
0043e250       mktime_
Module: j:\ow\lib386\nt\clib3r.lib(tzset)
0045facc       ___start_dst
0045faf0       ___end_dst
0045fc18       _tzname
0045fc20       _timezone
0045fc24       _daylight
0045fc28       ___dst_adjust
0043e2f0*      __DontCacheOSTZ_
0043e300*      __CacheOSTZ_
0043e560+      __parse_tz_
0043e890       tzset_
Module: j:\ow\lib386\nt\clib3r.lib(gmtime)
0043e920       __brktime_
0043ea20+      _gmtime_
0043ea40       gmtime_
Module: j:\ow\lib386\nt\clib3r.lib(timeutil)
0043eba0       __isindst_
Module: j:\ow\lib386\nt\clib3r.lib(itoa)
0043eee0+      utoa_
0043ef30       itoa_
Module: j:\ow\lib386\nt\clib3r.lib(leapyear)
0043ef60       __leapyear_
0045a034       ___diyr
0045a04e       ___dilyr
Module: ..\..\..\txlib\_txall_\lib\txwint.lib(H:\c\txlib\txtrace2.c)
0043efac       TxTraceSetStamp_
0043efb2*      TxTraceRetDouble_
Module: ..\..\..\txlib\_txall_\lib\txwint.lib(H:\c\txlib\txtree.c)
0043f453       TxFileDirSelist_
0043fa08       txWildcard2Filter_
0043fc78       txFreeFilter_
0043fdfd+      TxFindFirstFile_
00440016+      TxFindNextFile_
004401d6+      TxFindClose_
004402e7       txFileTreeOneFile_
0044049d       txFileTreeNoPath_
004405b0       TxFileTree_
Module: j:\ow\lib386\nt\clib3r.lib(system)
00441660       system_
Module: j:\ow\lib386\nt\clib3r.lib(sdrvewnt)
004416e0       _dos_setdrive_
Module: j:\ow\lib386\nt\clib3r.lib(chdirwnt)
00441710       chdir_
Module: j:\ow\lib386\nt\clib3r.lib(fgets)
00441730       fgets_
Module: j:\ow\lib386\nt\clib3r.lib(main2wnt)
004417a0       __NTMain
Module: j:\ow\lib386\nt\clib3r.lib(segdefns)
00401003       ___begtext
0045a000*      __nullarea
00460d50       __Start_XI
00460d8c       __End_XI
00460d8c       __Start_YI
00460db0       __End_YI
Module: j:\ow\lib386\nt\clib3r.lib(setefg)
00441800       __setEFGfmt_
Module: j:\ow\lib386\nt\clib3r.lib(chk8087)
00441840*      _fpreset_
00441860*      __init_8087_
004418a0       __chk8087_
Module: j:\ow\lib386\nt\clib3r.lib(crwdata)
0045fc74       __osmajor
0045fc75       __osminor
0045fc76       __osbuild
0045fc78       __osver
0045fc7c       __winmajor
0045fc80       __winminor
0045fc84       __winver
0045fc40       __LpDllName
0045fc44       __LpwCmdLine
0045fc48       __LpwPgmName
0045fc4c       __LpwDllName
0045fc38       __LpCmdLine
0045fc3c       __LpPgmName
0045fc30*      __dynend
0045fc34       __curbrk
0045fc50*      __STACKLOW
0045fc54       __STACKTOP
0045fc58       __ASTACKSIZ
0045fc5c       __ASTACKPTR
0045fc60       __cbyte
0045fc64*      __cbyte2
0045fc68*      __child
0045fc6e       __Envptr
0045fc72*      __Envseg
0045fc6c       __no87
0045fc88       ___FPE_handler
Module: j:\ow\lib386\nt\clib3r.lib(initargv)
004418c0       __Init_Argv_
00441910+      _getargv_
00441ab0       __Fini_Argv_
Module: j:\ow\lib386\nt\clib3r.lib(nrealloc)
00441ac0       realloc_
00441ad0+      _nrealloc_
Module: ..\..\..\txlib\_txall_\lib\txwint.lib(H:\c\txlib\txcon2.c)
00441bb3       TxPrintHook_
Module: ..\..\..\txlib\_txall_\lib\txwint.lib(H:\c\txlib\txselist.c)
0044217a       TxSelGetMaxLength_
00442348       TxSelScrollUp_
00442464       TxSelScrollDown_
0044258a       TxSelSetPosition_
004426cd       TxSelSetSelected_
004427ff*      TxSelItterateSelected_
00442972       TxSelCharSelect_
00442aca*      TxSelStringSelect_
00442c77*      TxSelGetCharSelect_
00442ed9*      TxSetMenuItemFlag_
00443092+      TxSetListItemFlag_
004431e9       TxSelCreate_
0044347b       txSelDestroy_
0044386f+      txSelItemDestroy_
00443a73*      TxSelDeleteCurrent_
00443b77*      TxSelistFromTxt_
00443d51*      TxSelistDuplicate_
00443fa7       TxSelEmptyList_
Module: j:\ow\lib386\nt\clib3r.lib(qsort)
00444180       qsort_
Module: ..\..\..\txlib\_txall_\lib\txwint.lib(H:\c\txlib\txwidget.c)
0044505a       txwInitGenericWidgets_
00445123       txwTermGenericWidgets_
004451ce       txwWidgetSize_
004452f0       txwCreateWidgets_
004455c8*      txwWidgetDialog_
Module: ..\..\..\txlib\_txall_\lib\txwint.lib(H:\c\txlib\txafail.c)
0044597e       TxFsAutoFailCriticalErrors_
0046020c+      _TxAutoFail
Module: ..\..\..\txlib\_txall_\lib\txwint.lib(H:\c\txlib\txwildc.c)
00445ac3       TxStrWcnt_
00445adf+      TxStrWcmp_
00445bd1       TxStrWicmp_
Module: ..\..\..\txlib\_txall_\lib\txwint.lib(H:\c\txlib\txtname.c)
00445c70       TxTrueNameDir_
Module: ..\..\..\txlib\_txall_\lib\txwint.lib(H:\c\txlib\txfpath.c)
0044611d+      TxFindByPath_
0044640b       TxFindAndOpenFile_
Module: j:\ow\lib386\nt\clib3r.lib(strrchr)
00446740       strrchr_
Module: ..\..\..\txlib\_txall_\lib\txwint.lib(H:\c\txlib\txwikey.c)
00446b77       txwIkeyTextview_
0044707f       txwIkeySbView_
0044743c       txwIkeyEntryfield_
00447f2f       txwIkeyButton_
0044830f       txwIkeyListBox_
Module: j:\ow\lib386\nt\clib3r.lib(hdlman)
00460210+      ___NHandles
00460214       ___OSHandles
00460218+      ___FakeHandles
00449660+      __growPOSIXHandles_
00449700       __allocPOSIXHandle_
004497c0       __freePOSIXHandle_
004497e0*      __getOSHandle_
00449800       __setOSHandle_
00449850+      __NTGetFakeHandle_
004498c0       __initPOSIXHandles_
004499a0*      __set_handles_
004499b0*      _grow_handles_
Module: j:\ow\lib386\nt\clib3r.lib(enterdb)
004499f0       __EnterWVIDEO_
00460224+      ___WD_Present
Module: j:\ow\lib386\nt\clib3r.lib(environ)
00462fec       ___env_mask
00462ff0       _environ
00462ff4       __wenviron
Module: j:\ow\lib386\nt\clib3r.lib(getmodfn)
00449a20       __lib_GetModuleFileNameW_
Module: j:\ow\lib386\nt\clib3r.lib(strdup)
00449ac0       __clib_strdup_
Module: j:\ow\lib386\nt\clib3r.lib(ustrdup)
00449b00       __clib_wcsdup_
Module: j:\ow\lib386\nt\clib3r.lib(excptwnt)
0044a190+      ___ReportException@4
0044a5e0       __DefaultExceptionHandler_
0044a620+      ___ExceptionFilter
0044a830       __NewExceptionFilter_
0044a860       __DoneExceptionFilter_
00460228       ___oscode_check_func
0046022c       ___raise_func
00462ff8*      _sw
00462ffc+      ___ReportInvoked
00462ffd+      ___ExceptionHandled
Module: j:\ow\lib386\nt\clib3r.lib(stklmwnt)
0044a8a0       __init_stack_limits_
Module: j:\ow\lib386\nt\clib3r.lib(initrtns)
0044a920       __InitRtns
0044a970       __FiniRtns
Module: j:\ow\lib386\nt\clib3r.lib(nmalloc)
0044a9d0       malloc_
0044a9e0       _nmalloc_
00460244       ___nheapbeg
00460248       ___MiniHeapRover
0046024c       ___LargestSizeB4MiniHeapRover
Module: j:\ow\lib386\nt\clib3r.lib(mem)
0044aae0       __MemAllocator
0044ab90       __MemFree
Module: j:\ow\lib386\nt\clib3r.lib(initfile)
0044ad00       __InitFiles_
Module: j:\ow\lib386\nt\clib3r.lib(ioexit)
0044ae00*      fcloseall_
0044ae10       __full_io_exit_
Module: j:\ow\lib386\nt\clib3r.lib(fprtf)
0044ae40       __fprtf_
Module: j:\ow\lib386\nt\clib3r.lib(mbterm)
0044af00       _mbterm_
Module: j:\ow\lib386\nt\clib3r.lib(mbsnextc)
0044af40       _mbsnextc_
Module: j:\ow\lib386\nt\clib3r.lib(mbcupper)
0044af80       _mbctoupper_
Module: j:\ow\lib386\nt\clib3r.lib(mbsinc)
0044afb0       _mbsinc_
Module: j:\ow\lib386\nt\clib3r.lib(prtf)
0044afe0       __prtf_
Module: j:\ow\lib386\nt\clib3r.lib(flush)
0044bcb0       __flush_
Module: j:\ow\lib386\nt\clib3r.lib(flushall)
0044bdb0       __flushall_
0044bdf0       flushall_
Module: j:\ow\lib386\nt\clib3r.lib(unlnkwnt)
0044be00       unlink_
Module: j:\ow\lib386\nt\clib3r.lib(conutwnt)
0044be30       __NTRealKey_
0044bee0       __NTConsoleInput_
0044bef0       __NTConsoleOutput_
Module: j:\ow\lib386\nt\clib3r.lib(bits)
0044bf00       __Bits
0044bf10       __setbits_
Module: j:\ow\lib386\nt\clib3r.lib(scnf)
0044cac0       __scnf_
Module: j:\ow\lib386\nt\clib3r.lib(strnicmp)
0044cd30       strnicmp_
Module: j:\ow\lib386\nt\clib3r.lib(lseekwnt)
0044cd80       __lseek_
Module: j:\ow\lib386\nt\clib3r.lib(_clsewnt)
0044cdc0       __close_
Module: j:\ow\lib386\nt\clib3r.lib(freefp)
0044ce20       __freefp_
0044ce70       __purgefp_
Module: j:\ow\lib386\nt\clib3r.lib(comtflag)
0044cea0*      __set_commode_
00460258       __commode
Module: j:\ow\lib386\nt\clib3r.lib(seterrno)
0044ceab       __set_errno_
0044ceb9*      __set_EDOM_
0044cec7       __set_ERANGE_
0044ced5*      __set_EINVAL_
0044cee8       __set_doserrno_
Module: j:\ow\lib386\nt\clib3r.lib(openwnt)
0044d0f0*      open_
0044d110       sopen_
Module: j:\ow\lib386\nt\clib3r.lib(fseek)
0044d190       fseek_
Module: j:\ow\lib386\nt\clib3r.lib(chktty)
0044d2b0       __chktty_
Module: j:\ow\lib386\nt\clib3r.lib(allocfp)
0044d2f0       __allocfp_
Module: j:\ow\lib386\nt\clib3r.lib(__stos)
0044d3c0       __STOSB
0044d3f7*      __STOSD
Module: ..\..\..\txlib\_txall_\lib\txwint.lib(H:\c\txlib\txwhexed.c)
0044f714+      txwInitHexeditDialogs_
0044f7dd*      txwHexEditor_
0044fe81       txwPaintHexEdit_
00451347+      txwHexEditWinProc_
Module: j:\ow\lib386\nt\clib3r.lib(dosret)
00452600*      _dosretax_
00452610*      _dosret0_
00452620       __set_errno_dos_
00452650       __set_errno_nt_
Module: j:\ow\lib386\nt\clib3r.lib(strrev)
00452660       strrev_
Module: j:\ow\lib386\nt\clib3r.lib(locmktim)
004526a0       __local_mktime_
Module: j:\ow\lib386\nt\clib3r.lib(wcstombs)
00452800       wcstombs_
Module: j:\ow\lib386\nt\clib3r.lib(alphabet)
0045a068       ___Alphabet
Module: ..\..\..\txlib\_txall_\lib\txwint.lib(H:\c\txlib\txfsattr.c)
0045295d       txFileAttr2String_
004529a3       txWinFileTime2t_
00452b68*      txCt2WinFileTime_
00452cf2*      txOS2FileTime2t_
00452f42*      txCt2OS2FileTime_
Module: ..\..\..\txlib\_txall_\lib\txwint.lib(H:\c\txlib\txstrsiz.c)
00453174*      txPrtSize64_
004531b4       txStrSize64_
004532b2*      txStrSec2hms_
Module: j:\ow\lib386\nt\clib3r.lib(fileinfo)
00460720       __fileinfo
Module: j:\ow\lib386\nt\clib3r.lib(_slashc)
004533b0       __Slash_C_
Module: j:\ow\lib386\nt\clib3r.lib(splp)
004533c0       spawnlp_
Module: j:\ow\lib386\nt\clib3r.lib(fgetc)
004533e0+      __fill_buffer_
004534b0+      __filbuf_
004534e0       fgetc_
Module: j:\ow\lib386\nt\clib3r.lib(mthrdini)
004535a0       __InitThreadData_
00460724       ___ThreadDataSize
Module: j:\ow\lib386\nt\clib3r.lib(cmain386)
004535d0       __CMain
Module: j:\ow\lib386\nt\clib3r.lib(dosseg)
00001234       __DOSseg__
Module: j:\ow\lib386\nt\clib3r.lib(noefgfmt)
00460728       ___EFG_printf
0046072c       ___EFG_scanf
Module: j:\ow/lib386\math387r.lib(efgfmt)
00453652       _EFG_Format_
Module: j:\ow/lib386\math387r.lib(cnvs2d)
004537af       __cnvs2d_
Module: j:\ow\lib386\nt\clib3r.lib(8087cw)
00460730       __8087cw
Module: j:\ow\lib386\nt\clib3r.lib(save8087)
00460734       ___Save8087
00460738       ___Rest8087
Module: j:\ow\lib386\nt\clib3r.lib(init8087)
004537c4       __x87id
Module: j:\ow\lib386\nt\clib3r.lib(histsplt)
00463000       ___historical_splitparms
Module: j:\ow\lib386\nt\clib3r.lib(___argc)
00463004       ____Argc
00463008       ____Argv
Module: j:\ow\lib386\nt\clib3r.lib(nmsize)
00453800*      _msize_
00453810       _nmsize_
Module: j:\ow\lib386\nt\clib3r.lib(nexpand)
00453820*      _expand_
00453830+      __HeapManager_expand_
004539e0       _nexpand_
Module: j:\ow\lib386\nt\clib3r.lib(iomode)
00453a30       __GetIOMode_
00453a50       __SetIOMode_nogrow_
0046073c       ___NFiles
00460740       ___init_mode
00460790       ___io_mode
Module: j:\ow\lib386\nt\clib3r.lib(stiomode)
00453a70       __grow_iomode_
00453b40+      __shrink_iomode_
00453b80       __SetIOMode_
Module: j:\ow\lib386\nt\clib3r.lib(setenvp)
00453bf0       __setenvp_
00453cb0       __freeenvp_
Module: j:\ow\lib386\nt\clib3r.lib(ustrlen)
00453cfd       wcslen_
Module: j:\ow\lib386\nt\clib3r.lib(memcpy)
00453d10       memcpy_
Module: j:\ow\lib386\nt\clib3r.lib(fclex387)
00453d30       _ClearFPE_
Module: j:\ow\lib386\nt\clib3r.lib(signlwnt)
00460794+      __SignalTable
00453d40+      __SetSignalFunc_
00453d90+      __GetSignalFunc_
00453dc0+      __GetSignalOSCode_
00453df0+      __CheckSignalExCode_
00453f30+      __sigabort_
00453f40       __sigfpe_handler_
00453f90*      signal_
00454020+      raise_
00454090+      __SigInit_
004540e0+      __SigFini_
00454120+      __sig_init_
Module: j:\ow\lib386\nt\clib3r.lib(nmemneed)
00454140       __nmemneed_
Module: j:\ow\lib386\nt\clib3r.lib(grownear)
004542b0       __ExpandDGROUP_
Module: j:\ow\lib386\nt\clib3r.lib(fputc)
004542d0       fputc_
Module: j:\ow\lib386\nt\clib3r.lib(ioalloc)
004543b0       __ioalloc_
Module: j:\ow\lib386\nt\clib3r.lib(mbisdbcs)
00463014       ___IsDBCS
Module: j:\ow\lib386\nt\clib3r.lib(mbislead)
00454450*      _ismbblead_
00463018       ___MBCSIsTable
Module: j:\ow\lib386\nt\clib3r.lib(mbconv)
00454470       _mbvtop_
Module: j:\ow\lib386\nt\clib3r.lib(wctomb)
00454490       wctomb_
Module: j:\ow\lib386\nt\clib3r.lib(strupr)
004544d0       strupr_
Module: j:\ow\lib386\nt\clib3r.lib(lltoa)
004544f0       ulltoa_
00454560*      lltoa_
Module: j:\ow\lib386\nt\clib3r.lib(ltoa)
00454590       ultoa_
004545e0*      ltoa_
Module: j:\ow\lib386\nt\clib3r.lib(fsync)
00454610       fsync_
Module: j:\ow\lib386\nt\clib3r.lib(qwrit)
00454660       __qwrite_
Module: j:\ow\lib386\nt\clib3r.lib(mbtowc)
00454750       mbtowc_
Module: j:\ow\lib386\nt\clib3r.lib(fdfs386)
004547e0       __FDFS
Module: j:\ow\lib386\nt\clib3r.lib(ntfio)
00454830*      __GetNTCreateAttr_
00454870       __GetNTAccessAttr_
004548a0       __GetNTShareAttr_
Module: j:\ow\lib386\nt\clib3r.lib(umaskval)
00460800       ___umaskval
Module: j:\ow\lib386\nt\clib3r.lib(isattwnt)
00454900       isatty_
Module: j:\ow\lib386\nt\clib3r.lib(lseek)
00454930       lseek_
Module: j:\ow\lib386\nt\clib3r.lib(tellwnt)
00454980       tell_
Module: j:\ow\lib386\nt\clib3r.lib(nheapchk)
00454af0       _heapchk_
00454b00+      _nheapchk_
0046311c+      ___nheapchk_current
Module: ..\..\..\txlib\_txall_\lib\txwint.lib(H:\c\txlib\txcrc32.c)
00454b89       TxCrc32_
00454bc0*      TxHpfsCheckSum_
Module: j:\ow/lib386\math387r.lib(fchop)
00454be8       __CHP
Module: j:\ow\lib386\nt\clib3r.lib(spvp)
00454c00       spawnvp_
Module: j:\ow\lib386\nt\clib3r.lib(gtchewnt)
00454c10       getche_
Module: j:\ow\lib386\nt\clib3r.lib(qread)
00454c40       __qread_
Module: j:\ow\lib386\nt\clib3r.lib(cinit)
00454cb0       __CommonInit_
Module: j:\ow\lib386\nt\clib3r.lib(exit)
00454cb1+      __null_int23_exit_
00454cb3       exit_
00454d03*      _exit_
00460c04       ___int23_exit
00460c08+      ___FPE_handler_exit
Module: j:\ow/lib386\math387r.lib(ldcvt)
00454df8       _LDScale10x_
004553e9       __LDcvt_
Module: j:\ow/lib386\math387r.lib(strtod)
00455d81+      __Strtold_
00455eeb       strtod_
Module: j:\ow\lib386\nt\clib3r.lib(iomodtty)
00456030       __ChkTTYIOMode_
00456080*      __IOMode_
Module: j:\ow\lib386\nt\clib3r.lib(dofilstr)
004560c0       __ParsePosixHandleStr_
Module: j:\ow\lib386\nt\clib3r.lib(clearenv)
004561e0       clearenv_
Module: j:\ow\lib386\nt\clib3r.lib(abort)
00456289*      abort_
004562a4       __terminate_
00460cb4       ___abort
Module: j:\ow\lib386\nt\clib3r.lib(amblksiz)
00460cb8       __amblksiz
Module: j:\ow\lib386\nt\clib3r.lib(heapen)
004562c0*      _heapenable_
00460cbc       ___heap_enabled
Module: j:\ow\lib386\nt\clib3r.lib(nheapmin)
004562f0*      _heapshrink_
00456300*      _heapmin_
00456310*      _nheapmin_
004563d0       _nheapshrink_
Module: j:\ow\lib386\nt\clib3r.lib(mbinit)
00456442       __mbinit_
00460cc0       ___MBCodePage
Module: j:\ow\lib386\nt\clib3r.lib(mbclen)
00456530       _mbclen_
Module: j:\ow\lib386\nt\clib3r.lib(nheapwal)
00456560*      _heapwalk_
00456570       __NHeapWalk_
00456620+      _nheapwalk_
Module: j:\ow\lib386\nt\clib3r.lib(spvpe)
00456649       spawnvpe_
Module: j:\ow\lib386\nt\clib3r.lib(putchwnt)
004567a0       putch_
Module: j:\ow/lib386\math387r.lib(ldclass)
004567ec       __LDClass_
0045683c*      _FLClass_
Module: j:\ow\lib386\nt\clib3r.lib(bufld386)
0045684c       __ZBuf2LD
Module: j:\ow/lib386\math387r.lib(inf_nan)
004568ef*      ___f_infinity
004568f3*      ___f_posqnan
004568f7       ___d_infinity
004568ff       ___d_posqnan
00456907*      ___ld_infinity
0045690f*      ___ld_posqnan
Module: j:\ow\lib386\nt\clib3r.lib(hugeval)
00456920       __HugeValue
Module: j:\ow\lib386\nt\clib3r.lib(strtol)
00456b50*      strtoul_
00456b60       strtol_
Module: j:\ow\lib386\nt\clib3r.lib(putenv)
00456b70       putenv_
00456e00       __putenv_
Module: j:\ow\lib386\nt\clib3r.lib(spve)
00456fa4       spawnve_
Module: j:\ow\lib386\nt\clib3r.lib(strlen)
00457360       strlen_
Module: j:\ow\lib386\nt\clib3r.lib(strchr)
00457380       strchr_
Module: j:\ow\lib386\nt\clib3r.lib(mbschr)
004573a0       _mbschr_
Module: j:\ow\lib386\nt\clib3r.lib(mbslen)
00457400       _mbslen_
Module: j:\ow\lib386\nt\clib3r.lib(mbstowcs)
00457430       mbstowcs_
Module: j:\ow\lib386\nt\clib3r.lib(uputenv)
004574b0*      _wputenv_
004576e0       __wputenv_
Module: j:\ow\lib386\nt\clib3r.lib(accsswnt)
004577e0       access_
Module: j:\ow\lib386\nt\clib3r.lib(mkfilstr)
00457840       __FormPosixHandleStr_
Module: j:\ow\lib386\nt\clib3r.lib(exvewnt)
00457a4f       execve_
Module: j:\ow\lib386\nt\clib3r.lib(cenvarg)
00457a94       __cenvarg_
00457ba8       __ccmdline_
Module: j:\ow\lib386\nt\clib3r.lib(stackwnt)
00457c00       stackavail_
Module: j:\ow\lib386\nt\clib3r.lib(split2)
00457c60       _splitpath2_
Module: j:\ow\lib386\nt\clib3r.lib(makepath)
00457dd0       _makepath_
Module: j:\ow\lib386\nt\clib3r.lib(dospnwnt)
00457f80       _dospawn_
Module: j:\ow\lib386\nt\clib3r.lib(strcpy)
004580d0       strcpy_
Module: j:\ow\lib386\nt\clib3r.lib(spl)
00458100       spawnl_
Module: j:\ow\lib386\nt\clib3r.lib(mbccmp)
00458120       _mbccmp_
Module: j:\ow\lib386\nt\clib3r.lib(ustrchr)
0045815b       wcschr_
Module: j:\ow\lib386\nt\clib3r.lib(setenvar)
00458180       __lib_SetEnvironmentVariableW_
Module: j:\ow\lib386\nt\clib3r.lib(crtwenv)
00458270       __create_wide_environment_
Module: j:\ow\lib386\nt\clib3r.lib(utoupper)
004582d8       towupper_
Module: j:\ow\lib386\nt\clib3r.lib(oshdl)
004582f0*      _get_osfhandle_
00458320       _os_handle_
Module: j:\ow\lib386\nt\clib3r.lib(mbsnccnt)
00458330       _mbsnccnt_
Module: j:\ow\lib386\nt\clib3r.lib(mbsncpy)
00458360       _mbsncpy_
Module: j:\ow\lib386\nt\clib3r.lib(mbsnbcnt)
00458380       _mbsnbcnt_
Module: j:\ow\lib386\nt\clib3r.lib(mbsdec)
004583f0       _mbsdec_
Module: j:\ow\lib386\nt\clib3r.lib(mbsnbcpy)
00458470       _mbsnbcpy_


                        +----------------------+
                        |   Imported Symbols   |
                        +----------------------+

Symbol                              Module
======                              ======

_Sleep@4                            KERNEL32.DLL
_SetConsoleCursorInfo@8             KERNEL32.DLL
_WriteConsoleOutputCharacterA@20    KERNEL32.DLL
_WriteConsoleOutputA@20             KERNEL32.DLL
_ReadConsoleOutputA@20              KERNEL32.DLL
_FillConsoleOutputAttribute@20      KERNEL32.DLL
_FillConsoleOutputCharacterA@20     KERNEL32.DLL
_ScrollConsoleScreenBufferA@20      KERNEL32.DLL
_GetStdHandle@4                     KERNEL32.DLL
_GetConsoleScreenBufferInfo@8       KERNEL32.DLL
_SetConsoleTextAttribute@8          KERNEL32.DLL
_SetConsoleCursorPosition@8         KERNEL32.DLL
_WriteConsoleA@20                   KERNEL32.DLL
_GetConsoleMode@8                   KERNEL32.DLL
_SetConsoleMode@8                   KERNEL32.DLL
_ReadConsoleInputA@16               KERNEL32.DLL
_WriteConsoleInputA@16              KERNEL32.DLL
_GetLastError@0                     KERNEL32.DLL
_GetCurrentThread@0                 KERNEL32.DLL
_SetThreadPriority@8                KERNEL32.DLL
_GetVersionExA@4                    KERNEL32.DLL
_WriteFile@20                       KERNEL32.DLL
_GetEnvironmentStrings@0            KERNEL32.DLL
_GetVersion@0                       KERNEL32.DLL
_GetModuleFileNameA@12              KERNEL32.DLL
_GetCommandLineA@0                  KERNEL32.DLL
_GetCommandLineW@0                  KERNEL32.DLL
_FreeEnvironmentStringsA@4          KERNEL32.DLL
_GetModuleHandleA@4                 KERNEL32.DLL
_ExitProcess@4                      KERNEL32.DLL
_GetTickCount@0                     KERNEL32.DLL
_PeekConsoleInputA@16               KERNEL32.DLL
_GetCurrentDirectoryA@8             KERNEL32.DLL
_CreateFileA@28                     KERNEL32.DLL
_CloseHandle@4                      KERNEL32.DLL
_GetLogicalDrives@0                 KERNEL32.DLL
_GetVolumeInformationA@32           KERNEL32.DLL
_GetDriveTypeA@4                    KERNEL32.DLL
_DeviceIoControl@32                 KERNEL32.DLL
_GetDiskFreeSpaceA@20               KERNEL32.DLL
_GetFileAttributesA@4               KERNEL32.DLL
_CreateDirectoryA@8                 KERNEL32.DLL
_GetLocalTime@4                     KERNEL32.DLL
_GetTimeZoneInformation@4           KERNEL32.DLL
_FindFirstFileA@8                   KERNEL32.DLL
_FindNextFileA@8                    KERNEL32.DLL
_FindClose@4                        KERNEL32.DLL
_SetCurrentDirectoryA@4             KERNEL32.DLL
_SetErrorMode@4                     KERNEL32.DLL
_GetFullPathNameA@16                KERNEL32.DLL
_SetStdHandle@8                     KERNEL32.DLL
_CreateEventA@16                    KERNEL32.DLL
_GetModuleFileNameW@12              KERNEL32.DLL
_MultiByteToWideChar@24             KERNEL32.DLL
_LoadLibraryA@4                     KERNEL32.DLL
_GetProcAddress@8                   KERNEL32.DLL
_SetUnhandledExceptionFilter@4      KERNEL32.DLL
_UnhandledExceptionFilter@4         KERNEL32.DLL
_VirtualQuery@12                    KERNEL32.DLL
_CharUpperA@4                       USER32.DLL
_DeleteFileA@4                      KERNEL32.DLL
_SetFilePointer@16                  KERNEL32.DLL
_GetCurrentThreadId@0               KERNEL32.DLL
_SetConsoleCtrlHandler@8            KERNEL32.DLL
_VirtualAlloc@16                    KERNEL32.DLL
_WideCharToMultiByte@32             KERNEL32.DLL
_FlushFileBuffers@4                 KERNEL32.DLL
_GetFileType@4                      KERNEL32.DLL
_ReadFile@20                        KERNEL32.DLL
_VirtualFree@12                     KERNEL32.DLL
_GetACP@0                           KERNEL32.DLL
_GetOEMCP@0                         KERNEL32.DLL
_GetCPInfo@8                        KERNEL32.DLL
_SetEnvironmentVariableA@8          KERNEL32.DLL
_CreateProcessA@40                  KERNEL32.DLL
_GetExitCodeProcess@8               KERNEL32.DLL
_WaitForSingleObject@8              KERNEL32.DLL
_SetEnvironmentVariableW@8          KERNEL32.DLL


                        +--------------------+
                        |   Libraries Used   |
                        +--------------------+

j:\ow\lib386\nt\kernel32.lib
j:\ow\lib386\nt\user32.lib
..\..\..\txlib\_txall_\lib\txwint.lib
j:\ow\lib386\nt\clib3r.lib
j:\ow/lib386\math387r.lib
j:\ow\lib386\nt\emu387.lib


                        +-----------------------+
                        |   Linker Statistics   |
                        +-----------------------+

Stack size:  00020000 (131072.)
Memory size:  00081092 (528530.)
Entry point address: 0041cdda
Link time: 00:00.77
