Open Watcom Linker Version 1.9
Portions Copyright (c) 1985-2002 Sybase, Inc. All Rights Reserved.
Created on:       14/06/13 15:47:14
Executable Image: ..\sam5os2d.exe
creating an OS/2 32-bit executable


                        +------------+
                        |   Groups   |
                        +------------+

Group                           Address              Size
=====                           =======              ====

DGROUP                          0003:00000000        000295f0



                        +--------------+
                        |   Segments   |
                        +--------------+

Segment                Class          Group          Address         Size
=======                =====          =====          =======         ====

_TEXT16                CODE           AUTO           0001:00000000   00000068
BEGTEXT                CODE           AUTO           0002:00000000   00000007
_TEXT                  CODE           AUTO           0002:00000010   0005a210
_NULL                  BEGDATA        DGROUP         0003:00000000   00000004
_AFTERNULL             BEGDATA        DGROUP         0003:00000004   00000000
CONST                  DATA           DGROUP         0003:00000004   000000b4
CONST2                 DATA           DGROUP         0003:000000b8   00000000
_DATA                  DATA           DGROUP         0003:000000b8   000071f0
XIB                    DATA           DGROUP         0003:000072a8   00000000
XI                     DATA           DGROUP         0003:000072a8   00000048
XIE                    DATA           DGROUP         0003:000072f0   00000000
YIB                    DATA           DGROUP         0003:000072f0   00000000
YI                     DATA           DGROUP         0003:000072f0   00000024
YIE                    DATA           DGROUP         0003:00007314   00000000
TIB                    DATA           DGROUP         0003:00007314   00000000
TI                     DATA           DGROUP         0003:00007314   00000000
TIE                    DATA           DGROUP         0003:00007314   00000000
DATA                   DATA           DGROUP         0003:00007314   00000000
_BSS                   BSS            DGROUP         0003:00007314   000022dc
stack                  STACK          DGROUP         0003:000095f0   00020000


                        +----------------+
                        |   Memory Map   |
                        +----------------+

* = unreferenced symbol
+ = symbol only referenced locally

Address        Symbol
=======        ======

Module: sam5.obj(H:\c\sam5\sam5.c)
0002:000003cd  main_
0003:000000b8+ _usagetext
Module: j:\ow19/lib386/os2\clib3r.lib(stk)
0002:00000bf9  __STK
0002:00000be9  __CHK
0002:00000c28  __GRO
0002:00000c18* __STKOVERFLOW_
Module: ..\..\..\txlib\_txall_\lib\txos2d.lib(H:\c\txlib\txtrace.c)
0003:00000100  _TxTrLevel
0003:00000104  _TxTrSlowDown
0003:00000108  _TxTrLogOnly
0003:0000010c+ _TxTrTstamp
0003:00000110+ _TxTrIndent
0002:00000d24  TxTraceInitMain_
0002:00000f01  TxTraceEnter_
0002:00000f67  TxTraceReturn_
0002:0000100b  TxTraceRetBool_
0002:000010bf  TxTraceRetVoid_
0002:0000113b  TxTraceLeader_
Module: ..\..\..\txlib\_txall_\lib\txos2d.lib(H:\c\txlib\txcon.c)
0003:0000018f  _txh_clean
0003:00000193  _txh_raw
0002:000012e9  TxSetAscii7Mode_
0002:0000137c* TxGetAscii7Mode_
0002:000013a8  TxSetAnsiMode_
0002:000013fb  TxGetAnsiMode_
0002:00001427  TxScreenState_
0002:00001464  TxLogfileState_
0002:000014a1* TxSetLogMaxSize_
0002:000014cd* TxSetLogRetain_
0002:000014f9  TxPrint_
0002:00001825  TxStripAnsiCodes_
0002:000018d8  TxClaimKeyboard_
0002:000019d1  TxCancelAbort_
0002:00001ab4  TxSetPendingAbort_
0002:00001b97  TxAbort_
0002:00001ce7  TxConfirm_
0002:00001d35* TxwConfirm_
0002:00001f85  TxMessage_
0002:00001fd6* TxwMessage_
0003:000001b8  _ansi
Module: ..\..\..\txlib\_txall_\lib\txos2d.lib(H:\c\txlib\txparse.c)
0003:00001358  _txacur
0003:0000135c+ _txa1st
0002:000025d9* TxaOptionLongName_
0002:00002770  TxaParseArgcArgv_
0002:000028e8  TxaParseNumber_
0002:00002d01  txaReadAndStoreItem_
0002:000036e7  TxaNewParseElement_
0002:0000377c  TxaDropParsedCommand_
0002:00003b47  TxaGetOption_
0002:00003ca9  TxaOptionYes_
0002:00003da1  TxaOptionStr_
0002:00003e54  TxaOptionNum_
0002:00003f14* TxaOptionBkmg_
0002:0000410f  TxaGetArgv_
0002:000041d7  TxaGetArgc_
0002:00004228* TxaGetOptc_
0002:00004331  txaHandle2Element_
0002:000043ce+ txaCopyItem_
Module: ..\..\..\txlib\_txall_\lib\txos2d.lib(H:\c\txlib\txparse2.c)
0002:00004929+ TxaParseCommandString_
0002:00004be3* TxaSetItem_
0002:00004d9f* TxaReParseCommand_
0002:00004efe* TxaOptionAsString_
0002:00005089* TxaOutputVerbosity_
0002:00005228* TxaErrorStrategy_
0002:00005377* TxSetNumberRadix_
0002:00005401* TxGetNumberRadix_
0002:00005430* TxaParseBool_
0002:0000557e* TxaGetArgString_
0002:00005a75* TxaGetComment_
0002:00005ba6* TxaMutualX_
0002:00005ea7  TxaShowParsedCommand_
0002:0000611d+ txaParseNextItem_
Module: ..\..\..\txlib\_txall_\lib\txos2d.lib(H:\c\txlib\txwiop.c)
0002:000063b3  TxScreenInitialize_
0002:000063e4  TxScreenTerminate_
0002:00006415  TxScreenCols_
0002:0000647e  TxCursorCol_
0002:000064e1  TxScreenRows_
0002:0000654a  TxCursorRow_
0002:000065ad  TxSetCursorPos_
0002:000065fc  TxSetCursorStyle_
0002:000066ab  TxSetBrightBgMode_
0002:0000671f  txwScrDrawCharString_
0002:000067f5  txwScrDrawCharStrCol_
0002:000068d7  txwScrDrawCellString_
0002:00006a6e  txwScrReadCellString_
0002:00006af1  txwScrShadowRectangle_
0002:00006c76  txwScrFillRectangle_
0002:00006d7a  txwScrScrollRectangle_
0002:00006e5a  txwScrVisibleLines_
Module: ..\..\..\txlib\_txall_\lib\txos2d.lib(H:\c\txlib\txlib.c)
0002:00006eb7  TxLibraryInit_
0002:00007055  TxLibraryExit_
0002:0000709b+ TxPrintTerminate_
0002:000070bc+ TxPrintInit_
0003:00001860+ _txwanchor
0003:00001a0c  _txwa
Module: ..\..\..\txlib\_txall_\lib\txos2d.lib(H:\c\txlib\txlogfil.c)
0002:00007222  TxAppendToLogFile_
0002:000073bc  TxSetLogReOpen_
0002:000073e8  TxCloseReopenLogFile_
0002:00007460  TxQueryLogFile_
0002:000074b2  TxQueryLogName_
0002:000074f3  TxBuildLogName_
0002:00007590+ TxAutoNumberedFname_
Module: ..\..\..\txlib\_txall_\lib\txos2d.lib(H:\c\txlib\txdisp.c)
0002:000076e3* TxDisplAscDump_
0002:00007781  TxDisplHexDump_
0002:000077b8+ TxDisplayHex_
0002:000079b5* TxDispLongHex_
0002:00007baa  TxPrintable_
0002:00007bea* TxPrintSafe_
0002:00007c63  TxShowTxt_
Module: j:\ow19/lib386/os2\clib3r.lib(fopen.c)
0002:00007ce0+ __open_flags_
0002:00007ef0+ _fsopen_
0002:00007f40  fopen_
0002:00007fd0* freopen_
Module: ..\..\..\txlib\_txall_\lib\txos2d.lib(H:\c\txlib\txwind.c)
0002:000089a8  txwInitializeDesktop_
0002:00008ecf  txwTerminateDesktop_
0002:00009086  txwIsWindow_
0002:000090d1  txwQueryWindow_
0002:000092c4  txwWindowData_
0002:000092fc  txwSetupWindowData_
0002:0000970d  txwCreateWindow_
0002:0000a0b6  txwDestroyWindow_
0002:0000a6d2  txwSetFocus_
0002:0000aa5f* txwEnableWindow_
0002:0000ac16  txwIsWindowEnabled_
0002:0000ad38  txwShowWindow_
0002:0000b05a+ txwIsWindowVisible_
0002:0000b1a0  txwIsWindowShowing_
0002:0000b2bb  txwIsRectShowing_
0002:0000b506  txwFindNextFocus_
0002:0000b96b  txwFindPrevFocus_
0002:0000bdd0  txwInvalidateAll_
0002:0000bed4  txwInvalidateWindow_
0002:0000c15d  txwInvalidateBorder_
0002:0000c296  txwQueryWindowPos_
0002:0000c4ad  txwQueryWindowRect_
0002:0000c702  txwQueryWindowUShort_
0002:0000c7ce+ txwQueryWindowULong_
0002:0000c945  txwQueryWindowPtr_
0002:0000c97b  txwSetWindowUShort_
0002:0000ca4f+ txwSetWindowULong_
0002:0000cbca  txwSetWindowPtr_
0002:0000cc04  txwSetWindowPos_
0002:0000d559  txwWindowFromID_
0003:00001b60  _txVbuf
Module: ..\..\..\txlib\_txall_\lib\txos2d.lib(H:\c\txlib\txwproc.c)
0002:0000ddf0  txwDefWindowProc_
0002:0000e08c  txwDefDlgProc_
0002:000109fc  txwMouseButtonDown_
0002:0001158e  txwDismissDlg_
0002:00011714+ txwCreateDlg_
0002:00011903+ txwProcessDlg_
0002:00011afe  txwDlgBox_
Module: ..\..\..\txlib\_txall_\lib\txos2d.lib(H:\c\txlib\txwmsg.c)
0003:00001bfe+ _txw_hkeyboard
0002:00011f8f  kbhit_
0002:00012496  TxInputInitialize_
0002:00012846  TxInputDesktopInit_
0002:000129d1  TxInputTerminate_
0002:00012a81  txwGetInputEvent_
0002:00012aed  txwNotifyAsyncInput_
0002:00012bd5  txwGetMsg_
0002:00012ed3  txwDispatchMsg_
0002:00012fe1  txwSendMsg_
0002:00013236  txwPostMsg_
0002:000134ff  txwDestroyMessages_
0002:000137ca  txwQueueMsgPresent_
0002:000138db  txwSetAccelerator_
0002:00013af3+ txwTranslateAccel_
Module: j:\ow19/lib386/os2\clib3r.lib(fclose.c)
0002:00013df0  __doclose_
0002:00013e90  __shutdown_stream_
0002:00013eb0  fclose_
0003:00008f68+ ___RmTmpFileFn
Module: ..\..\..\txlib\_txall_\lib\txos2d.lib(H:\c\txlib\txwdraw2.c)
0002:00013fee  txwSetSbviewStatus_
0002:0001415a* txwDefaultStatusShow_
0002:00014195  txwSetDesktopTopLine_
0002:000142c8* txwDrawCharString_
0002:00014442  txwDrawCharStrCol_
0002:000144ab* txwDrawCellString_
0002:00014516  txwFillClientWindow_
0002:0001467b* txwScrollClientWindow_
0002:000147e8  txwSetCursorPos_
0002:00014977  txwSetCursorStyle_
Module: j:\ow19/lib386/os2\clib3r.lib(calloc.c)
0002:00014b20  calloc_
Module: j:\ow19/lib386/os2\clib3r.lib(fseek.c)
0002:00014b90  fseek_
Module: j:\ow19/lib386/os2\clib3r.lib(fgets.c)
0002:00014ca0  fgets_
Module: j:\ow19/lib386/os2\clib3r.lib(strlen.c)
0002:00014d10  strlen_
Module: j:\ow19/lib386/os2\clib3r.lib(strcpy.c)
0002:00014d30  strcpy_
Module: j:\ow19/lib386/os2\clib3r.lib(nfree.c)
0002:00014d60  _nfree_
0002:00014d60  free_
0003:000091ec  ___MiniHeapFreeRover
Module: j:\ow19/lib386/os2\clib3r.lib(cstart)
0002:00014e68  _cstart_
Module: j:\ow19/lib386/os2\clib3r.lib(argcv.c)
0003:000091f0  __argc
0003:000091f4  __argv
0003:000091f8  ___argc
0003:000091fc  ___argv
Module: j:\ow19/lib386/os2\clib3r.lib(xmsgo32.c)
0002:00014ed0+ __exit_with_msg_
0002:00014f20  __fatal_runtime_error_
Module: j:\ow19/lib386/os2\clib3r.lib(maino32.c)
0003:00001c1c  ___FirstThreadData
0003:00001c20  ___GetThreadPtr
0003:00001c24  __AccessFileH
0003:00001c28  __ReleaseFileH
0003:00001c2c  __AccessIOB
0003:00001c30  __ReleaseIOB
0003:00001c34  __AccessNHeap
0003:00001c38  __AccessFHeap
0003:00001c3c  __ReleaseNHeap
0003:00001c40  __ReleaseFHeap
0002:00014f46  __threadstack_
0002:00014f4d  __threadid_
0002:00014f54  __OS2MainInit_
0002:00014fc3+ __OS2Init_
0002:00015001* __OS2Fini_
0002:00015009* __shutdown_stack_checking_
0002:0001501e  __exit_
0003:00001c44  __AccessTDList
0003:00001c48  __ReleaseTDList
0003:00001c4c  ___sig_init_rtn
0003:00001c50  ___sig_fini_rtn
0003:00001c54  __threadstksize
0003:00001c58  ___process_fini
0003:00009200  ___Is_DLL
0003:00009204+ ___saved_CS
Module: j:\ow19/lib386/os2\clib3r.lib(istable.c)
0002:00015070  __IsTable
Module: j:\ow19/lib386/os2\clib3r.lib(getenv.c)
0002:00015180  getenv_
Module: j:\ow19/lib386/os2\clib3r.lib(strncmp.c)
0002:00015210  strncmp_
Module: j:\ow19/lib386/os2\clib3r.lib(atol.c)
0002:00015240  atol_
Module: j:\ow19/lib386/os2\clib3r.lib(strchr.c)
0002:00015290  strchr_
Module: j:\ow19/lib386/os2\clib3r.lib(sprintf.c)
0002:000152b0  sprintf_
Module: j:\ow19/lib386/os2\clib3r.lib(clocko32.c)
0002:000152d1  clock_
Module: j:\ow19/lib386/os2\clib3r.lib(vsprintf.c)
0002:00015330  vsprintf_
Module: ..\..\..\txlib\_txall_\lib\txos2d.lib(H:\c\txlib\txutil.c)
0002:00015345* TxAreaEmpty_
0002:000153a0  TxAscii827_
0002:0001541e  TxCopy_
Module: j:\ow19/lib386/os2\clib3r.lib(printf.c)
0002:00015480  printf_
Module: j:\ow19/lib386/os2\clib3r.lib(iob.c)
0003:00001ce0  ___iob
0003:00001ee8  __fmode
0003:0000930c  ___OpenStreams
0003:00009310  ___ClosedStreams
Module: j:\ow19/lib386/os2\clib3r.lib(fflush.c)
0002:000154b0  fflush_
Module: j:\ow19/lib386/os2\clib3r.lib(fprintf.c)
0002:000154c0  fprintf_
Module: j:\ow19/lib386/os2\clib3r.lib(remove.c)
0002:000154f0  remove_
Module: ..\..\..\txlib\_txall_\lib\txos2d.lib(H:\c\txlib\txstrtxt.c)
0002:000156ae  txTextSearch_
0002:00015b8d  txFile2Text_
0002:00015e4f  txString2Text_
0002:00016383  txFreeText_
Module: j:\ow19/lib386/os2\clib3r.lib(strstr.c)
0002:00016560  strstr_
Module: ..\..\..\txlib\_txall_\lib\txos2d.lib(H:\c\txlib\txwstdlg.c)
0002:00019a06  txwInitStandardDialogs_
0002:00019b3f  txwTermStandardDialogs_
0002:00019c3b  txwMessageBoxWidgets_
0002:0001b1ea  txwPromptBox_
0002:0001bea7  txwListBox_
0002:0001c5d3  txwPositionListBox_
0002:0001cc6f* txwMenuBar_
0002:0001d724* txwViewText_
0002:0001db0f* txwOpenFileDialog_
0002:0001de74* txwSaveAsFileDialog_
0002:0001e1d9* txwSelDirFileDialog_
0002:0001e437+ txwStdFileDialog_
0002:0001f911+ txwDefFileDlgProc_
0003:00003a90  _txwstd_footer
0003:00003acc+ _txwfld_footer
Module: j:\ow19/lib386/os2\clib3r.lib(getchos2.c)
0002:000209d0  getch_
Module: j:\ow19/lib386/os2\clib3r.lib(strcspn.c)
0002:00020a90  strcspn_
Module: j:\ow19/lib386/os2\clib3r.lib(tolower.c)
0002:00020ae0  tolower_
Module: j:\ow19/lib386/os2\clib3r.lib(sscanf.c)
0002:00020b30+ vsscanf_
0002:00020b60  sscanf_
Module: ..\..\..\txlib\_txall_\lib\txos2d.lib(H:\c\txlib\txstrnum.c)
0002:00020bb4  txIsValidHex_
0002:00020c3c  txIsValidDec_
0002:00020cda* txHasMcsPrefix_
Module: j:\ow19/lib386/os2\clib3r.lib(strncpy.c)
0002:00020e40  strncpy_
Module: j:\ow19/lib386/os2\clib3r.lib(_istrcc_.asm)
0002:00020e78  strcasecmp_
Module: j:\ow19/lib386/os2\clib3r.lib(_istrncc.asm)
0002:00020e80  strncasecmp_
Module: j:\ow19/lib386/os2\clib3r.lib(strcat.c)
0002:00020e90  strcat_
Module: j:\ow19/lib386/os2\clib3r.lib(thunk)
0002:00020ed4  __TNK
0002:00020ec0  __TNC
Module: j:\ow19/lib386/os2\clib3r.lib(far16fun)
0002:00020f24  __Far16Func2
0002:00020f6d* __Far16Func
0002:00020fbb* __Far16Pascal2
0002:00021002* __Far16Pascal
0002:0002104e* __Far16Cdecl2
0002:0002109c* __Far16Cdecl
0002:000210ef  __FlatToFar16
0002:000210f8* __Far16ToFlat
Module: ..\..\..\txlib\_txall_\lib\txos2d.lib(H:\c\txlib\txwutil.c)
0002:00021f09  txwValidateHandle_
0002:00021fd3  txwValidateAndClip_
0002:000220b2  txwBeginEnumWindows_
0002:000221ec  txwEndEnumWindows_
0002:0002236e  txwGetNextWindow_
0002:000224dc+ txwIsChild_
0002:0002255c  txwIsDescendant_
0002:000225de  txwIsMinimized_
0002:00022759  txwResetAutoRadioGroup_
0002:00022a4e  txwIsAccelCandidate_
0002:00022c51  txwMsgDescription_
0002:00022fc1  txwKeyDescription_
0002:0002413b  txwClassDescription_
0002:00024331  txwWusDescription_
0002:0002439e  txwWbsDescription_
0002:00024582  txwDumpWindows_
0002:00024717  txwTopWindowAtPos_
0002:000248bc  txwSetCapture_
0002:000249cf  txwQueryCapture_
0002:00024abe  txwInRectangle_
0002:00024b32  txwIntersectRect_
0002:00024c4b+ txwOverlappingRect_
0002:00024cdb* txwUniteRect_
0002:00024dbc  txwExclusionRectangles_
0002:000251a2  txwNormalRect_
0002:000252c6  txwMoveSizeRect_
0002:00025352  txwCalculateStringClip_
0002:00025494  txwVisibleLineRegions_
0002:000255d0  txwAdd2History_
0002:00025745* txwInitializeHistory_
0002:0002598f* txwTerminateHistory_
0002:00025b4f  TxSelistHistory_
0002:000260ad  txwGetHistory_
0002:000262fe+ txwPutHistory_
0002:00026529  txwDelCurrentHistory_
0002:0002670c  txwFindHistory_
0002:00026918  txwRfndHistory_
0002:00026b30+ txwSortHistory_
0002:00026d19* txwDlgUs2Field_
0002:00026d8c* txwDlgUl2Field_
0002:00026dfe* txwDlgField2Us_
0002:00026e67* txwDlgField2Ul_
0002:00026ed0* txwSbColorStyle_
0002:00026fef  txwListSort2frhText_
Module: j:\ow19/lib386/os2\clib3r.lib(memcpy.c)
0002:000273d0  memcpy_
Module: ..\..\..\txlib\_txall_\lib\txos2d.lib(H:\c\txlib\txcrite.c)
0002:00027405  TxFsSetCritErrHandler_
Module: j:\ow19/lib386/os2\clib3r.lib(_strcmp)
0002:000274f0  strcmp_
Module: ..\..\..\txlib\_txall_\lib\txos2d.lib(H:\c\txlib\txfnext.c)
0002:00027630  TxFnameExtension_
0002:000276a4  TxStripExtension_
Module: ..\..\..\txlib\_txall_\lib\txos2d.lib(H:\c\txlib\txfexist.c)
0002:00027780* TxCreateEmptyFile_
0002:0002793b+ TxFileOpenRead_
0002:00027b2e  TxFileExists_
Module: j:\ow19/lib386/os2\clib3r.lib(memset.c)
0002:00027b90  memset_
Module: j:\ow19/lib386/os2\clib3r.lib(comtflag.c)
0002:00027bb0* __set_commode_
0003:00003b04  __commode
Module: j:\ow19/lib386/os2\clib3r.lib(seterrno.c)
0002:00027bbb  __set_errno_
0002:00027bc9* __set_EDOM_
0002:00027bd7  __set_ERANGE_
0002:00027be5* __set_EINVAL_
0002:00027bf8  __set_doserrno_
Module: j:\ow19/lib386/os2\clib3r.lib(openos2.c)
0002:00027dd0* open_
0002:00027df0  sopen_
Module: j:\ow19/lib386/os2\clib3r.lib(chktty.c)
0002:00027e20  __chktty_
Module: j:\ow19/lib386/os2\clib3r.lib(freefp.c)
0002:00027e60  __freefp_
0002:00027eb0  __purgefp_
Module: j:\ow19/lib386/os2\clib3r.lib(allocfp.c)
0002:00027ee0  __allocfp_
Module: ..\..\..\txlib\_txall_\lib\txos2d.lib(H:\c\txlib\txextcmd.c)
0002:000280c6  TxExternalCommand_
0002:00028305+ txcExecStdOutPipe_
Module: ..\..\..\txlib\_txall_\lib\txos2d.lib(H:\c\txlib\txwdraw.c)
0003:00004b00  _txwcs
0003:00004b04+ _txwcschemes
0002:00028e4d* txwSetLinesCustom_
0002:00028fb2  txwColorScheme_
0002:000292d7* TxSelistColorSchemes_
0002:00029550  txwSaveWindowContent_
0002:00029836  txwRestoreWindowContent_
0002:00029bd3  txwPaintBorder_
0002:0002b346  txwPaintShadow_
0002:0002b430  txwPaintWindow_
0002:0002d1ec  txwPaintWinStatus_
Module: ..\..\..\txlib\_txall_\lib\txos2d.lib(H:\c\txlib\txwikey.c)
0002:0002dc56  txwIkeyTextview_
0002:0002e29d  txwIkeyEntryfield_
0002:0002f093  txwIkeyButton_
0002:0002f403  txwIkeyListBox_
Module: ..\..\..\txlib\_txall_\lib\txos2d.lib(H:\c\txlib\txwsbuf.c)
0002:0003168f* txwSbViewFindRequest_
0002:00031803* txwInitPrintfSBHook_
0002:00031ba4* txwTermPrintfSBHook_
0002:000328b9  txwPaintSbView_
0002:00032ba1* txwSavePrintfSB_
0002:00032dc6  txwSbViewWinProc_
Module: ..\..\..\txlib\_txall_\lib\txos2d.lib(H:\c\txlib\txwhelp.c)
0002:00038bc8  txwHelpDialog_
0002:0003a5bb* txwSetLoadedHelpBaseId_
0002:0003a6d0* txwLoadRegisterHelpFile_
0002:0003a907  txwRegisterHelpText_
0002:0003aa0f* txwGetHelpText_
0002:0003ab7f* txwTerminateHelpManager_
Module: ..\..\..\txlib\_txall_\lib\txos2d.lib(H:\c\txlib\txselist.c)
0002:0003cd1d  TxSelGetMaxLength_
0002:0003cf37  TxSelScrollUp_
0002:0003d0c5  TxSelScrollDown_
0002:0003d26d  TxSelSetPosition_
0002:0003d43a  TxSelSetSelected_
0002:0003d607* TxSelItterateSelected_
0002:0003d824  TxSelCharSelect_
0002:0003d9f9* TxSelStringSelect_
0002:0003dc36  TxSelSortString_
0002:0003ea48  TxSelSortUserData_
0002:0003ef67  TxSelReverseOrder_
0002:0003f155  TxSelSortCurrent_
0002:0003f2d4  TxSelGetCharSelect_
0002:0003f5b9* TxSetMenuItemFlag_
0002:0003f7e5+ TxSetListItemFlag_
0002:0003f9b4+ TxSelSetItemInfo_
0002:0003fae7  TxSelCreate_
0002:0003fe1a  txSelDestroy_
0002:000402dc+ txSelItemDestroy_
0002:000405db* TxSelDeleteCurrent_
0002:00040757* TxSelistFromTxt_
0002:00040993* TxSelistDuplicate_
0002:00040c5c  TxSelEmptyList_
Module: j:\ow19/lib386/os2\clib3r.lib(register.c)
0002:00040e50  __initthread_
0002:00040e60  _beginthread_
0002:00040e70  _endthread_
0002:00040e80* __RegisterThreadData_
Module: j:\ow19/lib386/os2\clib3r.lib(__lseek.c)
0002:00040ed0  __lseek_
Module: j:\ow19/lib386/os2\clib3r.lib(_clseos2.c)
0002:00040f00  __close_
Module: j:\ow19/lib386/os2\clib3r.lib(flush.c)
0002:00040f40  __flush_
Module: ..\..\..\txlib\_txall_\lib\txos2d.lib(H:\c\txlib\txwehook.c)
0002:000410d5* txwAttachEventHook_
0002:00041255* txwDetachEventHook_
0002:000413d8* txwQueryEventHook_
0002:000414dc  txwSignalEventHook_
Module: j:\ow19/lib386/os2\clib3r.lib(nmalloc.c)
0002:00041620  _nmalloc_
0002:00041620  malloc_
0003:00005e28  ___nheapbeg
0003:00005e2c  ___MiniHeapRover
0003:00005e30  ___LargestSizeB4MiniHeapRover
Module: j:\ow19/lib386/os2\clib3r.lib(lseek.c)
0002:00041720  lseek_
Module: j:\ow19/lib386/os2\clib3r.lib(tell.c)
0002:00041750  tell_
Module: j:\ow19/lib386/os2\clib3r.lib(fgetc.c)
0002:00041770+ __fill_buffer_
0002:00041870  fgetc_
Module: j:\ow19/lib386/os2\clib3r.lib(mem.c)
0002:00041930  __MemAllocator
0002:000419e0  __MemFree
Module: j:\ow19/lib386/os2\clib3r.lib(main2o32.c)
0002:00041b20  __OS2Main
Module: j:\ow19/lib386/os2\clib3r.lib(segdefns)
0002:00000003  ___begtext
0003:00000000* __nullarea
0003:000072a8  __Start_XI
0003:000072f0  __End_XI
0003:000072f0  __Start_YI
0003:00007314  __End_YI
Module: j:\ow19/lib386/os2\clib3r.lib(initargv.c)
0002:00041b90  __Init_Argv_
0002:00041be0+ _getargv_
0002:00041d80  __Fini_Argv_
Module: j:\ow19/lib386/os2\clib3r.lib(enterdb.c)
0002:00041d90  __EnterWVIDEO_
0003:00005e34+ ___WD_Present
Module: j:\ow19/lib386/os2\clib3r.lib(crwdata)
0003:00005e7c  __osmajor
0003:00005e7d  __osminor
0003:00005e48* __LpDllName
0003:00005e4c* __LpwCmdLine
0003:00005e50* __LpwPgmName
0003:00005e54* __LpwDllName
0003:00005e40  __LpCmdLine
0003:00005e44  __LpPgmName
0003:00005e38* __dynend
0003:00005e3c  __curbrk
0003:00005e58* __STACKLOW
0003:00005e5c* __STACKTOP
0003:00005e60  __ASTACKSIZ
0003:00005e64  __ASTACKPTR
0003:00005e68  __cbyte
0003:00005e6c  __cbyte2
0003:00005e70* __child
0003:00005e76  __Envptr
0003:00005e7a* __Envseg
0003:00005e74  __no87
0003:00005e7e* ___FPE_handler
Module: j:\ow19/lib386/os2\clib3r.lib(cinit.c)
0002:00041dc0  __CommonInit_
0003:00009368  ___hmodule
Module: j:\ow19/lib386/os2\clib3r.lib(initrtns.c)
0002:00041de0  __InitRtns
0002:00041e30  __FiniRtns
Module: j:\ow19/lib386/os2\clib3r.lib(environ.c)
0003:0000936c  ___env_mask
0003:00009370  _environ
0003:00009374* __wenviron
Module: j:\ow19/lib386/os2\clib3r.lib(mbterm.c)
0002:00041e90  _mbterm_
Module: j:\ow19/lib386/os2\clib3r.lib(mbsnextc.c)
0002:00041ed0  _mbsnextc_
Module: j:\ow19/lib386/os2\clib3r.lib(mbcupper.c)
0002:00041f10  _mbctoupper_
Module: j:\ow19/lib386/os2\clib3r.lib(mbsinc.c)
0002:00041f30  _mbsinc_
Module: j:\ow19/lib386/os2\clib3r.lib(prtf.c)
0002:00041f60  __prtf_
Module: j:\ow19/lib386/os2\clib3r.lib(fprtf.c)
0002:00042c50  __fprtf_
Module: j:\ow19/lib386/os2\clib3r.lib(initfile.c)
0002:00042d40  __InitFiles_
Module: j:\ow19/lib386/os2\clib3r.lib(ioexit.c)
0002:00042e40* fcloseall_
0002:00042e50  __full_io_exit_
Module: j:\ow19/lib386/os2\clib3r.lib(flushall.c)
0002:00042e60  __flushall_
0002:00042ea0  flushall_
Module: j:\ow19/lib386/os2\clib3r.lib(unlnkos2.c)
0002:00042eb0  unlink_
Module: ..\..\..\txlib\_txall_\lib\txos2d.lib(H:\c\txlib\txstring.c)
0002:00042eca  TxRepl_
0002:00042f28* TxRepStr_
0002:00042fe2  TxStrip_
0002:00043087  TxPClip_
0002:000430ee  TxStrToUpper_
0002:00043143  TxStrToLower_
Module: ..\..\..\txlib\_txall_\lib\txos2d.lib(H:\c\txlib\txwidget.c)
0002:00043a69  txwInitGenericWidgets_
0002:00043b6e  txwTermGenericWidgets_
0002:00043c47  txwWidgetSize_
0002:00043e20  txwCreateWidgets_
0002:0004425d* txwWidgetDialog_
Module: ..\..\..\txlib\_txall_\lib\txos2d.lib(H:\c\txlib\txafail.c)
0002:000447a5  TxFsAutoFailCriticalErrors_
0003:00006490+ _TxAutoFail
Module: ..\..\..\txlib\_txall_\lib\txos2d.lib(H:\c\txlib\txfname.c)
0002:00044939  TxGetBaseName_
0002:000449a8  TxStripBaseName_
Module: ..\..\..\txlib\_txall_\lib\txos2d.lib(H:\c\txlib\txfsys.c)
0002:00044eb1  TxFsVolumes_
0002:000451a5+ TxFsVolumeLabel_
0002:00045316* TxFsDrivemap_
0002:0004545c+ TxFsShow_
0002:00045847  TxFsDriveSelist_
0002:0004616c+ TxFsType_
0002:0004652e* TxFsEjectRemovable_
0002:000466c9+ TxFsIsRemovable_
0002:00046975+ TxFsSpace_
Module: ..\..\..\txlib\_txall_\lib\txos2d.lib(H:\c\txlib\txwildc.c)
0002:00046ba4  TxStrWcnt_
0002:00046c0a+ TxStrWcmp_
0002:00046d89  TxStrWicmp_
Module: ..\..\..\txlib\_txall_\lib\txos2d.lib(H:\c\txlib\txtname.c)
0002:00046eb1  TxTrueNameDir_
Module: ..\..\..\txlib\_txall_\lib\txos2d.lib(H:\c\txlib\txtree.c)
0002:00047919  TxFileDirSelist_
0002:00048090  txWildcard2Filter_
0002:00048346  txFreeFilter_
0002:00048549+ TxFindFirstFile_
0002:0004888b+ TxFindNextFile_
0002:00048b5a+ TxFindClose_
0002:00048cb9* txFileTreeOneFile_
0002:00048e93* txFileTreeNoPath_
0002:00048feb+ TxFileTree_
Module: ..\..\..\txlib\_txall_\lib\txos2d.lib(H:\c\txlib\txmpath.c)
0002:0004a632  TxMakePath_
0002:0004a815* TxMake8dot3_
Module: j:\ow19/lib386/os2\clib3r.lib(setbits.c)
0002:0004ac20  __setbits_
Module: j:\ow19/lib386/os2\clib3r.lib(bits.c)
0002:0004ac60  __Bits
Module: j:\ow19/lib386/os2\clib3r.lib(scnf.c)
0002:0004b7d0  __scnf_
Module: j:\ow19/lib386/os2\clib3r.lib(stricmp.c)
0002:0004ba40  stricmp_
Module: j:\ow19/lib386/os2\clib3r.lib(strnicmp.c)
0002:0004ba80  strnicmp_
Module: j:\ow19/lib386/os2\clib3r.lib(itsto32.c)
0002:0004bad0  __init_threadstksize_
Module: j:\ow19/lib386/os2\clib3r.lib(localtim.c)
0002:0004bae0+ _localtime_
0002:0004bb40  localtime_
Module: j:\ow19/lib386/os2\clib3r.lib(strftime.c)
0002:0004bdbd  strftime_
Module: j:\ow19/lib386/os2\clib3r.lib(time.c)
0002:0004c300  time_
Module: j:\ow19/lib386/os2\clib3r.lib(qsort.c)
0002:0004c390  qsort_
Module: j:\ow19/lib386/os2\clib3r.lib(strrchr.c)
0002:0004ca40  strrchr_
Module: ..\..\..\txlib\_txall_\lib\txos2d.lib(H:\c\txlib\txosapi.c)
0002:0004cb13  TxLargeFileApiOS2_
Module: j:\ow19/lib386/os2\clib3r.lib(__stos)
0002:0004cdf0  __STOSB
0002:0004ce27* __STOSD
Module: j:\ow19/lib386/os2\clib3r.lib(umaskval.c)
0003:000066f0  ___umaskval
Module: j:\ow19/lib386/os2\clib3r.lib(os2fil64.c)
0003:000066f4  ___os2_DosOpenL
0003:000066f8+ ___os2_DosSetFilePtrL
0003:000066fc+ ___os2_DosSetFileSizeL
0003:00006700+ ___os2_DosSetFileLocksL
Module: j:\ow19/lib386/os2\clib3r.lib(iomode.c)
0002:0004cf90  __GetIOMode_
0002:0004cfb0  __SetIOMode_nogrow_
0003:00006704  ___NFiles
0003:00006708  ___init_mode
0003:00006758  ___io_mode
Module: j:\ow19/lib386/os2\clib3r.lib(isattos2.c)
0002:0004cfd0  isatty_
Module: j:\ow19/lib386/os2\clib3r.lib(stiomode.c)
0002:0004d000  __grow_iomode_
0002:0004d0d0+ __shrink_iomode_
0002:0004d150  __SetIOMode_
Module: j:\ow19/lib386/os2\clib3r.lib(dosret.c)
0002:0004d1c0* _dosretax_
0002:0004d1d0* _dosret0_
0002:0004d1e0  __set_errno_dos_
0002:0004d210* __set_errno_dos_reterr_
Module: j:\ow19/lib386/os2\clib3r.lib(system.c)
0002:0004d250  system_
Module: j:\ow19/lib386/os2\clib3r.lib(toupper.c)
0002:0004d2d0  toupper_
Module: ..\..\..\txlib\_txall_\lib\txos2d.lib(H:\c\txlib\txwhexed.c)
0002:0004f7f6+ txwInitHexeditDialogs_
0002:0004f8fb* txwHexEditor_
0002:0005021b  txwPaintHexEdit_
0002:00052054+ txwHexEditWinProc_
Module: j:\ow19/lib386/os2\clib3r.lib(memmove.c)
0002:000540f0  memmove_
Module: ..\..\..\txlib\_txall_\lib\txos2d.lib(H:\c\txlib\txcon2.c)
0002:000541ac  TxPrintHook_
Module: j:\ow19/lib386/os2\clib3r.lib(atoi.c)
0002:00054490  atoi_
Module: j:\ow19/lib386/os2\clib3r.lib(nrealloc.c)
0002:000544e0* _nrealloc_
0002:000544e0  realloc_
Module: j:\ow19/lib386/os2\clib3r.lib(thredo32.c)
0002:00054600  __CBeginThread_
0002:000546a0  __CEndThread_
Module: j:\ow19/lib386/os2\clib3r.lib(fsync.c)
0002:000546c0  fsync_
Module: j:\ow19/lib386/os2\clib3r.lib(qwrit.c)
0002:000546f0  __qwrite_
Module: j:\ow19/lib386/os2\clib3r.lib(nmemneed.c)
0002:00054790  __nmemneed_
Module: j:\ow19/lib386/os2\clib3r.lib(grownear.c)
0002:00054900  __ExpandDGROUP_
Module: j:\ow19/lib386/os2\clib3r.lib(gtcheos2.c)
0002:00054920  getche_
Module: j:\ow19/lib386/os2\clib3r.lib(ioalloc.c)
0002:00054950  __ioalloc_
Module: j:\ow19/lib386/os2\clib3r.lib(qread.c)
0002:000549f0  __qread_
Module: j:\ow19/lib386/os2\clib3r.lib(mthrdini.c)
0002:00054a20  __InitThreadData_
0003:00006c34  ___ThreadDataSize
Module: j:\ow19/lib386/os2\clib3r.lib(cmain386.c)
0002:00054a40  __CMain
Module: j:\ow19/lib386/os2\clib3r.lib(dosseg)
0000:00001234  __DOSseg__
Module: j:\ow19/lib386/os2\clib3r.lib(histsplt.c)
0003:0000937c  ___historical_splitparms
Module: j:\ow19/lib386/os2\clib3r.lib(___argc.c)
0003:00009380  ____Argc
0003:00009384  ____Argv
Module: j:\ow19/lib386/os2\clib3r.lib(amblksiz.c)
0003:00006c38  __amblksiz
Module: j:\ow19/lib386/os2\clib3r.lib(setenvp.c)
0002:00054a80  __setenvp_
0002:00054b40  __freeenvp_
Module: j:\ow19/lib386/os2\clib3r.lib(mbisdbcs.c)
0003:0000938c  ___IsDBCS
Module: j:\ow19/lib386/os2\clib3r.lib(mbislead.c)
0002:00054b90* _ismbblead_
0003:00009390  ___MBCSIsTable
Module: j:\ow19/lib386/os2\clib3r.lib(mbinit.c)
0002:00054be1  __mbinit_
0003:00006c3c  ___MBCodePage
Module: j:\ow19/lib386/os2\clib3r.lib(mbdtoupp.c)
0002:00054ce0  _mbdtoupper_
Module: j:\ow19/lib386/os2\clib3r.lib(wctomb.c)
0002:00054d00  wctomb_
Module: j:\ow19/lib386/os2\clib3r.lib(itoa.c)
0002:00054d30+ utoa_
0002:00054d80  itoa_
Module: j:\ow19/lib386/os2\clib3r.lib(strupr.c)
0002:00054db0  strupr_
Module: j:\ow19/lib386/os2\clib3r.lib(noefgfmt.c)
0003:00006c40  ___EFG_printf
0003:00006c44  ___EFG_scanf
Module: j:\ow19/lib386/os2\clib3r.lib(lltoa.c)
0002:00054e20  ulltoa_
0002:00054e90* lltoa_
Module: j:\ow19/lib386/os2\clib3r.lib(ltoa.c)
0002:00054ec0  ultoa_
0002:00054f10* ltoa_
Module: j:\ow19/lib386/os2\clib3r.lib(fputc.c)
0002:00054f40  fputc_
Module: j:\ow19/lib386/os2\clib3r.lib(gtcwdos2.c)
0002:00055020  getcwd_
Module: j:\ow19/lib386/os2\clib3r.lib(fltused.c)
0003:00006c48  _fltused_
Module: j:\ow19/lib386/os2\emu387.lib(386)
0002:000550e0  __init_387_emulator
0002:000550e1* __fini_387_emulator
Module: j:\ow19/lib386/os2\clib3r.lib(_8087)
0003:00006c4c  __8087
0003:00006c4d  __real87
Module: j:\ow19/lib386/os2\clib3r.lib(gmtime.c)
0002:00055130  __brktime_
0002:00055230+ _gmtime_
0002:00055250  gmtime_
Module: ..\..\..\txlib\_txall_\lib\txos2d.lib(H:\c\txlib\txfsattr.c)
0002:0005526d  txFileAttr2String_
0002:000552ee* txWinFileTime2t_
0002:00055394* txCt2WinFileTime_
0002:0005540d  txOS2FileTime2t_
0002:00055587* txCt2OS2FileTime_
Module: j:\ow19/lib386/os2\clib3r.lib(mbtowc.c)
0002:00055670  mbtowc_
Module: j:\ow19/lib386/os2\clib3r.lib(fdfs386)
0002:0005572c  __FDFS
Module: j:\ow19/lib386/os2\clib3r.lib(i8m)
0002:00055778* __I8M
0002:00055778  __U8M
Module: j:\ow19/lib386/os2\clib3r.lib(tzset.c)
0003:00006c50  ___start_dst
0003:00006c74  ___end_dst
0003:00006d9c  _tzname
0003:00006da4  _timezone
0003:00006da8  _daylight
0003:00006dac  ___dst_adjust
0002:000557f0* __DontCacheOSTZ_
0002:00055800* __CacheOSTZ_
0002:00055ce0+ __parse_tz_
0002:00055f10  tzset_
Module: j:\ow19/lib386/os2\clib3r.lib(timeutil.c)
0002:00056080  __isindst_
Module: j:\ow19/lib386/os2\clib3r.lib(leapyear.c)
0002:000563b0  __leapyear_
0003:0000005c  ___diyr
0003:00000076  ___dilyr
Module: j:\ow19/lib386/os2\clib3r.lib(gtctmos2.c)
0002:000563f0  __getctime_
Module: j:\ow19/lib386/os2\clib3r.lib(mktime.c)
0002:00056460  mktime_
Module: j:\ow19/lib386/os2\clib3r.lib(hdlman.c)
0002:000564f0* __set_handles_
0002:00056500* _grow_handles_
0003:00006db4  ___NHandles
Module: j:\ow19/lib386/os2\clib3r.lib(iomodtty.c)
0002:00056560  __ChkTTYIOMode_
0002:000565a0* __IOMode_
Module: j:\ow19/lib386/os2\clib3r.lib(_slashc.c)
0002:000565c0  __Slash_C_
Module: j:\ow19/lib386/os2\clib3r.lib(splp.c)
0002:000565d0  spawnlp_
Module: j:\ow19/lib386/os2\clib3r.lib(nheapchk.c)
0002:00056710* _nheapchk_
0002:00056710  _heapchk_
0003:00009494+ ___nheapchk_current
Module: ..\..\..\txlib\_txall_\lib\txos2d.lib(H:\c\txlib\txcrc32.c)
0002:00056799  TxCrc32_
0002:00056822* TxHpfsCheckSum_
Module: ..\..\..\txlib\_txall_\lib\txos2d.lib(H:\c\txlib\txcon3.c)
0002:000568be  TxPrompt_
Module: j:\ow19/lib386/os2\clib3r.lib(nmsize.c)
0002:00056ac0  _nmsize_
0002:00056ac0* _msize_
Module: j:\ow19/lib386/os2\clib3r.lib(nexpand.c)
0002:00056ad0  _nexpand_
0002:00056ad0* _expand_
0002:00056b10+ __HeapManager_expand_
Module: j:\ow19/lib386/os2\clib3r.lib(mthread.c)
0002:00056d10+ __CloseSemaphore_
0002:00056d80+ __AccessIOB_
0002:00056d90+ __ReleaseIOB_
0002:00056da0+ __AccessFileH_
0002:00056db0+ __ReleaseFileH_
0002:00056dc0+ __AccessNHeap_
0002:00056dd0+ __ReleaseNHeap_
0002:00056de0+ __AccessFHeap_
0002:00056df0+ __ReleaseFHeap_
0002:00056e00+ __AccessTDList_
0002:00056e10+ __AccessSemaphore_
0002:00056e70+ __ReleaseTDList_
0002:00056e80+ __ReleaseSemaphore_
0002:00056eb0+ __MultipleThread_
0002:00056ef0  __AllocInitThreadData_
0002:00056f40* __FreeInitThreadData_
0002:00056f50  __OS2AddThread_
0002:00056fc0  __OS2RemoveThread_
0002:00057010  __InitMultipleThread_
0003:000071d8+ ___AccessSema4
0003:000071dc+ ___ReleaseSema4
0003:000071e0+ ___CloseSema4
Module: j:\ow19/lib386/os2\clib3r.lib(chk8087.c)
0002:000571a0  _fpreset_
0002:000571c0* __init_8087_
0002:000571d0  __chk8087_
Module: j:\ow19/lib386/os2\clib3r.lib(trdalloc.c)
0002:00057220  __InitThreadProcessing_
0002:00057240  __FiniThreadProcessing_
0003:000095e8  ___ThreadData
Module: j:\ow19/lib386/os2\clib3r.lib(heapen.c)
0002:000572a0* _heapenable_
0003:000071e4  ___heap_enabled
Module: j:\ow19/lib386/os2\clib3r.lib(nheapmin.c)
0002:000572d0  _nheapshrink_
0002:000572d0* _nheapmin_
0002:000572d0* _heapmin_
0002:000572d0  _heapshrink_
Module: j:\ow19/lib386/os2\clib3r.lib(putchos2.c)
0002:000573c0  putch_
Module: j:\ow19/lib386/os2\clib3r.lib(exit.c)
0002:00057410+ __null_int23_exit_
0002:00057411  exit_
0002:00057461* _exit_
0003:000071e8  ___int23_exit
0003:000071ec+ ___FPE_handler_exit
Module: j:\ow19/lib386/os2\clib3r.lib(clearenv.c)
0002:00057480  clearenv_
Module: j:\ow19/lib386/os2\clib3r.lib(alphabet.c)
0003:00000090  ___Alphabet
Module: j:\ow19/lib386/os2\clib3r.lib(setefg.c)
0002:00057510  __setEFGfmt_
Module: j:\ow19/lib386\math387r.lib(fchop87)
0002:00057528  __CHP
Module: j:\ow19/lib386/os2\clib3r.lib(i8s)
0002:00057540* __U8RS
0002:0005755a  __I8RS
0002:00057575* __I8LS
0002:00057575* __U8LS
Module: j:\ow19/lib386/os2\clib3r.lib(locmktim.c)
0002:00057590  __local_mktime_
Module: j:\ow19/lib386/os2\clib3r.lib(spvp.c)
0002:000576d0  spawnvp_
Module: j:\ow19/lib386/os2\clib3r.lib(nheapwal.c)
0002:000576e0* _nheapwalk_
0002:000576e0* _heapwalk_
0002:00057710  __NHeapWalk_
Module: j:\ow19/lib386/os2\clib3r.lib(maxthrds.c)
0003:000071f0  ___MaxThreads
Module: j:\ow19/lib386/os2\clib3r.lib(trdlist.c)
0002:00057810  __GetThreadData_
0002:00057920  __ReallocThreadData_
0002:00057a90  __AddThreadData_
0002:00057b10  __RemoveThreadData_
0002:00057b70* __ResizeThreadDataList_
0002:00057bc0  __FreeThreadDataList_
0002:00057bf0* __ActiveThreads_
Module: j:\ow19/lib386/os2\clib3r.lib(8087cw.c)
0003:000071f4  __8087cw
Module: j:\ow19/lib386/os2\clib3r.lib(init8087)
0002:00057c10  __x87id
Module: j:\ow19/lib386/os2\clib3r.lib(thrdmax.c)
0002:00057c50  __GETMAXTHREADS
Module: j:\ow19/lib386\math387r.lib(efgfmt.c)
0002:00057c56  _EFG_Format_
Module: j:\ow19/lib386\math387r.lib(cnvs2d.c)
0002:00057dc0  __cnvs2d_
Module: j:\ow19/lib386/os2\clib3r.lib(spvpe.c)
0002:00057dd3  spawnvpe_
Module: j:\ow19/lib386/os2\clib3r.lib(rtcntrl.c)
0002:00057f30* _SetLD64bit_
0002:00057f40* _SetLD80bit_
0002:00057f50  _LDisDouble_
Module: j:\ow19/lib386\math387r.lib(ldcvt.c)
0002:0005803f  _LDScale10x_
0002:000585e6  __LDcvt_
Module: j:\ow19/lib386\math387r.lib(strtod.c)
0002:00058f47+ __Strtold_
0002:000590ae  strtod_
Module: j:\ow19/lib386/os2\clib3r.lib(spve.c)
0002:00059250  spawnve_
Module: j:\ow19/lib386\math387r.lib(ldclass.c)
0002:000595d1  __LDClass_
0002:00059621* _FLClass_
Module: j:\ow19/lib386\math387r.lib(bufld386)
0002:00059630  __ZBuf2LD
Module: j:\ow19/lib386\math387r.lib(inf_nan.c)
0002:000596d3* ___f_infinity
0002:000596d7* ___f_posqnan
0002:000596db  ___d_infinity
0002:000596e3  ___d_posqnan
0002:000596eb* ___ld_infinity
0002:000596f3* ___ld_posqnan
Module: j:\ow19/lib386/os2\clib3r.lib(hugeval.c)
0002:00059700  __HugeValue
Module: j:\ow19/lib386/os2\clib3r.lib(accssos2.c)
0002:00059710  access_
Module: j:\ow19/lib386/os2\clib3r.lib(cenvarg.c)
0002:00059771  __cenvarg_
0002:00059885  __ccmdline_
Module: j:\ow19/lib386/os2\clib3r.lib(exveos2.c)
0002:000598c1  execve_
0003:000072a4* ___p_overlay
Module: j:\ow19/lib386/os2\clib3r.lib(stack386.c)
0002:00059900  stackavail_
Module: j:\ow19/lib386/os2\clib3r.lib(split2.c)
0002:00059970  _splitpath2_
Module: j:\ow19/lib386/os2\clib3r.lib(makepath.c)
0002:00059ae0  _makepath_
Module: j:\ow19/lib386/os2\clib3r.lib(spl.c)
0002:00059c90  spawnl_
Module: j:\ow19/lib386/os2\clib3r.lib(dospnos2.c)
0002:00059d70  _dospawn_
Module: j:\ow19/lib386/os2\clib3r.lib(mbsnccnt.c)
0002:0005a030  _mbsnccnt_
Module: j:\ow19/lib386/os2\clib3r.lib(mbsncpy.c)
0002:0005a060  _mbsncpy_
Module: j:\ow19/lib386/os2\clib3r.lib(mbsnbcnt.c)
0002:0005a080  _mbsnbcnt_
Module: j:\ow19/lib386/os2\clib3r.lib(mbconv.c)
0002:0005a0f0  _mbvtop_
Module: j:\ow19/lib386/os2\clib3r.lib(mbclen.c)
0002:0005a110  _mbclen_
Module: j:\ow19/lib386/os2\clib3r.lib(mbsdec.c)
0002:0005a140  _mbsdec_
Module: j:\ow19/lib386/os2\clib3r.lib(mbsnbcpy.c)
0002:0005a1c0  _mbsnbcpy_


                        +----------------------+
                        |   Imported Symbols   |
                        +----------------------+

Symbol                              Module
======                              ======

DosSleep                            DOSCALLS
VIO16GETMODE                        VIOCALLS
VIO16GETCURPOS                      VIOCALLS
VIO16SETCURPOS                      VIOCALLS
VIO16GETCURTYPE                     VIOCALLS
VIO16SETCURTYPE                     VIOCALLS
VIO16SETSTATE                       VIOCALLS
VIO16WRTCHARSTR                     VIOCALLS
VIO16WRTCHARSTRATT                  VIOCALLS
VIO16WRTCELLSTR                     VIOCALLS
VIO16READCELLSTR                    VIOCALLS
VIO16WRTNCELL                       VIOCALLS
VIO16SCROLLUP                       VIOCALLS
VIO16SCROLLDN                       VIOCALLS
DosGetInfoBlocks                    DOSCALLS
DosQueryCtryInfo                    NLS
DosRequestMutexSem                  DOSCALLS
DosReleaseMutexSem                  DOSCALLS
DosPostEventSem                     DOSCALLS
DosDevIOCtl                         DOSCALLS
DosResetEventSem                    DOSCALLS
DosWaitEventSem                     DOSCALLS
MOU16READEVENTQUE                   MOUCALLS
DosCreateMutexSem                   DOSCALLS
DosCreateEventSem                   DOSCALLS
DosOpen                             DOSCALLS
MOU16OPEN                           MOUCALLS
MOU16SETPTRPOS                      MOUCALLS
MOU16SETEVENTMASK                   MOUCALLS
MOU16SETDEVSTATUS                   MOUCALLS
MOU16FLUSHQUE                       MOUCALLS
DosClose                            DOSCALLS
MOU16CLOSE                          MOUCALLS
DosCloseMutexSem                    DOSCALLS
DosCloseEventSem                    DOSCALLS
DosWrite                            DOSCALLS
DosQuerySysInfo                     DOSCALLS
DosExit                             DOSCALLS
KBD16CHARIN                         KBDCALLS
DosFlatToSel                        DOSCALLS
DosSelToFlat                        DOSCALLS
DosCreatePipe                       DOSCALLS
DosDupHandle                        DOSCALLS
DosWaitThread                       DOSCALLS
DosRead                             DOSCALLS
DosSetFilePtr                       DOSCALLS
DosDelete                           DOSCALLS
DosError                            DOSCALLS
DosQueryCurrentDisk                 DOSCALLS
DosQueryFSInfo                      DOSCALLS
DosQueryFSAttach                    DOSCALLS
DosQueryPathInfo                    DOSCALLS
DosFindFirst                        DOSCALLS
DosFindNext                         DOSCALLS
DosFindClose                        DOSCALLS
DosSetPathInfo                      DOSCALLS
DosCreateDir                        DOSCALLS
DosLoadModule                       DOSCALLS
DosQueryProcAddr                    DOSCALLS
DosQueryModuleHandle                DOSCALLS
DosQueryHType                       DOSCALLS
DosSetRelMaxFH                      DOSCALLS
DosCreateThread                     DOSCALLS
DosResetBuffer                      DOSCALLS
DosAllocMem                         DOSCALLS
DosQueryDBCSEnv                     NLS
DosQueryCp                          DOSCALLS
DosQueryCurrentDir                  DOSCALLS
DosGetDateTime                      DOSCALLS
DosDevConfig                        DOSCALLS
DosFreeMem                          DOSCALLS
VIO16WRTTTY                         VIOCALLS
DosQueryAppType                     DOSCALLS
DosExecPgm                          DOSCALLS
DosStartSession                     SESMGR
DosCreateQueue                      QUECALLS
DosReadQueue                        QUECALLS
DosCloseQueue                       QUECALLS


                        +--------------------+
                        |   Libraries Used   |
                        +--------------------+

..\..\..\txlib\_txall_\lib\txos2d.lib
j:\ow19/lib386/os2\clib3r.lib
j:\ow19/lib386\math387r.lib
j:\ow19/lib386/os2\emu387.lib
j:\toolkit\lib\os2386.lib


                        +-----------------------+
                        |   Linker Statistics   |
                        +-----------------------+

Stack size:  00020000 (131072.)
Memory size:  00083878 (538744.)
Entry point address: 0002:00014e68
Link time: 00:00.39
